 xinput

 Timestamp is 5a29de23 (Fri Dec  8 09:34:43 2017)

 Preferred load address is 0000000180000000

 Start         Length     Name                   Class
 0001:00000000 000beb40H .text$mn                CODE
 0001:000beb40 00001110H .text$mn$00             CODE
 0001:000bfc50 00002039H .text$x                 CODE
 0002:00000000 00000110H .CRT$XCA                DATA
 0002:00000110 00000110H .CRT$XCU                DATA
 0002:00000220 00000110H .CRT$XCZ                DATA
 0002:00000330 00000110H .CRT$XIA                DATA
 0002:00000440 00000130H .CRT$XIC                DATA
 0002:00000570 00000110H .CRT$XIZ                DATA
 0002:00000680 00000110H .CRT$XPA                DATA
 0002:00000790 00000120H .CRT$XPX                DATA
 0002:000008b0 00000110H .CRT$XPXA               DATA
 0002:000009c0 00000110H .CRT$XPZ                DATA
 0002:00000ad0 00000110H .CRT$XTA                DATA
 0002:00000be0 00000110H .CRT$XTZ                DATA
 0002:00000cf0 00024e50H .rdata                  DATA
 0002:00025b40 0000060cH .rdata$r                DATA
 0002:0002614c 000001c4H .rdata$zzzdbg           DATA
 0002:00026310 00000110H .rtc$IAA                DATA
 0002:00026420 00000130H .rtc$IMZ                DATA
 0002:00026550 00000110H .rtc$IZZ                DATA
 0002:00026660 00000110H .rtc$TAA                DATA
 0002:00026770 00000130H .rtc$TMZ                DATA
 0002:000268a0 00000110H .rtc$TZZ                DATA
 0002:000269b0 00007300H .xdata                  DATA
 0002:0002dcb0 000001a0H .xdata$x                DATA
 0002:0002de50 0000016aH .edata                  DATA
 0003:00000000 00000cf8H .data                   DATA
 0003:00000cf8 000002b8H .data$r                 DATA
 0003:00000fb0 00002179H .bss                    DATA
 0004:00000000 00008b98H .pdata                  DATA
 0005:00000000 00000430H .idata$5                DATA
 0005:00000430 00000028H .idata$2                DATA
 0005:00000458 00000018H .idata$3                DATA
 0005:00000470 00000430H .idata$4                DATA
 0005:000008a0 000008d6H .idata$6                DATA
 0006:00000000 00000020H .didat$2                DATA
 0006:00000020 00000020H .didat$3                DATA
 0006:00000040 00000198H .didat$4                DATA
 0006:000001d8 00000198H .didat$5                DATA
 0006:00000370 00000a88H .didat$6                DATA
 0006:00000df8 00000234H .didat$7                DATA
 0007:00000000 0000013fH .00cfg                  DATA
 0008:00000000 00000170H .rsrc$01                DATA
 0008:00000170 000002ccH .rsrc$02                DATA

  Address         Publics by Value              Rva+Base               Lib:Object

 0000:00000000       __hybrid_code_map_count    0000000000000000     <absolute>
 0000:00000000       __guard_longjmp_count      0000000000000000     <absolute>
 0000:00000000       __guard_iat_count          0000000000000000     <absolute>
 0000:00000000       ___safe_se_handler_table   0000000000000000     <absolute>
 0000:00000000       ___safe_se_handler_count   0000000000000000     <absolute>
 0000:00000000       __guard_longjmp_table      0000000000000000     <absolute>
 0000:00000000       __guard_fids_table         0000000000000000     <absolute>
 0000:00000000       __guard_fids_count         0000000000000000     <absolute>
 0000:00000000       __hybrid_code_map          0000000000000000     <absolute>
 0000:00000000       __enclave_config           0000000000000000     <absolute>
 0000:00000000       __hybrid_auxiliary_iat     0000000000000000     <absolute>
 0000:00000000       __dynamic_value_reloc_table 0000000000000000     <absolute>
 0000:00000000       __guard_iat_table          0000000000000000     <absolute>
 0000:00000100       __guard_flags              0000000000000100     <absolute>
 0000:00000000       __ImageBase                0000000180000000     <linker-defined>
 0001:00006090       ?InitAll@@YAXV?$Local@VObject@v8@@@v8@@@Z 0000000180007090 f   XInputWrap.obj
 0001:00006430       ??$?0VExternal@v8@@@?$Local@VValue@v8@@@v8@@QEAA@V?$Local@VExternal@v8@@@1@@Z 0000000180007430 f i XInputWrap.obj
 0001:000064a0       ??$?0VFunction@v8@@@?$Local@VValue@v8@@@v8@@QEAA@V?$Local@VFunction@v8@@@1@@Z 00000001800074a0 f i XInputWrap.obj
 0001:00006510       ??$?0VFunction@v8@@@?$MaybeLocal@VFunction@v8@@@v8@@QEAA@V?$Local@VFunction@v8@@@1@@Z 0000000180007510 f i XInputWrap.obj
 0001:00006580       ??$?0VObject@v8@@@?$Local@VValue@v8@@@v8@@QEAA@V?$Local@VObject@v8@@@1@@Z 0000000180007580 f i XInputWrap.obj
 0001:000065f0       ??$?0VObject@v8@@@?$MaybeLocal@VObject@v8@@@v8@@QEAA@V?$Local@VObject@v8@@@1@@Z 00000001800075f0 f i XInputWrap.obj
 0001:00006660       ??$?0VString@v8@@@?$Local@VValue@v8@@@v8@@QEAA@V?$Local@VString@v8@@@1@@Z 0000000180007660 f i XInputWrap.obj
 0001:000066d0       ??$As@VExternal@v8@@@?$Local@VValue@v8@@@v8@@QEBA?AV?$Local@VExternal@v8@@@1@XZ 00000001800076d0 f i XInputWrap.obj
 0001:00006720       ??$As@VObject@v8@@@?$Local@VValue@v8@@@v8@@QEBA?AV?$Local@VObject@v8@@@1@XZ 0000000180007720 f i XInputWrap.obj
 0001:00006770       ??$Cast@VValue@v8@@@?$Local@VExternal@v8@@@v8@@SA?AV01@V?$Local@VValue@v8@@@1@@Z 0000000180007770 f i XInputWrap.obj
 0001:00006800       ??$Cast@VValue@v8@@@?$Local@VObject@v8@@@v8@@SA?AV01@V?$Local@VValue@v8@@@1@@Z 0000000180007800 f i XInputWrap.obj
 0001:00006890       ??$Escape@VFunction@v8@@@EscapableHandleScope@v8@@QEAA?AV?$Local@VFunction@v8@@@1@V21@@Z 0000000180007890 f i XInputWrap.obj
 0001:00006910       ??$Escape@VFunctionTemplate@v8@@@EscapableHandleScope@v8@@QEAA?AV?$Local@VFunctionTemplate@v8@@@1@V21@@Z 0000000180007910 f i XInputWrap.obj
 0001:00006990       ??$Escape@VObject@v8@@@EscapableHandleScope@v8@@QEAA?AV?$Local@VObject@v8@@@1@V21@@Z 0000000180007990 f i XInputWrap.obj
 0001:00006a10       ??$FromMaybe@VFunction@v8@@@?$MaybeLocal@VFunction@v8@@@v8@@QEBA?AV?$Local@VFunction@v8@@@1@V21@@Z 0000000180007a10 f i XInputWrap.obj
 0001:00006ac0       ??$FromMaybe@VObject@v8@@@?$MaybeLocal@VObject@v8@@@v8@@QEBA?AV?$Local@VObject@v8@@@1@V21@@Z 0000000180007ac0 f i XInputWrap.obj
 0001:00006b70       ??$New@VFunctionTemplate@v8@@@Nan@@YA?AV?$Local@VFunctionTemplate@v8@@@v8@@P6AXAEBV?$FunctionCallbackInfo@VValue@v8@@@0@@ZV?$Local@VValue@v8@@@2@@Z 0000000180007b70 f i XInputWrap.obj
 0001:00006be0       ??$New@VString@v8@@PEBD@Nan@@YA?AV?$MaybeLocal@VString@v8@@@v8@@PEBD@Z 0000000180007be0 f i XInputWrap.obj
 0001:00006c40       ??0?$FunctionCallbackInfo@VValue@v8@@@Nan@@QEAA@AEBV0v8@@V?$Local@VValue@v8@@@2@@Z 0000000180007c40 f i XInputWrap.obj
 0001:00006c80       ??0?$Local@VExternal@v8@@@v8@@AEAA@PEAVExternal@1@@Z 0000000180007c80 f i XInputWrap.obj
 0001:00006cb0       ??0?$Local@VExternal@v8@@@v8@@QEAA@XZ 0000000180007cb0 f i XInputWrap.obj
 0001:00006cd0       ??0?$Local@VFunction@v8@@@v8@@AEAA@PEAVFunction@1@@Z 0000000180007cd0 f i XInputWrap.obj
 0001:00006d00       ??0?$Local@VFunction@v8@@@v8@@QEAA@XZ 0000000180007d00 f i XInputWrap.obj
 0001:00006d20       ??0?$Local@VFunctionTemplate@v8@@@v8@@AEAA@PEAVFunctionTemplate@1@@Z 0000000180007d20 f i XInputWrap.obj
 0001:00006d50       ??0?$Local@VFunctionTemplate@v8@@@v8@@QEAA@XZ 0000000180007d50 f i XInputWrap.obj
 0001:00006d70       ??0?$Local@VObject@v8@@@v8@@AEAA@PEAVObject@1@@Z 0000000180007d70 f i XInputWrap.obj
 0001:00006da0       ??0?$Local@VObject@v8@@@v8@@QEAA@XZ 0000000180007da0 f i XInputWrap.obj
 0001:00006dc0       ??0?$Local@VSignature@v8@@@v8@@QEAA@XZ 0000000180007dc0 f i XInputWrap.obj
 0001:00006de0       ??0?$Local@VString@v8@@@v8@@AEAA@PEAVString@1@@Z 0000000180007de0 f i XInputWrap.obj
 0001:00006e10       ??0?$Local@VValue@v8@@@v8@@AEAA@PEAVValue@1@@Z 0000000180007e10 f i XInputWrap.obj
 0001:00006e40       ??0?$Local@VValue@v8@@@v8@@QEAA@XZ 0000000180007e40 f i XInputWrap.obj
 0001:00006e60       ??C?$Local@VExternal@v8@@@v8@@QEBAPEAVExternal@1@XZ 0000000180007e60 f i XInputWrap.obj
 0001:00006e80       ??C?$Local@VFunctionTemplate@v8@@@v8@@QEBAPEAVFunctionTemplate@1@XZ 0000000180007e80 f i XInputWrap.obj
 0001:00006ea0       ??C?$Local@VObject@v8@@@v8@@QEBAPEAVObject@1@XZ 0000000180007ea0 f i XInputWrap.obj
 0001:00006ec0       ??C?$Local@VObjectTemplate@v8@@@v8@@QEBAPEAVObjectTemplate@1@XZ 0000000180007ec0 f i XInputWrap.obj
 0001:00006ee0       ??D?$Local@VExternal@v8@@@v8@@QEBAPEAVExternal@1@XZ 0000000180007ee0 f i XInputWrap.obj
 0001:00006f00       ??D?$Local@VFunction@v8@@@v8@@QEBAPEAVFunction@1@XZ 0000000180007f00 f i XInputWrap.obj
 0001:00006f20       ??D?$Local@VFunctionTemplate@v8@@@v8@@QEBAPEAVFunctionTemplate@1@XZ 0000000180007f20 f i XInputWrap.obj
 0001:00006f40       ??D?$Local@VObject@v8@@@v8@@QEBAPEAVObject@1@XZ 0000000180007f40 f i XInputWrap.obj
 0001:00006f60       ??D?$Local@VString@v8@@@v8@@QEBAPEAVString@1@XZ 0000000180007f60 f i XInputWrap.obj
 0001:00006f80       ??D?$Local@VValue@v8@@@v8@@QEBAPEAVValue@1@XZ 0000000180007f80 f i XInputWrap.obj
 0001:00006fa0       ??_H@YAXPEAX_K1P6APEAX0@Z@Z 0000000180007fa0 f i XInputWrap.obj
 0001:00007050       ?Data@?$FunctionCallbackInfo@VValue@v8@@@v8@@QEBA?AV?$Local@VValue@v8@@@2@XZ 0000000180008050 f i XInputWrap.obj
 0001:000070b0       ?GetFunction@Nan@@YA?AV?$MaybeLocal@VFunction@v8@@@v8@@V?$Local@VFunctionTemplate@v8@@@3@@Z 00000001800080b0 f i XInputWrap.obj
 0001:00007200       ?IsEmpty@?$Local@VValue@v8@@@v8@@QEBA_NXZ 0000000180008200 f i XInputWrap.obj
 0001:00007260       ?IsEmpty@?$MaybeLocal@VFunction@v8@@@v8@@QEBA_NXZ 0000000180008260 f i XInputWrap.obj
 0001:000072c0       ?IsEmpty@?$MaybeLocal@VObject@v8@@@v8@@QEBA_NXZ 00000001800082c0 f i XInputWrap.obj
 0001:00007320       ?New@?$Factory@VFunctionTemplate@v8@@@imp@Nan@@SA?AV?$Local@VFunctionTemplate@v8@@@v8@@P6AXAEBV?$FunctionCallbackInfo@VValue@v8@@@3@@ZV?$Local@VValue@v8@@@5@V?$Local@VSignature@v8@@@5@@Z 0000000180008320 f i XInputWrap.obj
 0001:00007620       ?New@?$Factory@VString@v8@@@imp@Nan@@SA?AV?$MaybeLocal@VString@v8@@@v8@@PEBDH@Z 0000000180008620 f i XInputWrap.obj
 0001:00007690       ?New@?$Local@VValue@v8@@@v8@@CA?AV12@PEAVIsolate@2@PEAVValue@2@@Z 0000000180008690 f i XInputWrap.obj
 0001:00007730       ?New@?$Local@VValue@v8@@@v8@@SA?AV12@PEAVIsolate@2@V12@@Z 0000000180008730 f i XInputWrap.obj
 0001:00007790       ?New@Nan@@YA?AV?$MaybeLocal@VString@v8@@@v8@@PEBD@Z 0000000180008790 f i XInputWrap.obj
 0001:000077e0       ?NewInstance@Nan@@YA?AV?$MaybeLocal@VObject@v8@@@v8@@V?$Local@VObjectTemplate@v8@@@3@@Z 00000001800087e0 f i XInputWrap.obj
 0001:00007930       ?Set@Nan@@YA?AV?$Maybe@_N@v8@@V?$Local@VObject@v8@@@3@V?$Local@VValue@v8@@@3@1@Z 0000000180008930 f i XInputWrap.obj
 0001:00007a40       ?ToLocalChecked@?$MaybeLocal@VFunction@v8@@@v8@@QEAA?AV?$Local@VFunction@v8@@@2@XZ 0000000180008a40 f i XInputWrap.obj
 0001:00007ab0       ?ToLocalChecked@?$MaybeLocal@VObject@v8@@@v8@@QEAA?AV?$Local@VObject@v8@@@2@XZ 0000000180008ab0 f i XInputWrap.obj
 0001:00007b20       ?ToLocalChecked@?$MaybeLocal@VString@v8@@@v8@@QEAA?AV?$Local@VString@v8@@@2@XZ 0000000180008b20 f i XInputWrap.obj
 0001:00007b90       ?__empty_global_delete@@YAXPEAX@Z 0000000180008b90 f i XInputWrap.obj
 0001:00007ba0       ?__empty_global_delete@@YAXPEAX_K@Z 0000000180008ba0 f i XInputWrap.obj
 0001:00007bb0       ?IsConnected@@YAXAEBV?$FunctionCallbackInfo@VValue@v8@@@Nan@@@Z 0000000180008bb0 f   XInputFunctions.obj
 0001:00007ca0       ?GetState@@YAXAEBV?$FunctionCallbackInfo@VValue@v8@@@Nan@@@Z 0000000180008ca0 f   XInputFunctions.obj
 0001:000092f0       ?Vibrate@@YAXAEBV?$FunctionCallbackInfo@VValue@v8@@@Nan@@@Z 000000018000a2f0 f   XInputFunctions.obj
 0001:00009af0       ??$?0VBoolean@v8@@@?$Local@VValue@v8@@@v8@@QEAA@V?$Local@VBoolean@v8@@@1@@Z 000000018000aaf0 f i XInputFunctions.obj
 0001:00009b60       ??$?0VInt32@v8@@@?$Local@VValue@v8@@@v8@@QEAA@V?$Local@VInt32@v8@@@1@@Z 000000018000ab60 f i XInputFunctions.obj
 0001:00009bd0       ??$?0VInt32@v8@@@?$MaybeLocal@VInt32@v8@@@v8@@QEAA@V?$Local@VInt32@v8@@@1@@Z 000000018000abd0 f i XInputFunctions.obj
 0001:00009c40       ??$?0VInteger@v8@@@?$Local@VValue@v8@@@v8@@QEAA@V?$Local@VInteger@v8@@@1@@Z 000000018000ac40 f i XInputFunctions.obj
 0001:00009cb0       ??$?0VNumber@v8@@@?$Local@VValue@v8@@@v8@@QEAA@V?$Local@VNumber@v8@@@1@@Z 000000018000acb0 f i XInputFunctions.obj
 0001:00009d20       ??$?0VValue@v8@@@?$ReturnValue@VValue@v8@@@Nan@@QEAA@AEBV0v8@@@Z 000000018000ad20 f i XInputFunctions.obj
 0001:00009d50       ??$Escape@VInt32@v8@@@EscapableHandleScope@v8@@QEAA?AV?$Local@VInt32@v8@@@1@V21@@Z 000000018000ad50 f i XInputFunctions.obj
 0001:00009dd0       ??$FromMaybe@VInt32@v8@@@?$MaybeLocal@VInt32@v8@@@v8@@QEBA?AV?$Local@VInt32@v8@@@1@V21@@Z 000000018000add0 f i XInputFunctions.obj
 0001:00009e80       ??$New@VBoolean@v8@@_N@Nan@@YA?AV?$Local@VBoolean@v8@@@v8@@_N@Z 000000018000ae80 f i XInputFunctions.obj
 0001:00009ed0       ??$New@VInt32@v8@@H@Nan@@YA?AV?$Local@VInt32@v8@@@v8@@H@Z 000000018000aed0 f i XInputFunctions.obj
 0001:00009f20       ??$New@VNumber@v8@@N@Nan@@YA?AV?$Local@VNumber@v8@@@v8@@N@Z 000000018000af20 f i XInputFunctions.obj
 0001:00009f70       ??$New@VObject@v8@@@Nan@@YA?AV?$Local@VObject@v8@@@v8@@XZ 000000018000af70 f i XInputFunctions.obj
 0001:00009fb0       ??$Set@VObject@v8@@@?$ReturnValue@VValue@v8@@@Nan@@QEAAXAEBV?$Local@VObject@v8@@@v8@@@Z 000000018000afb0 f i XInputFunctions.obj
 0001:0000a020       ??$Set@VObject@v8@@@?$ReturnValue@VValue@v8@@@v8@@QEAAXV?$Local@VObject@v8@@@1@@Z 000000018000b020 f i XInputFunctions.obj
 0001:0000a0c0       ??$To@N@Nan@@YA?AV?$Maybe@N@v8@@V?$Local@VValue@v8@@@2@@Z 000000018000b0c0 f i XInputFunctions.obj
 0001:0000a110       ??$To@VInt32@v8@@@Nan@@YA?AV?$MaybeLocal@VInt32@v8@@@v8@@V?$Local@VValue@v8@@@2@@Z 000000018000b110 f i XInputFunctions.obj
 0001:0000a160       ??$To@VInt32@v8@@@imp@Nan@@YA?AV?$Local@VInt32@v8@@@v8@@V?$Local@VInteger@v8@@@3@@Z 000000018000b160 f i XInputFunctions.obj
 0001:0000a1e0       ??0?$Local@VInt32@v8@@@v8@@AEAA@PEAVInt32@1@@Z 000000018000b1e0 f i XInputFunctions.obj
 0001:0000a210       ??0?$Local@VInt32@v8@@@v8@@QEAA@XZ 000000018000b210 f i XInputFunctions.obj
 0001:0000a230       ??0?$Local@VPrimitive@v8@@@v8@@AEAA@PEAVPrimitive@1@@Z 000000018000b230 f i XInputFunctions.obj
 0001:0000a260       ??0?$ReturnValue@VValue@v8@@@v8@@AEAA@PEAPEAVObject@internal@1@@Z 000000018000b260 f i XInputFunctions.obj
 0001:0000a290       ??A?$FunctionCallbackInfo@VValue@v8@@@Nan@@QEBA?AV?$Local@VValue@v8@@@v8@@H@Z 000000018000b290 f i XInputFunctions.obj
 0001:0000a2f0       ??A?$FunctionCallbackInfo@VValue@v8@@@v8@@QEBA?AV?$Local@VValue@v8@@@1@H@Z 000000018000b2f0 f i XInputFunctions.obj
 0001:0000a3c0       ??C?$Local@VValue@v8@@@v8@@QEBAPEAVValue@1@XZ 000000018000b3c0 f i XInputFunctions.obj
 0001:0000a3e0       ??D?$Local@VBoolean@v8@@@v8@@QEBAPEAVBoolean@1@XZ 000000018000b3e0 f i XInputFunctions.obj
 0001:0000a400       ??D?$Local@VInt32@v8@@@v8@@QEBAPEAVInt32@1@XZ 000000018000b400 f i XInputFunctions.obj
 0001:0000a420       ??D?$Local@VInteger@v8@@@v8@@QEBAPEAVInteger@1@XZ 000000018000b420 f i XInputFunctions.obj
 0001:0000a440       ??D?$Local@VNumber@v8@@@v8@@QEBAPEAVNumber@1@XZ 000000018000b440 f i XInputFunctions.obj
 0001:0000a460       ??D?$Local@VPrimitive@v8@@@v8@@QEBAPEAVPrimitive@1@XZ 000000018000b460 f i XInputFunctions.obj
 0001:0000a480       ?CheckInitialized@Internals@internal@v8@@SAXPEAVIsolate@3@@Z 000000018000b480 f i XInputFunctions.obj
 0001:0000a4c0       ?FromJust@?$Maybe@N@v8@@QEBANXZ 000000018000b4c0 f i XInputFunctions.obj
 0001:0000a520       ?GetDefaultValue@?$ReturnValue@VValue@v8@@@v8@@AEAAPEAVObject@internal@2@XZ 000000018000b520 f i XInputFunctions.obj
 0001:0000a550       ?GetIsolate@?$FunctionCallbackInfo@VValue@v8@@@v8@@QEBAPEAVIsolate@2@XZ 000000018000b550 f i XInputFunctions.obj
 0001:0000a580       ?GetIsolate@?$ReturnValue@VValue@v8@@@v8@@QEBAPEAVIsolate@2@XZ 000000018000b580 f i XInputFunctions.obj
 0001:0000a5b0       ?GetReturnValue@?$FunctionCallbackInfo@VValue@v8@@@Nan@@QEBA?AV?$ReturnValue@VValue@v8@@@2@XZ 000000018000b5b0 f i XInputFunctions.obj
 0001:0000a610       ?GetReturnValue@?$FunctionCallbackInfo@VValue@v8@@@v8@@QEBA?AV?$ReturnValue@VValue@v8@@@2@XZ 000000018000b610 f i XInputFunctions.obj
 0001:0000a670       ?GetRoot@Internals@internal@v8@@SAPEAPEAVObject@23@PEAVIsolate@3@H@Z 000000018000b670 f i XInputFunctions.obj
 0001:0000a6d0       ?IsEmpty@?$Local@VObject@v8@@@v8@@QEBA_NXZ 000000018000b6d0 f i XInputFunctions.obj
 0001:0000a730       ?IsEmpty@?$MaybeLocal@VInt32@v8@@@v8@@QEBA_NXZ 000000018000b730 f i XInputFunctions.obj
 0001:0000a790       ?IsJust@?$Maybe@N@v8@@QEBA_NXZ 000000018000b790 f i XInputFunctions.obj
 0001:0000a7b0       ?New@?$Factory@VBoolean@v8@@@imp@Nan@@SA?AV?$Local@VBoolean@v8@@@v8@@_N@Z 000000018000b7b0 f i XInputFunctions.obj
 0001:0000a810       ?New@?$Factory@VNumber@v8@@@imp@Nan@@SA?AV?$Local@VNumber@v8@@@v8@@N@Z 000000018000b810 f i XInputFunctions.obj
 0001:0000a870       ?New@?$Factory@VObject@v8@@@imp@Nan@@SA?AV?$Local@VObject@v8@@@v8@@XZ 000000018000b870 f i XInputFunctions.obj
 0001:0000a8c0       ?New@?$IntegerFactory@VInt32@v8@@@imp@Nan@@SA?AV?$Local@VInt32@v8@@@v8@@H@Z 000000018000b8c0 f i XInputFunctions.obj
 0001:0000a930       ?New@Nan@@YA?AV?$Local@VBoolean@v8@@@v8@@_N@Z 000000018000b930 f i XInputFunctions.obj
 0001:0000a980       ?New@Nan@@YA?AV?$Local@VInt32@v8@@@v8@@H@Z 000000018000b980 f i XInputFunctions.obj
 0001:0000a9d0       ?New@Nan@@YA?AV?$Local@VNumber@v8@@@v8@@N@Z 000000018000b9d0 f i XInputFunctions.obj
 0001:0000aa20       ?Set@?$ReturnValue@VValue@v8@@@Nan@@QEAAX_N@Z 000000018000ba20 f i XInputFunctions.obj
 0001:0000aa90       ?Set@?$ReturnValue@VValue@v8@@@v8@@QEAAX_N@Z 000000018000ba90 f i XInputFunctions.obj
 0001:0000ab30       ?ToLocalChecked@?$MaybeLocal@VInt32@v8@@@v8@@QEAA?AV?$Local@VInt32@v8@@@2@XZ 000000018000bb30 f i XInputFunctions.obj
 0001:0000aba0       ?Undefined@v8@@YA?AV?$Local@VPrimitive@v8@@@1@PEAVIsolate@1@@Z 000000018000bba0 f i XInputFunctions.obj
 0001:0000ac20       ?convert@?$ToFactory@N@imp@Nan@@SA?AV?$Maybe@N@v8@@V?$Local@VValue@v8@@@5@@Z 000000018000bc20 f i XInputFunctions.obj
 0001:0000ad00       ?convert@?$ToFactory@VInt32@v8@@@imp@Nan@@SA?AV?$MaybeLocal@VInt32@v8@@@v8@@V?$Local@VValue@v8@@@5@@Z 000000018000bd00 f i XInputFunctions.obj
 0001:0000aee8       GetModuleHandleA           000000018000bee8 f   kernel32:KERNEL32.dll
 0001:0000aeee       __imp_load_??0HandleScope@v8@@QEAA@PEAVIsolate@1@@Z 000000018000beee f   node:node.exe
 0001:0000aefa       ??0HandleScope@v8@@QEAA@PEAVIsolate@1@@Z 000000018000befa f   node:node.exe
 0001:0000af00       __tailMerge_node_exe       000000018000bf00     node:node.exe
 0001:0000af79       __imp_load_??1HandleScope@v8@@QEAA@XZ 000000018000bf79 f   node:node.exe
 0001:0000af85       ??1HandleScope@v8@@QEAA@XZ 000000018000bf85 f   node:node.exe
 0001:0000af8b       __imp_load_?CreateHandle@HandleScope@v8@@KAPEAPEAVObject@internal@2@PEAVIsolate@42@PEAV342@@Z 000000018000bf8b f   node:node.exe
 0001:0000af97       ?CreateHandle@HandleScope@v8@@KAPEAPEAVObject@internal@2@PEAVIsolate@42@PEAV342@@Z 000000018000bf97 f   node:node.exe
 0001:0000af9d       __imp_load_??0EscapableHandleScope@v8@@QEAA@PEAVIsolate@1@@Z 000000018000bf9d f   node:node.exe
 0001:0000afa9       ??0EscapableHandleScope@v8@@QEAA@PEAVIsolate@1@@Z 000000018000bfa9 f   node:node.exe
 0001:0000afaf       __imp_load_??1EscapableHandleScope@v8@@QEAA@XZ 000000018000bfaf f   node:node.exe
 0001:0000afbb       ??1EscapableHandleScope@v8@@QEAA@XZ 000000018000bfbb f   node:node.exe
 0001:0000afc1       __imp_load_?Escape@EscapableHandleScope@v8@@AEAAPEAPEAVObject@internal@2@PEAPEAV342@@Z 000000018000bfc1 f   node:node.exe
 0001:0000afcd       ?Escape@EscapableHandleScope@v8@@AEAAPEAPEAVObject@internal@2@PEAPEAV342@@Z 000000018000bfcd f   node:node.exe
 0001:0000afd3       __imp_load_?NewFromUtf8@String@v8@@SA?AV?$MaybeLocal@VString@v8@@@2@PEAVIsolate@2@PEBDW4NewStringType@2@H@Z 000000018000bfd3 f   node:node.exe
 0001:0000afdf       ?NewFromUtf8@String@v8@@SA?AV?$MaybeLocal@VString@v8@@@2@PEAVIsolate@2@PEBDW4NewStringType@2@H@Z 000000018000bfdf f   node:node.exe
 0001:0000afe5       __imp_load_?Set@Object@v8@@QEAA?AV?$Maybe@_N@2@V?$Local@VContext@v8@@@2@V?$Local@VValue@v8@@@2@1@Z 000000018000bfe5 f   node:node.exe
 0001:0000aff1       ?Set@Object@v8@@QEAA?AV?$Maybe@_N@2@V?$Local@VContext@v8@@@2@V?$Local@VValue@v8@@@2@1@Z 000000018000bff1 f   node:node.exe
 0001:0000aff7       __imp_load_?GetInternalField@Object@v8@@QEAA?AV?$Local@VValue@v8@@@2@H@Z 000000018000bff7 f   node:node.exe
 0001:0000b003       ?GetInternalField@Object@v8@@QEAA?AV?$Local@VValue@v8@@@2@H@Z 000000018000c003 f   node:node.exe
 0001:0000b009       __imp_load_?SetInternalField@Object@v8@@QEAAXHV?$Local@VValue@v8@@@2@@Z 000000018000c009 f   node:node.exe
 0001:0000b015       ?SetInternalField@Object@v8@@QEAAXHV?$Local@VValue@v8@@@2@@Z 000000018000c015 f   node:node.exe
 0001:0000b01b       __imp_load_?Cast@Object@v8@@SAPEAV12@PEAVValue@2@@Z 000000018000c01b f   node:node.exe
 0001:0000b027       ?Cast@Object@v8@@SAPEAV12@PEAVValue@2@@Z 000000018000c027 f   node:node.exe
 0001:0000b02d       __imp_load_?New@External@v8@@SA?AV?$Local@VExternal@v8@@@2@PEAVIsolate@2@PEAX@Z 000000018000c02d f   node:node.exe
 0001:0000b039       ?New@External@v8@@SA?AV?$Local@VExternal@v8@@@2@PEAVIsolate@2@PEAX@Z 000000018000c039 f   node:node.exe
 0001:0000b03f       __imp_load_?Cast@External@v8@@SAPEAV12@PEAVValue@2@@Z 000000018000c03f f   node:node.exe
 0001:0000b04b       ?Cast@External@v8@@SAPEAV12@PEAVValue@2@@Z 000000018000c04b f   node:node.exe
 0001:0000b051       __imp_load_?Value@External@v8@@QEBAPEAXXZ 000000018000c051 f   node:node.exe
 0001:0000b05d       ?Value@External@v8@@QEBAPEAXXZ 000000018000c05d f   node:node.exe
 0001:0000b063       __imp_load_?New@FunctionTemplate@v8@@SA?AV?$Local@VFunctionTemplate@v8@@@2@PEAVIsolate@2@P6AXAEBV?$FunctionCallbackInfo@VValue@v8@@@2@@ZV?$Local@VValue@v8@@@2@V?$Local@VSignature@v8@@@2@HW4ConstructorBehavior@2@@Z 000000018000c063 f   node:node.exe
 0001:0000b06f       ?New@FunctionTemplate@v8@@SA?AV?$Local@VFunctionTemplate@v8@@@2@PEAVIsolate@2@P6AXAEBV?$FunctionCallbackInfo@VValue@v8@@@2@@ZV?$Local@VValue@v8@@@2@V?$Local@VSignature@v8@@@2@HW4ConstructorBehavior@2@@Z 000000018000c06f f   node:node.exe
 0001:0000b075       __imp_load_?GetFunction@FunctionTemplate@v8@@QEAA?AV?$MaybeLocal@VFunction@v8@@@2@V?$Local@VContext@v8@@@2@@Z 000000018000c075 f   node:node.exe
 0001:0000b081       ?GetFunction@FunctionTemplate@v8@@QEAA?AV?$MaybeLocal@VFunction@v8@@@2@V?$Local@VContext@v8@@@2@@Z 000000018000c081 f   node:node.exe
 0001:0000b087       __imp_load_?New@ObjectTemplate@v8@@SA?AV?$Local@VObjectTemplate@v8@@@2@PEAVIsolate@2@V?$Local@VFunctionTemplate@v8@@@2@@Z 000000018000c087 f   node:node.exe
 0001:0000b093       ?New@ObjectTemplate@v8@@SA?AV?$Local@VObjectTemplate@v8@@@2@PEAVIsolate@2@V?$Local@VFunctionTemplate@v8@@@2@@Z 000000018000c093 f   node:node.exe
 0001:0000b099       __imp_load_?NewInstance@ObjectTemplate@v8@@QEAA?AV?$MaybeLocal@VObject@v8@@@2@V?$Local@VContext@v8@@@2@@Z 000000018000c099 f   node:node.exe
 0001:0000b0a5       ?NewInstance@ObjectTemplate@v8@@QEAA?AV?$MaybeLocal@VObject@v8@@@2@V?$Local@VContext@v8@@@2@@Z 000000018000c0a5 f   node:node.exe
 0001:0000b0ab       __imp_load_?SetInternalFieldCount@ObjectTemplate@v8@@QEAAXH@Z 000000018000c0ab f   node:node.exe
 0001:0000b0b7       ?SetInternalFieldCount@ObjectTemplate@v8@@QEAAXH@Z 000000018000c0b7 f   node:node.exe
 0001:0000b0bd       __imp_load_?GetCurrent@Isolate@v8@@SAPEAV12@XZ 000000018000c0bd f   node:node.exe
 0001:0000b0c9       ?GetCurrent@Isolate@v8@@SAPEAV12@XZ 000000018000c0c9 f   node:node.exe
 0001:0000b0cf       __imp_load_?GetCurrentContext@Isolate@v8@@QEAA?AV?$Local@VContext@v8@@@2@XZ 000000018000c0cf f   node:node.exe
 0001:0000b0db       ?GetCurrentContext@Isolate@v8@@QEAA?AV?$Local@VContext@v8@@@2@XZ 000000018000c0db f   node:node.exe
 0001:0000b0e1       __imp_load_?ToLocalEmpty@V8@v8@@CAXXZ 000000018000c0e1 f   node:node.exe
 0001:0000b0ed       ?ToLocalEmpty@V8@v8@@CAXXZ 000000018000c0ed f   node:node.exe
 0001:0000b0f3       __imp_load_node_module_register 000000018000c0f3 f   node:node.exe
 0001:0000b0ff       node_module_register       000000018000c0ff f   node:node.exe
 0001:0000b105       __imp_load_?IsUndefined@Value@v8@@QEBA_NXZ 000000018000c105 f   node:node.exe
 0001:0000b111       ?IsUndefined@Value@v8@@QEBA_NXZ 000000018000c111 f   node:node.exe
 0001:0000b117       __imp_load_?ToInt32@Value@v8@@QEBA?AV?$MaybeLocal@VInt32@v8@@@2@V?$Local@VContext@v8@@@2@@Z 000000018000c117 f   node:node.exe
 0001:0000b123       ?ToInt32@Value@v8@@QEBA?AV?$MaybeLocal@VInt32@v8@@@2@V?$Local@VContext@v8@@@2@@Z 000000018000c123 f   node:node.exe
 0001:0000b129       __imp_load_?NumberValue@Value@v8@@QEBA?AV?$Maybe@N@2@V?$Local@VContext@v8@@@2@@Z 000000018000c129 f   node:node.exe
 0001:0000b135       ?NumberValue@Value@v8@@QEBA?AV?$Maybe@N@2@V?$Local@VContext@v8@@@2@@Z 000000018000c135 f   node:node.exe
 0001:0000b13b       __imp_load_?IntegerValue@Value@v8@@QEBA_JXZ 000000018000c13b f   node:node.exe
 0001:0000b147       ?IntegerValue@Value@v8@@QEBA_JXZ 000000018000c147 f   node:node.exe
 0001:0000b14d       __imp_load_?New@Boolean@v8@@SA?AV?$Local@VBoolean@v8@@@2@PEAVIsolate@2@_N@Z 000000018000c14d f   node:node.exe
 0001:0000b159       ?New@Boolean@v8@@SA?AV?$Local@VBoolean@v8@@@2@PEAVIsolate@2@_N@Z 000000018000c159 f   node:node.exe
 0001:0000b15f       __imp_load_?New@Number@v8@@SA?AV?$Local@VNumber@v8@@@2@PEAVIsolate@2@N@Z 000000018000c15f f   node:node.exe
 0001:0000b16b       ?New@Number@v8@@SA?AV?$Local@VNumber@v8@@@2@PEAVIsolate@2@N@Z 000000018000c16b f   node:node.exe
 0001:0000b171       __imp_load_?New@Integer@v8@@SA?AV?$Local@VInteger@v8@@@2@PEAVIsolate@2@H@Z 000000018000c171 f   node:node.exe
 0001:0000b17d       ?New@Integer@v8@@SA?AV?$Local@VInteger@v8@@@2@PEAVIsolate@2@H@Z 000000018000c17d f   node:node.exe
 0001:0000b183       __imp_load_?Set@Object@v8@@QEAA_NV?$Local@VValue@v8@@@2@0@Z 000000018000c183 f   node:node.exe
 0001:0000b18f       ?Set@Object@v8@@QEAA_NV?$Local@VValue@v8@@@2@0@Z 000000018000c18f f   node:node.exe
 0001:0000b195       __imp_load_?New@Object@v8@@SA?AV?$Local@VObject@v8@@@2@PEAVIsolate@2@@Z 000000018000c195 f   node:node.exe
 0001:0000b1a1       ?New@Object@v8@@SA?AV?$Local@VObject@v8@@@2@PEAVIsolate@2@@Z 000000018000c1a1 f   node:node.exe
 0001:0000b1a7       __imp_load_?FromJustIsNothing@V8@v8@@CAXXZ 000000018000c1a7 f   node:node.exe
 0001:0000b1b3       ?FromJustIsNothing@V8@v8@@CAXXZ 000000018000c1b3 f   node:node.exe
 0001:0000b1b9       __imp_load_?CheckInitializedImpl@Internals@internal@v8@@SAXPEAVIsolate@3@@Z 000000018000c1b9 f   node:node.exe
 0001:0000b1c5       ?CheckInitializedImpl@Internals@internal@v8@@SAXPEAVIsolate@3@@Z 000000018000c1c5 f   node:node.exe
 0001:0000b1cb       XInputGetState             000000018000c1cb f   XInput9_1_0:XINPUT9_1_0.dll
 0001:0000b1d1       XInputSetState             000000018000c1d1 f   XInput9_1_0:XINPUT9_1_0.dll
 0001:0000b1e0       _RTC_AllocaHelper          000000018000c1e0 f   LIBCMTD:_stack_.obj
 0001:0000b230       _RTC_CheckStackVars        000000018000c230 f   LIBCMTD:_stack_.obj
 0001:0000b2e0       _RTC_CheckStackVars2       000000018000c2e0 f   LIBCMTD:_stack_.obj
 0001:0000b430       _CRT_RTC_INIT              000000018000c430 f   LIBCMTD:_init_.obj
 0001:0000b440       _CRT_RTC_INITW             000000018000c440 f   LIBCMTD:_init_.obj
 0001:0000b450       _RTC_InitBase              000000018000c450 f   LIBCMTD:_init_.obj
 0001:0000b4a0       _RTC_Shutdown              000000018000c4a0 f   LIBCMTD:_init_.obj
 0001:0000b4d0       __GSHandlerCheck           000000018000c4d0 f   LIBCMTD:_gshandler_.obj
 0001:0000b520       __GSHandlerCheckCommon     000000018000c520 f   LIBCMTD:_gshandler_.obj
 0001:0000b670       __security_check_cookie    000000018000c670 f   LIBCMTD:_amdsecgs_.obj
 0001:0000bb80       _CRT_INIT                  000000018000cb80 f   LIBCMTD:dll_dllmain.obj
 0001:0000bbc0       _DllMainCRTStartup         000000018000cbc0 f   LIBCMTD:dll_dllmain.obj
 0001:0000bc10       ??$__vcrt_va_start_verify_argument_type@QEBD@@YAXXZ 000000018000cc10 f i LIBCMTD:_error_.obj
 0001:0000bcf0       ?_RTC_AllocaFailure@@YAXPEAXPEAU_RTC_ALLOCA_NODE@@H@Z 000000018000ccf0 f   LIBCMTD:_error_.obj
 0001:0000bea0       ?_RTC_Failure@@YAXPEAXH@Z  000000018000cea0 f   LIBCMTD:_error_.obj
 0001:0000bf10       ?_RTC_StackFailure@@YAXPEAXPEBD@Z 000000018000cf10 f   LIBCMTD:_error_.obj
 0001:0000c430       _RTC_UninitUse             000000018000d430 f   LIBCMTD:_error_.obj
 0001:0000c530       __local_stdio_printf_options 000000018000d530 f i LIBCMTD:_error_.obj
 0001:0000c540       _vsprintf_s_l              000000018000d540 f i LIBCMTD:_error_.obj
 0001:0000c5c0       sprintf_s                  000000018000d5c0 f i LIBCMTD:_error_.obj
 0001:0000c610       ?_RTC_GetErrorFunc@@YAP6AHHPEBDH00ZZPEBX@Z 000000018000d610 f   LIBCMTD:_userapi_.obj
 0001:0000c620       ?_RTC_GetErrorFuncW@@YAP6AHHPEB_WH00ZZPEBX@Z 000000018000d620 f   LIBCMTD:_userapi_.obj
 0001:0000c630       _RTC_GetErrDesc            000000018000d630 f   LIBCMTD:_userapi_.obj
 0001:0000c650       _RTC_NumErrors             000000018000d650 f   LIBCMTD:_userapi_.obj
 0001:0000c660       _RTC_SetErrorFunc          000000018000d660 f   LIBCMTD:_userapi_.obj
 0001:0000c680       _RTC_SetErrorFuncW         000000018000d680 f   LIBCMTD:_userapi_.obj
 0001:0000c6a0       _RTC_SetErrorType          000000018000d6a0 f   LIBCMTD:_userapi_.obj
 0001:0000c6d0       __raise_securityfailure    000000018000d6d0 f   LIBCMTD:gs_report.obj
 0001:0000c720       __report_gsfailure         000000018000d720 f   LIBCMTD:gs_report.obj
 0001:0000c830       __report_rangecheckfailure 000000018000d830 f   LIBCMTD:gs_report.obj
 0001:0000c850       __report_securityfailure   000000018000d850 f   LIBCMTD:gs_report.obj
 0001:0000c920       __report_securityfailureEx 000000018000d920 f   LIBCMTD:gs_report.obj
 0001:0000cd00       __security_init_cookie     000000018000dd00 f   LIBCMTD:gs_support.obj
 0001:0000cda0       DllMain                    000000018000dda0 f   LIBCMTD:dll_dllmain_stub.obj
 0001:0000cdc0       ?__scrt_initialize_type_info@@YAXXZ 000000018000ddc0 f   LIBCMTD:tncleanup.obj
 0001:0000cde0       ?__scrt_uninitialize_type_info@@YAXXZ 000000018000dde0 f   LIBCMTD:tncleanup.obj
 0001:0000ce00       __local_stdio_scanf_options 000000018000de00 f i LIBCMTD:default_local_stdio_options.obj
 0001:0000ce10       __scrt_initialize_default_local_stdio_options 000000018000de10 f   LIBCMTD:default_local_stdio_options.obj
 0001:0000ce70       ??$__crt_fast_decode_pointer@PEAP6AXXZ@@YAPEAP6AXXZQEAP6AXXZ@Z 000000018000de70 f i LIBCMTD:utility.obj
 0001:0000cec0       ??$__crt_fast_encode_pointer@PEAP6AXXZ@@YAPEAP6AXXZQEAP6AXXZ@Z 000000018000dec0 f i LIBCMTD:utility.obj
 0001:0000cf10       ?__crt_rotate_pointer_value@@YA_K_KH@Z 000000018000df10 f i LIBCMTD:utility.obj
 0001:0000cf30       ?configure_argv@__scrt_narrow_argv_policy@@SAHXZ 000000018000df30 f i LIBCMTD:utility.obj
 0001:0000d050       ?initialize_environment@__scrt_narrow_environment_policy@@SAHXZ 000000018000e050 f i LIBCMTD:utility.obj
 0001:0000d120       NtCurrentTeb               000000018000e120 f i LIBCMTD:utility.obj
 0001:0000d130       __scrt_acquire_startup_lock 000000018000e130 f   LIBCMTD:utility.obj
 0001:0000d1b0       __scrt_dllmain_after_initialize_c 000000018000e1b0 f   LIBCMTD:utility.obj
 0001:0000d1f0       __scrt_dllmain_before_initialize_c 000000018000e1f0 f   LIBCMTD:utility.obj
 0001:0000d220       __scrt_dllmain_crt_thread_attach 000000018000e220 f   LIBCMTD:utility.obj
 0001:0000d260       __scrt_dllmain_crt_thread_detach 000000018000e260 f   LIBCMTD:utility.obj
 0001:0000d280       __scrt_dllmain_exception_filter 000000018000e280 f   LIBCMTD:utility.obj
 0001:0000d300       __scrt_dllmain_uninitialize_c 000000018000e300 f   LIBCMTD:utility.obj
 0001:0000d340       __scrt_dllmain_uninitialize_critical 000000018000e340 f   LIBCMTD:utility.obj
 0001:0000d360       __scrt_initialize_crt      000000018000e360 f   LIBCMTD:utility.obj
 0001:0000d3c0       __scrt_initialize_onexit_tables 000000018000e3c0 f   LIBCMTD:utility.obj
 0001:0000d510       __scrt_is_nonwritable_in_current_image 000000018000e510 f   LIBCMTD:utility.obj
 0001:0000d5c0       __scrt_release_startup_lock 000000018000e5c0 f   LIBCMTD:utility.obj
 0001:0000d600       __scrt_uninitialize_crt    000000018000e600 f   LIBCMTD:utility.obj
 0001:0000d650       _onexit                    000000018000e650 f   LIBCMTD:utility.obj
 0001:0000d700       at_quick_exit              000000018000e700 f   LIBCMTD:utility.obj
 0001:0000d770       atexit                     000000018000e770 f   LIBCMTD:utility.obj
 0001:0000d7b0       __scrt_get_dyn_tls_init_callback 000000018000e7b0 f   LIBCMTD:dyn_tls_init.obj
 0001:0000d7c0       __crt_debugger_hook        000000018000e7c0 f   LIBCMTD:utility_desktop.obj
 0001:0000d7e0       __scrt_fastfail            000000018000e7e0 f   LIBCMTD:utility_desktop.obj
 0001:0000d9e0       __scrt_get_show_window_mode 000000018000e9e0 f   LIBCMTD:utility_desktop.obj
 0001:0000da50       __scrt_initialize_winrt    000000018000ea50 f   LIBCMTD:utility_desktop.obj
 0001:0000da60       __scrt_is_managed_app      000000018000ea60 f   LIBCMTD:utility_desktop.obj
 0001:0000db30       __scrt_set_unhandled_exception_filter 000000018000eb30 f   LIBCMTD:utility_desktop.obj
 0001:0000db50       __scrt_unhandled_exception_filter 000000018000eb50 f   LIBCMTD:utility_desktop.obj
 0001:0000dbe0       _RTC_Initialize            000000018000ebe0 f   LIBCMTD:_initsect_.obj
 0001:0000dc40       _RTC_Terminate             000000018000ec40 f   LIBCMTD:_initsect_.obj
 0001:0000dca0       _guard_check_icall         000000018000eca0 f i LIBCMTD:checkcfg.obj
 0001:0000e2e0       ?_RTC_GetSrcLine@@YAHPEAEPEA_WKPEAH1K@Z 000000018000f2e0 f   LIBCMTD:_pdblkup_.obj
 0001:0000e870       __isa_available_init       000000018000f870 f   LIBCMTD:_cpu_disp_.obj
 0001:0000ecc0       _get_startup_argv_mode     000000018000fcc0 f   LIBCMTD:argv_mode.obj
 0001:0000ecd0       __scrt_is_ucrt_dll_in_use  000000018000fcd0 f   LIBCMTD:ucrt_detection.obj
 0001:0000ed00       _guard_check_icall_nop     000000018000fd00 f i LIBCMTD:guard_support.obj
 0001:0000ed10       ReadNoFence64              000000018000fd10 f i LIBCMTD:guard_support.obj
 0001:0000ed40       ReadPointerNoFence         000000018000fd40 f i LIBCMTD:guard_support.obj
 0001:0000ed60       __guard_ss_common_verify_stub 000000018000fd60 f i LIBCMTD:guard_support.obj
 0001:0000ed70       _guard_icall_checks_enforced 000000018000fd70 f i LIBCMTD:guard_support.obj
 0001:0000edc0       _guard_rf_checks_enforced  000000018000fdc0 f i LIBCMTD:guard_support.obj
 0001:0000ee20       memset                     000000018000fe20 f   libvcruntimed:memset.obj
 0001:0000f040       __C_specific_handler       0000000180010040 f   libvcruntimed:_riscchandler_.obj
 0001:0000f5d0       ??$?RD@__crt_internal_free_policy@@QEBAXQEBD@Z 00000001800105d0 f i libvcruntimed:std_type_info.obj
 0001:0000f600       ??$?RX@__crt_internal_free_policy@@QEBAXQEBX@Z 0000000180010600 f i libvcruntimed:std_type_info.obj
 0001:0000f630       ??$__crt_interlocked_compare_exchange_pointer@$$CBDPEAD$$T@@YAPEBDPEDSEBDQEAD$$T@Z 0000000180010630 f i libvcruntimed:std_type_info.obj
 0001:0000f680       ??$__crt_interlocked_read_pointer@$$CBD@@YAPEBDPEDSEBD@Z 0000000180010680 f i libvcruntimed:std_type_info.obj
 0001:0000f6a0       ??0?$__crt_unique_heap_ptr@DU__crt_internal_free_policy@@@@QEAA@QEAD@Z 00000001800106a0 f i libvcruntimed:std_type_info.obj
 0001:0000f6d0       ??0?$__crt_unique_heap_ptr@XU__crt_internal_free_policy@@@@QEAA@QEAX@Z 00000001800106d0 f i libvcruntimed:std_type_info.obj
 0001:0000f700       ??1?$__crt_unique_heap_ptr@DU__crt_internal_free_policy@@@@QEAA@XZ 0000000180010700 f i libvcruntimed:std_type_info.obj
 0001:0000f720       ??1?$__crt_unique_heap_ptr@XU__crt_internal_free_policy@@@@QEAA@XZ 0000000180010720 f i libvcruntimed:std_type_info.obj
 0001:0000f760       ??B?$__crt_unique_heap_ptr@DU__crt_internal_free_policy@@@@QEBA_NXZ 0000000180010760 f i libvcruntimed:std_type_info.obj
 0001:0000f780       ??B?$__crt_unique_heap_ptr@XU__crt_internal_free_policy@@@@QEBA_NXZ 0000000180010780 f i libvcruntimed:std_type_info.obj
 0001:0000f810       ?__crt_interlocked_read_64@@YA_JPED_J@Z 0000000180010810 f i libvcruntimed:std_type_info.obj
 0001:0000f840       ?detach@?$__crt_unique_heap_ptr@XU__crt_internal_free_policy@@@@QEAAPEAXXZ 0000000180010840 f i libvcruntimed:std_type_info.obj
 0001:0000f880       ?get@?$__crt_unique_heap_ptr@DU__crt_internal_free_policy@@@@QEBAPEADXZ 0000000180010880 f i libvcruntimed:std_type_info.obj
 0001:0000f8a0       ?get@?$__crt_unique_heap_ptr@XU__crt_internal_free_policy@@@@QEBAPEAXXZ 00000001800108a0 f i libvcruntimed:std_type_info.obj
 0001:0000f8c0       ?is_valid@?$__crt_unique_heap_ptr@DU__crt_internal_free_policy@@@@QEBA_NXZ 00000001800108c0 f i libvcruntimed:std_type_info.obj
 0001:0000f900       ?is_valid@?$__crt_unique_heap_ptr@XU__crt_internal_free_policy@@@@QEBA_NXZ 0000000180010900 f i libvcruntimed:std_type_info.obj
 0001:0000f940       ?release@?$__crt_unique_heap_ptr@DU__crt_internal_free_policy@@@@QEAAXXZ 0000000180010940 f i libvcruntimed:std_type_info.obj
 0001:0000f980       ?release@?$__crt_unique_heap_ptr@XU__crt_internal_free_policy@@@@QEAAXXZ 0000000180010980 f i libvcruntimed:std_type_info.obj
 0001:0000f9c0       __std_type_info_compare    00000001800109c0 f   libvcruntimed:std_type_info.obj
 0001:0000fa10       __std_type_info_destroy_list 0000000180010a10 f   libvcruntimed:std_type_info.obj
 0001:0000fa80       __std_type_info_hash       0000000180010a80 f   libvcruntimed:std_type_info.obj
 0001:0000fb60       __std_type_info_name       0000000180010b60 f   libvcruntimed:std_type_info.obj
 0001:0000fee0       __vcrt_initialize          0000000180010ee0 f   libvcruntimed:initialization.obj
 0001:0000ff30       __vcrt_thread_attach       0000000180010f30 f   libvcruntimed:initialization.obj
 0001:0000ff50       __vcrt_thread_detach       0000000180010f50 f   libvcruntimed:initialization.obj
 0001:0000ff70       __vcrt_uninitialize        0000000180010f70 f   libvcruntimed:initialization.obj
 0001:0000ffa0       __vcrt_uninitialize_critical 0000000180010fa0 f   libvcruntimed:initialization.obj
 0001:0000ffd0       __vcrt_GetModuleFileNameW  0000000180010fd0 f   libvcruntimed:winapi_thunks.obj
 0001:00010010       __vcrt_GetModuleHandleW    0000000180011010 f   libvcruntimed:winapi_thunks.obj
 0001:00010030       __vcrt_LoadLibraryExW      0000000180011030 f   libvcruntimed:winapi_thunks.obj
 0001:00010080       _local_unwind              0000000180011080 f   libvcruntimed:_jmpuwind_.obj
 0001:000100b0       _NLG_Notify                00000001800110b0 f   libvcruntimed:_jmpuwind_.obj
 0001:000100d0       __NLG_Dispatch2            00000001800110d0 f   libvcruntimed:_jmpuwind_.obj
 0001:000100e0       __NLG_Return2              00000001800110e0 f   libvcruntimed:_jmpuwind_.obj
 0001:00010100       __except_validate_context_record 0000000180011100 f   libvcruntimed:jbcxrval.obj
 0001:00010170       __except_validate_jump_buffer 0000000180011170 f   libvcruntimed:jbcxrval.obj
 0001:00010200       ??0Block@_HeapManager@@QEAA@XZ 0000000180011200 f i libvcruntimed:undname.obj
 0001:00010220       ??0DName@@QEAA@AEAPEBDD@Z  0000000180011220 f   libvcruntimed:undname.obj
 0001:00010570       ??0DName@@QEAA@AEBV0@@Z    0000000180011570 f i libvcruntimed:undname.obj
 0001:000105b0       ??0DName@@QEAA@D@Z         00000001800115b0 f   libvcruntimed:undname.obj
 0001:00010610       ??0DName@@QEAA@PEAV0@@Z    0000000180011610 f   libvcruntimed:undname.obj
 0001:00010730       ??0DName@@QEAA@PEBD@Z      0000000180011730 f   libvcruntimed:undname.obj
 0001:000107b0       ??0DName@@QEAA@W4DNameStatus@@@Z 00000001800117b0 f   libvcruntimed:undname.obj
 0001:00010890       ??0DName@@QEAA@XZ          0000000180011890 f i libvcruntimed:undname.obj
 0001:000108c0       ??0DName@@QEAA@_J@Z        00000001800118c0 f   libvcruntimed:undname.obj
 0001:00010a10       ??0DName@@QEAA@_K@Z        0000000180011a10 f   libvcruntimed:undname.obj
 0001:00010b20       ??0DNameNode@@IEAA@XZ      0000000180011b20 f   libvcruntimed:undname.obj
 0001:00010b40       ??0DNameStatusNode@@AEAA@W4DNameStatus@@@Z 0000000180011b40 f   libvcruntimed:undname.obj
 0001:00010bc0       ??0Replicator@@QEAA@XZ     0000000180011bc0 f i libvcruntimed:undname.obj
 0001:00010be0       ??0UnDecorator@@QEAA@PEADPEBDHP6APEADJ@ZK@Z 0000000180011be0 f i libvcruntimed:undname.obj
 0001:00010ce0       ??0charNode@@QEAA@D@Z      0000000180011ce0 f   libvcruntimed:undname.obj
 0001:00010d30       ??0pDNameNode@@QEAA@PEAVDName@@@Z 0000000180011d30 f   libvcruntimed:undname.obj
 0001:00010dd0       ??0pairNode@@QEAA@PEAVDNameNode@@0@Z 0000000180011dd0 f   libvcruntimed:undname.obj
 0001:00010e50       ??0pcharNode@@QEAA@PEBDH@Z 0000000180011e50 f   libvcruntimed:undname.obj
 0001:00010f50       ??2@YAPEAX_KAEAV_HeapManager@@H@Z 0000000180011f50 f i libvcruntimed:undname.obj
 0001:00010f90       ??4DName@@QEAAAEAV0@AEBV0@@Z 0000000180011f90 f   libvcruntimed:undname.obj
 0001:00010fd0       ??4DName@@QEAAAEAV0@D@Z    0000000180011fd0 f i libvcruntimed:undname.obj
 0001:00011030       ??4DName@@QEAAAEAV0@PEAV0@@Z 0000000180012030 f   libvcruntimed:undname.obj
 0001:00011130       ??4DName@@QEAAAEAV0@PEBD@Z 0000000180012130 f   libvcruntimed:undname.obj
 0001:00011190       ??4DName@@QEAAAEAV0@W4DNameStatus@@@Z 0000000180012190 f   libvcruntimed:undname.obj
 0001:00011250       ??AReplicator@@QEBA?AVDName@@H@Z 0000000180012250 f   libvcruntimed:undname.obj
 0001:00011300       ??BUnDecorator@@QEAAPEADXZ 0000000180012300 f i libvcruntimed:undname.obj
 0001:00011700       ??H@YA?AVDName@@DAEBV0@@Z  0000000180012700 f i libvcruntimed:undname.obj
 0001:00011750       ??H@YA?AVDName@@PEBDAEBV0@@Z 0000000180012750 f i libvcruntimed:undname.obj
 0001:000117a0       ??H@YA?AVDName@@W4DNameStatus@@AEBV0@@Z 00000001800127a0 f i libvcruntimed:undname.obj
 0001:000117f0       ??HDName@@QEBA?AV0@AEBV0@@Z 00000001800127f0 f   libvcruntimed:undname.obj
 0001:00011850       ??HDName@@QEBA?AV0@D@Z     0000000180012850 f   libvcruntimed:undname.obj
 0001:000118b0       ??HDName@@QEBA?AV0@PEAV0@@Z 00000001800128b0 f   libvcruntimed:undname.obj
 0001:00011910       ??HDName@@QEBA?AV0@PEBD@Z  0000000180012910 f   libvcruntimed:undname.obj
 0001:00011970       ??HDName@@QEBA?AV0@W4DNameStatus@@@Z 0000000180012970 f   libvcruntimed:undname.obj
 0001:000119d0       ??YDName@@QEAAAEAV0@AEBV0@@Z 00000001800129d0 f   libvcruntimed:undname.obj
 0001:00011a70       ??YDName@@QEAAAEAV0@D@Z    0000000180012a70 f   libvcruntimed:undname.obj
 0001:00011b40       ??YDName@@QEAAAEAV0@PEAV0@@Z 0000000180012b40 f   libvcruntimed:undname.obj
 0001:00011c60       ??YDName@@QEAAAEAV0@PEBD@Z 0000000180012c60 f   libvcruntimed:undname.obj
 0001:00011d50       ??YDName@@QEAAAEAV0@W4DNameStatus@@@Z 0000000180012d50 f   libvcruntimed:undname.obj
 0001:00011de0       ??YReplicator@@QEAAAEAV0@AEBVDName@@@Z 0000000180012de0 f   libvcruntimed:undname.obj
 0001:00011ed0       ??_5DName@@QEAAAEAV0@AEBV0@@Z 0000000180012ed0 f   libvcruntimed:undname.obj
 0001:00011f50       ?Constructor@_HeapManager@@QEAAXP6APEAX_K@ZP6AXPEAX@Z@Z 0000000180012f50 f i libvcruntimed:undname.obj
 0001:00011fc0       ?Destructor@_HeapManager@@QEAAXXZ 0000000180012fc0 f i libvcruntimed:undname.obj
 0001:00012060       ?UScore@UnDecorator@@SAPEBDW4Tokens@@@Z 0000000180013060 f   libvcruntimed:undname.obj
 0001:000120b0       ?append@DName@@AEAAXPEAVDNameNode@@@Z 00000001800130b0 f   libvcruntimed:undname.obj
 0001:00012190       ?composeDeclaration@UnDecorator@@CA?AVDName@@AEBV2@@Z 0000000180013190 f i libvcruntimed:undname.obj
 0001:00014a80       ?dbGetString@DName@@QEBAPEADXZ 0000000180015a80 f   libvcruntimed:undname.obj
 0001:00014ac0       ?doAccessSpecifiers@UnDecorator@@SAHXZ 0000000180015ac0 f i libvcruntimed:undname.obj
 0001:00014b00       ?doAllocationLanguage@UnDecorator@@SAHXZ 0000000180015b00 f i libvcruntimed:undname.obj
 0001:00014b40       ?doAllocationModel@UnDecorator@@SAHXZ 0000000180015b40 f i libvcruntimed:undname.obj
 0001:00014b80       ?doEcsu@UnDecorator@@SAHXZ 0000000180015b80 f i libvcruntimed:undname.obj
 0001:00014bc0       ?doEllipsis@UnDecorator@@SAHXZ 0000000180015bc0 f i libvcruntimed:undname.obj
 0001:00014c00       ?doFunctionReturns@UnDecorator@@SAHXZ 0000000180015c00 f i libvcruntimed:undname.obj
 0001:00014c40       ?doMSKeywords@UnDecorator@@SAHXZ 0000000180015c40 f i libvcruntimed:undname.obj
 0001:00014c80       ?doMemberTypes@UnDecorator@@SAHXZ 0000000180015c80 f i libvcruntimed:undname.obj
 0001:00014cc0       ?doNameOnly@UnDecorator@@SAHXZ 0000000180015cc0 f i libvcruntimed:undname.obj
 0001:00014cd0       ?doNoIdentCharCheck@UnDecorator@@SAHXZ 0000000180015cd0 f i libvcruntimed:undname.obj
 0001:00014ce0       ?doPchar@DName@@AEAAXPEBDH@Z 0000000180015ce0 f   libvcruntimed:undname.obj
 0001:00014ed0       ?doPtr64@UnDecorator@@SAHXZ 0000000180015ed0 f i libvcruntimed:undname.obj
 0001:00014f10       ?doRestrictionSpec@UnDecorator@@SAHXZ 0000000180015f10 f i libvcruntimed:undname.obj
 0001:00014f50       ?doThisTypes@UnDecorator@@SAHXZ 0000000180015f50 f i libvcruntimed:undname.obj
 0001:00014f90       ?doThrowTypes@UnDecorator@@SAHXZ 0000000180015f90 f i libvcruntimed:undname.obj
 0001:00014fd0       ?doTypeOnly@UnDecorator@@SAHXZ 0000000180015fd0 f i libvcruntimed:undname.obj
 0001:00014fe0       ?doUnderScore@UnDecorator@@SAHXZ 0000000180015fe0 f i libvcruntimed:undname.obj
 0001:00015020       ?getArgumentList@UnDecorator@@CA?AVDName@@XZ 0000000180016020 f   libvcruntimed:undname.obj
 0001:00015220       ?getArgumentTypes@UnDecorator@@CA?AVDName@@XZ 0000000180016220 f   libvcruntimed:undname.obj
 0001:00015450       ?getArrayType@UnDecorator@@CA?AVDName@@AEBV2@@Z 0000000180016450 f i libvcruntimed:undname.obj
 0001:00015800       ?getBasedType@UnDecorator@@CA?AVDName@@XZ 0000000180016800 f   libvcruntimed:undname.obj
 0001:00015930       ?getBasicDataType@UnDecorator@@CA?AVDName@@AEBV2@@Z 0000000180016930 f   libvcruntimed:undname.obj
 0001:00016250       ?getCallIndex@UnDecorator@@CA?AVDName@@XZ 0000000180017250 f i libvcruntimed:undname.obj
 0001:00016280       ?getCallingConvention@UnDecorator@@CA?AVDName@@XZ 0000000180017280 f   libvcruntimed:undname.obj
 0001:000164f0       ?getDataIndirectType@UnDecorator@@CA?AVDName@@AEBV2@PEBD0H@Z 00000001800174f0 f   libvcruntimed:undname.obj
 0001:000171d0       ?getDataIndirectType@UnDecorator@@CA?AVDName@@XZ 00000001800181d0 f i libvcruntimed:undname.obj
 0001:00017240       ?getDataType@UnDecorator@@CA?AVDName@@PEAV2@@Z 0000000180018240 f   libvcruntimed:undname.obj
 0001:00017430       ?getDecoratedName@UnDecorator@@CA?AVDName@@XZ 0000000180018430 f   libvcruntimed:undname.obj
 0001:00017930       ?getDimension@UnDecorator@@CA?AVDName@@_N@Z 0000000180018930 f   libvcruntimed:undname.obj
 0001:00017d70       ?getDispatchTarget@UnDecorator@@CA?AVDName@@XZ 0000000180018d70 f   libvcruntimed:undname.obj
 0001:00017e70       ?getDisplacement@UnDecorator@@CA?AVDName@@XZ 0000000180018e70 f i libvcruntimed:undname.obj
 0001:00017ea0       ?getECSUDataType@UnDecorator@@CA?AVDName@@XZ 0000000180018ea0 f   libvcruntimed:undname.obj
 0001:00018170       ?getECSUName@UnDecorator@@CA?AVDName@@XZ 0000000180019170 f i libvcruntimed:undname.obj
 0001:000181a0       ?getEnumType@UnDecorator@@CA?AVDName@@XZ 00000001800191a0 f i libvcruntimed:undname.obj
 0001:00018380       ?getExtendedDataIndirectType@UnDecorator@@CA?AVDName@@AEAPEBDAEA_NH@Z 0000000180019380 f   libvcruntimed:undname.obj
 0001:00018770       ?getExternalDataType@UnDecorator@@CA?AVDName@@AEBV2@@Z 0000000180019770 f i libvcruntimed:undname.obj
 0001:00018870       ?getFunctionIndirectType@UnDecorator@@CA?AVDName@@AEBV2@@Z 0000000180019870 f   libvcruntimed:undname.obj
 0001:00018f70       ?getGuardNumber@UnDecorator@@CA?AVDName@@XZ 0000000180019f70 f i libvcruntimed:undname.obj
 0001:00018fa0       ?getLastChar@DName@@QEBADXZ 0000000180019fa0 f i libvcruntimed:undname.obj
 0001:00019010       ?getLastChar@DNameStatusNode@@UEBADXZ 000000018001a010 f i libvcruntimed:undname.obj
 0001:00019060       ?getLastChar@charNode@@UEBADXZ 000000018001a060 f i libvcruntimed:undname.obj
 0001:00019080       ?getLastChar@pDNameNode@@UEBADXZ 000000018001a080 f i libvcruntimed:undname.obj
 0001:000190d0       ?getLastChar@pairNode@@UEBADXZ 000000018001a0d0 f i libvcruntimed:undname.obj
 0001:00019190       ?getLastChar@pcharNode@@UEBADXZ 000000018001a190 f i libvcruntimed:undname.obj
 0001:000191e0       ?getLexicalFrame@UnDecorator@@CA?AVDName@@XZ 000000018001a1e0 f i libvcruntimed:undname.obj
 0001:00019230       ?getMemory@_HeapManager@@QEAAPEAX_KH@Z 000000018001a230 f   libvcruntimed:undname.obj
 0001:00019410       ?getNumberOfDimensions@UnDecorator@@CAHXZ 000000018001a410 f   libvcruntimed:undname.obj
 0001:00019580       ?getOperatorName@UnDecorator@@CA?AVDName@@_NPEA_N@Z 000000018001a580 f i libvcruntimed:undname.obj
 0001:0001a660       ?getPointerType@UnDecorator@@CA?AVDName@@AEBV2@0@Z 000000018001b660 f i libvcruntimed:undname.obj
 0001:0001a6c0       ?getPointerTypeArray@UnDecorator@@CA?AVDName@@AEBV2@0@Z 000000018001b6c0 f i libvcruntimed:undname.obj
 0001:0001a720       ?getPrimaryDataType@UnDecorator@@CA?AVDName@@AEBV2@@Z 000000018001b720 f   libvcruntimed:undname.obj
 0001:0001ad40       ?getPtrRefDataType@UnDecorator@@CA?AVDName@@AEBV2@H@Z 000000018001bd40 f   libvcruntimed:undname.obj
 0001:0001b070       ?getPtrRefType@UnDecorator@@CA?AVDName@@AEBV2@0PEBD@Z 000000018001c070 f   libvcruntimed:undname.obj
 0001:0001b310       ?getReferenceType@UnDecorator@@CA?AVDName@@AEBV2@0PEBD@Z 000000018001c310 f i libvcruntimed:undname.obj
 0001:0001b360       ?getRestrictionSpec@UnDecorator@@CA?AVDName@@XZ 000000018001c360 f   libvcruntimed:undname.obj
 0001:0001b560       ?getReturnType@UnDecorator@@CA?AVDName@@PEAV2@@Z 000000018001c560 f   libvcruntimed:undname.obj
 0001:0001b5e0       ?getScope@UnDecorator@@CA?AVDName@@XZ 000000018001c5e0 f   libvcruntimed:undname.obj
 0001:0001bd50       ?getScopedName@UnDecorator@@CA?AVDName@@XZ 000000018001cd50 f   libvcruntimed:undname.obj
 0001:0001bf10       ?getSignedDimension@UnDecorator@@CA?AVDName@@XZ 000000018001cf10 f   libvcruntimed:undname.obj
 0001:0001bfc0       ?getStorageConvention@UnDecorator@@CA?AVDName@@XZ 000000018001cfc0 f i libvcruntimed:undname.obj
 0001:0001bff0       ?getString@DName@@QEBAPEADPEAD0@Z 000000018001cff0 f i libvcruntimed:undname.obj
 0001:0001c080       ?getString@DName@@QEBAPEADPEADH@Z 000000018001d080 f i libvcruntimed:undname.obj
 0001:0001c160       ?getString@DNameStatusNode@@UEBAPEADPEAD0@Z 000000018001d160 f i libvcruntimed:undname.obj
 0001:0001c1c0       ?getString@charNode@@UEBAPEADPEAD0@Z 000000018001d1c0 f i libvcruntimed:undname.obj
 0001:0001c210       ?getString@pDNameNode@@UEBAPEADPEAD0@Z 000000018001d210 f i libvcruntimed:undname.obj
 0001:0001c280       ?getString@pairNode@@UEBAPEADPEAD0@Z 000000018001d280 f i libvcruntimed:undname.obj
 0001:0001c370       ?getString@pcharNode@@UEBAPEADPEAD0@Z 000000018001d370 f i libvcruntimed:undname.obj
 0001:0001c3c0       ?getStringEncoding@UnDecorator@@CA?AVDName@@PEBDH@Z 000000018001d3c0 f   libvcruntimed:undname.obj
 0001:0001c550       ?getStringHelper@@YAPEADPEADPEBD1H@Z 000000018001d550 f i libvcruntimed:undname.obj
 0001:0001c5d0       ?getSymbolName@UnDecorator@@CA?AVDName@@XZ 000000018001d5d0 f i libvcruntimed:undname.obj
 0001:0001c690       ?getTemplateArgumentList@UnDecorator@@CA?AVDName@@XZ 000000018001d690 f   libvcruntimed:undname.obj
 0001:0001cc20       ?getTemplateConstant@UnDecorator@@CA?AVDName@@XZ 000000018001dc20 f   libvcruntimed:undname.obj
 0001:0001d470       ?getTemplateName@UnDecorator@@CA?AVDName@@_N@Z 000000018001e470 f   libvcruntimed:undname.obj
 0001:0001d740       ?getThisType@UnDecorator@@CA?AVDName@@XZ 000000018001e740 f i libvcruntimed:undname.obj
 0001:0001d7b0       ?getThrowTypes@UnDecorator@@CA?AVDName@@XZ 000000018001e7b0 f   libvcruntimed:undname.obj
 0001:0001d8d0       ?getTypeEncoding@UnDecorator@@CAHXZ 000000018001e8d0 f i libvcruntimed:undname.obj
 0001:0001e7a0       ?getVCallThunkType@UnDecorator@@CA?AVDName@@XZ 000000018001f7a0 f i libvcruntimed:undname.obj
 0001:0001e840       ?getVbTableType@UnDecorator@@CA?AVDName@@AEBV2@@Z 000000018001f840 f i libvcruntimed:undname.obj
 0001:0001e870       ?getVdispMapType@UnDecorator@@CA?AVDName@@AEBV2@@Z 000000018001f870 f i libvcruntimed:undname.obj
 0001:0001e920       ?getVfTableType@UnDecorator@@CA?AVDName@@AEBV2@@Z 000000018001f920 f i libvcruntimed:undname.obj
 0001:0001ebd0       ?getZName@UnDecorator@@CA?AVDName@@_N0@Z 000000018001fbd0 f   libvcruntimed:undname.obj
 0001:0001f060       ?haveTemplateParameters@UnDecorator@@SAHXZ 0000000180020060 f i libvcruntimed:undname.obj
 0001:0001f070       ?isArray@DName@@QEBAHXZ    0000000180020070 f i libvcruntimed:undname.obj
 0001:0001f090       ?isComArray@DName@@QEBAHXZ 0000000180020090 f i libvcruntimed:undname.obj
 0001:0001f0b0       ?isEmpty@DName@@QEBAHXZ    00000001800200b0 f i libvcruntimed:undname.obj
 0001:0001f0f0       ?isFull@Replicator@@QEBAHXZ 00000001800200f0 f i libvcruntimed:undname.obj
 0001:0001f130       ?isNoTE@DName@@QEBAHXZ     0000000180020130 f i libvcruntimed:undname.obj
 0001:0001f150       ?isPinPtr@DName@@QEBAHXZ   0000000180020150 f i libvcruntimed:undname.obj
 0001:0001f170       ?isPtrRef@DName@@QEBAHXZ   0000000180020170 f i libvcruntimed:undname.obj
 0001:0001f190       ?isUDC@DName@@QEBAHXZ      0000000180020190 f i libvcruntimed:undname.obj
 0001:0001f1f0       ?isUDTThunk@DName@@QEBAHXZ 00000001800201f0 f i libvcruntimed:undname.obj
 0001:0001f250       ?isVCallThunk@DName@@QEBAHXZ 0000000180020250 f i libvcruntimed:undname.obj
 0001:0001f270       ?isValid@DName@@QEBAHXZ    0000000180020270 f i libvcruntimed:undname.obj
 0001:0001f2c0       ?length@DName@@QEBAHXZ     00000001800202c0 f i libvcruntimed:undname.obj
 0001:0001f330       ?length@DNameStatusNode@@UEBAHXZ 0000000180020330 f i libvcruntimed:undname.obj
 0001:0001f350       ?length@charNode@@UEBAHXZ  0000000180020350 f i libvcruntimed:undname.obj
 0001:0001f360       ?length@pDNameNode@@UEBAHXZ 0000000180020360 f i libvcruntimed:undname.obj
 0001:0001f3b0       ?length@pairNode@@UEBAHXZ  00000001800203b0 f i libvcruntimed:undname.obj
 0001:0001f490       ?length@pcharNode@@UEBAHXZ 0000000180020490 f i libvcruntimed:undname.obj
 0001:0001f4b0       ?make@DNameStatusNode@@SAPEAV1@W4DNameStatus@@@Z 00000001800204b0 f i libvcruntimed:undname.obj
 0001:0001f580       ?setIsArray@DName@@QEAAXXZ 0000000180020580 f i libvcruntimed:undname.obj
 0001:0001f5a0       ?setIsComArray@DName@@QEAAXXZ 00000001800205a0 f i libvcruntimed:undname.obj
 0001:0001f5c0       ?setIsNoTE@DName@@QEAAXXZ  00000001800205c0 f i libvcruntimed:undname.obj
 0001:0001f5e0       ?setIsPinPtr@DName@@QEAAXXZ 00000001800205e0 f i libvcruntimed:undname.obj
 0001:0001f600       ?setIsUDC@DName@@QEAAXXZ   0000000180020600 f i libvcruntimed:undname.obj
 0001:0001f640       ?setIsVCallThunk@DName@@QEAAXXZ 0000000180020640 f i libvcruntimed:undname.obj
 0001:0001f660       ?setPtrRef@DName@@QEAAAEAV1@XZ 0000000180020660 f i libvcruntimed:undname.obj
 0001:0001f690       ?status@DName@@QEBA?AW4DNameStatus@@XZ 0000000180020690 f i libvcruntimed:undname.obj
 0001:0001f800       __unDName                  0000000180020800 f   libvcruntimed:undname.obj
 0001:0001f900       __unDNameEx                0000000180020900 f   libvcruntimed:undname.obj
 0001:0001fa00       ??$?RU__vcrt_ptd@@@__crt_internal_free_policy@@QEBAXQEBU__vcrt_ptd@@@Z 0000000180020a00 f i libvcruntimed:per_thread_data.obj
 0001:0001fa30       ??0?$__crt_unique_heap_ptr@U__vcrt_ptd@@U__crt_internal_free_policy@@@@QEAA@QEAU__vcrt_ptd@@@Z 0000000180020a30 f i libvcruntimed:per_thread_data.obj
 0001:0001fa90       ??1?$__crt_unique_heap_ptr@U__vcrt_ptd@@U__crt_internal_free_policy@@@@QEAA@XZ 0000000180020a90 f i libvcruntimed:per_thread_data.obj
 0001:0001fae0       ??B?$__crt_unique_heap_ptr@U__vcrt_ptd@@U__crt_internal_free_policy@@@@QEBA_NXZ 0000000180020ae0 f i libvcruntimed:per_thread_data.obj
 0001:0001fb00       ?detach@?$__crt_unique_heap_ptr@U__vcrt_ptd@@U__crt_internal_free_policy@@@@QEAAPEAU__vcrt_ptd@@XZ 0000000180020b00 f i libvcruntimed:per_thread_data.obj
 0001:0001fb40       ?get@?$__crt_unique_heap_ptr@U__vcrt_ptd@@U__crt_internal_free_policy@@@@QEBAPEAU__vcrt_ptd@@XZ 0000000180020b40 f i libvcruntimed:per_thread_data.obj
 0001:0001fb60       ?is_valid@?$__crt_unique_heap_ptr@U__vcrt_ptd@@U__crt_internal_free_policy@@@@QEBA_NXZ 0000000180020b60 f i libvcruntimed:per_thread_data.obj
 0001:0001fba0       ?release@?$__crt_unique_heap_ptr@U__vcrt_ptd@@U__crt_internal_free_policy@@@@QEAAXXZ 0000000180020ba0 f i libvcruntimed:per_thread_data.obj
 0001:0001fc20       __vcrt_freefls             0000000180020c20 f   libvcruntimed:per_thread_data.obj
 0001:0001fc70       __vcrt_freeptd             0000000180020c70 f   libvcruntimed:per_thread_data.obj
 0001:0001fcf0       __vcrt_getptd              0000000180020cf0 f   libvcruntimed:per_thread_data.obj
 0001:0001fd20       __vcrt_getptd_noexit       0000000180020d20 f   libvcruntimed:per_thread_data.obj
 0001:0001ff30       __vcrt_getptd_noinit       0000000180020f30 f   libvcruntimed:per_thread_data.obj
 0001:0001ffb0       __vcrt_initialize_ptd      0000000180020fb0 f   libvcruntimed:per_thread_data.obj
 0001:00020010       __vcrt_uninitialize_ptd    0000000180021010 f   libvcruntimed:per_thread_data.obj
 0001:00020050       __vcrt_initialize_locks    0000000180021050 f   libvcruntimed:locks.obj
 0001:000200e0       __vcrt_lock                00000001800210e0 f   libvcruntimed:locks.obj
 0001:00020120       __vcrt_uninitialize_locks  0000000180021120 f   libvcruntimed:locks.obj
 0001:00020190       __vcrt_unlock              0000000180021190 f   libvcruntimed:locks.obj
 0001:000201d0       ??$?BX@__crt_fast_encoded_nullptr_t@@QEBAPEAXXZ 00000001800211d0 f i libvcruntimed:winapi_downlevel.obj
 0001:000201f0       ??$__crt_fast_decode_pointer@PEAX@@YAPEAXQEAX@Z 00000001800211f0 f i libvcruntimed:winapi_downlevel.obj
 0001:00020240       ??$__crt_fast_encode_pointer@PEAX@@YAPEAXQEAX@Z 0000000180021240 f i libvcruntimed:winapi_downlevel.obj
 0001:00020290       ??$__crt_interlocked_exchange_pointer@UHINSTANCE__@@PEAU1@@@YAPEAUHINSTANCE__@@PEDSEAU0@QEAU0@@Z 0000000180021290 f i libvcruntimed:winapi_downlevel.obj
 0001:000202b0       ??$__crt_interlocked_exchange_pointer@UHINSTANCE__@@PEAX@@YAPEAUHINSTANCE__@@PEDSEAU0@QEAX@Z 00000001800212b0 f i libvcruntimed:winapi_downlevel.obj
 0001:000202d0       ??$__crt_interlocked_exchange_pointer@XPEAX@@YAPEAXPEDSEAXQEAX@Z 00000001800212d0 f i libvcruntimed:winapi_downlevel.obj
 0001:000202f0       ??$__crt_interlocked_read_pointer@UHINSTANCE__@@@@YAPEAUHINSTANCE__@@PEDSEAU0@@Z 00000001800212f0 f i libvcruntimed:winapi_downlevel.obj
 0001:00020310       ??$__crt_interlocked_read_pointer@X@@YAPEAXPEDSEAX@Z 0000000180021310 f i libvcruntimed:winapi_downlevel.obj
 0001:00020330       ?__crt_fast_encode_pointer@@YA?AU__crt_fast_encoded_nullptr_t@@$$T@Z 0000000180021330 f i libvcruntimed:winapi_downlevel.obj
 0001:000209f0       __vcrt_FlsAlloc            00000001800219f0 f   libvcruntimed:winapi_downlevel.obj
 0001:00020a50       __vcrt_FlsFree             0000000180021a50 f   libvcruntimed:winapi_downlevel.obj
 0001:00020ab0       __vcrt_FlsGetValue         0000000180021ab0 f   libvcruntimed:winapi_downlevel.obj
 0001:00020b10       __vcrt_FlsSetValue         0000000180021b10 f   libvcruntimed:winapi_downlevel.obj
 0001:00020b80       __vcrt_InitializeCriticalSectionEx 0000000180021b80 f   libvcruntimed:winapi_downlevel.obj
 0001:00020c00       __vcrt_initialize_winapi_thunks 0000000180021c00 f   libvcruntimed:winapi_downlevel.obj
 0001:00020ca0       __vcrt_uninitialize_winapi_thunks 0000000180021ca0 f   libvcruntimed:winapi_downlevel.obj
 0001:00020d60       ??$?B$$A6AXXZ@__crt_fast_encoded_nullptr_t@@QEBAP6AXXZXZ 0000000180021d60 f i libvcruntimed:purevirt_data.obj
 0001:00020d80       ??$__crt_fast_encode_pointer@P6AXXZ@@YAP6AXXZQ6AXXZ@Z 0000000180021d80 f i libvcruntimed:purevirt_data.obj
 0001:00020dd0       __vcrt_initialize_pure_virtual_call_handler 0000000180021dd0 f   libvcruntimed:purevirt_data.obj
 0001:00020e00       ??$__crt_fast_decode_pointer@P6AXXZ@@YAP6AXXZQ6AXXZ@Z 0000000180021e00 f i libvcruntimed:purevirt.obj
 0001:00020e50       ??$__crt_interlocked_exchange_pointer@$$A6AXXZP6AXXZ@@YAP6AXXZPEDS6AXXZQ6AXXZ@Z 0000000180021e50 f i libvcruntimed:purevirt.obj
 0001:00020e70       ??$__crt_interlocked_read_pointer@$$A6AXXZ@@YAP6AXXZPEDS6AXXZ@Z 0000000180021e70 f i libvcruntimed:purevirt.obj
 0001:00020e90       _get_purecall_handler      0000000180021e90 f   libvcruntimed:purevirt.obj
 0001:00020ec0       _purecall                  0000000180021ec0 f   libvcruntimed:purevirt.obj
 0001:00020f10       _set_purecall_handler      0000000180021f10 f   libvcruntimed:purevirt.obj
 0001:00020f50       ??0_LocaleUpdate@@QEAA@QEAU__crt_locale_pointers@@@Z 0000000180021f50 f i libucrtd:stricmp.obj
 0001:000210c0       ??1_LocaleUpdate@@QEAA@XZ  00000001800220c0 f i libucrtd:stricmp.obj
 0001:00021100       ?GetLocaleT@_LocaleUpdate@@QEAAPEAU__crt_locale_pointers@@XZ 0000000180022100 f i libucrtd:stricmp.obj
 0001:00021120       __acrt_locale_changed      0000000180022120 f i libucrtd:stricmp.obj
 0001:00021150       __ascii_stricmp            0000000180022150 f   libucrtd:stricmp.obj
 0001:00021220       _stricmp                   0000000180022220 f   libucrtd:stricmp.obj
 0001:00021420       _stricmp_l                 0000000180022420 f   libucrtd:stricmp.obj
 0001:00021770       ??$?RU?$__crt_report_hook_node@D@@@__crt_internal_free_policy@@QEBAXQEBU?$__crt_report_hook_node@D@@@Z 0000000180022770 f i libucrtd:dbgrpt.obj
 0001:000217a0       ??$?RU?$__crt_report_hook_node@_W@@@__crt_internal_free_policy@@QEBAXQEBU?$__crt_report_hook_node@_W@@@Z 00000001800227a0 f i libucrtd:dbgrpt.obj
 0001:00021970       ??$__vcrt_va_start_verify_argument_type@QEB_W@@YAXXZ 0000000180022970 f i libucrtd:dbgrpt.obj
 0001:00022e90       ??$get_module_file_name@AEAPEAUHINSTANCE__@@AEAY0BAF@DK@?$__crt_char_traits@D@@SAKAEAPEAUHINSTANCE__@@AEAY0BAF@D$$QEAK@Z 0000000180023e90 f i libucrtd:dbgrpt.obj
 0001:00022ed0       ??$get_module_file_name@AEAPEAUHINSTANCE__@@AEAY0BAF@_WK@?$__crt_char_traits@_W@@SAKAEAPEAUHINSTANCE__@@AEAY0BAF@_W$$QEAK@Z 0000000180023ed0 f i libucrtd:dbgrpt.obj
 0001:00022f10       ??$tcscpy_s@AEAY0BAF@D_KPEBD@?$__crt_char_traits@D@@SAHAEAY0BAF@D$$QEA_K$$QEAPEBD@Z 0000000180023f10 f i libucrtd:dbgrpt.obj
 0001:00022f50       ??$tcscpy_s@AEAY0BAF@_W_KPEB_W@?$__crt_char_traits@_W@@SAHAEAY0BAF@_W$$QEA_K$$QEAPEB_W@Z 0000000180023f50 f i libucrtd:dbgrpt.obj
 0001:00022f90       ??$tcslen@AEAY0BAF@D@?$__crt_char_traits@D@@SA_KAEAY0BAF@D@Z 0000000180023f90 f i libucrtd:dbgrpt.obj
 0001:00022fb0       ??$tcslen@AEAY0BAF@_W@?$__crt_char_traits@_W@@SA_KAEAY0BAF@_W@Z 0000000180023fb0 f i libucrtd:dbgrpt.obj
 0001:00022fd0       ??$tcslen@AEBQEBD@?$__crt_char_traits@D@@SA_KAEBQEBD@Z 0000000180023fd0 f i libucrtd:dbgrpt.obj
 0001:00023000       ??$tcslen@AEBQEB_W@?$__crt_char_traits@_W@@SA_KAEBQEB_W@Z 0000000180024000 f i libucrtd:dbgrpt.obj
 0001:00023170       ??0?$__crt_unique_heap_ptr@U?$__crt_report_hook_node@D@@U__crt_internal_free_policy@@@@QEAA@QEAU?$__crt_report_hook_node@D@@@Z 0000000180024170 f i libucrtd:dbgrpt.obj
 0001:000231a0       ??0?$__crt_unique_heap_ptr@U?$__crt_report_hook_node@_W@@U__crt_internal_free_policy@@@@QEAA@QEAU?$__crt_report_hook_node@_W@@@Z 00000001800241a0 f i libucrtd:dbgrpt.obj
 0001:000231d0       ??1?$__crt_unique_heap_ptr@U?$__crt_report_hook_node@D@@U__crt_internal_free_policy@@@@QEAA@XZ 00000001800241d0 f i libucrtd:dbgrpt.obj
 0001:000231f0       ??1?$__crt_unique_heap_ptr@U?$__crt_report_hook_node@_W@@U__crt_internal_free_policy@@@@QEAA@XZ 00000001800241f0 f i libucrtd:dbgrpt.obj
 0001:00023210       ??B?$__crt_unique_heap_ptr@U?$__crt_report_hook_node@D@@U__crt_internal_free_policy@@@@QEBA_NXZ 0000000180024210 f i libucrtd:dbgrpt.obj
 0001:00023230       ??B?$__crt_unique_heap_ptr@U?$__crt_report_hook_node@_W@@U__crt_internal_free_policy@@@@QEBA_NXZ 0000000180024230 f i libucrtd:dbgrpt.obj
 0001:00023a90       ?detach@?$__crt_unique_heap_ptr@U?$__crt_report_hook_node@D@@U__crt_internal_free_policy@@@@QEAAPEAU?$__crt_report_hook_node@D@@XZ 0000000180024a90 f i libucrtd:dbgrpt.obj
 0001:00023ad0       ?detach@?$__crt_unique_heap_ptr@U?$__crt_report_hook_node@_W@@U__crt_internal_free_policy@@@@QEAAPEAU?$__crt_report_hook_node@_W@@XZ 0000000180024ad0 f i libucrtd:dbgrpt.obj
 0001:00023b10       ?get@?$__crt_unique_heap_ptr@U?$__crt_report_hook_node@D@@U__crt_internal_free_policy@@@@QEBAPEAU?$__crt_report_hook_node@D@@XZ 0000000180024b10 f i libucrtd:dbgrpt.obj
 0001:00023b30       ?get@?$__crt_unique_heap_ptr@U?$__crt_report_hook_node@_W@@U__crt_internal_free_policy@@@@QEBAPEAU?$__crt_report_hook_node@_W@@XZ 0000000180024b30 f i libucrtd:dbgrpt.obj
 0001:00023bb0       ?is_valid@?$__crt_unique_heap_ptr@U?$__crt_report_hook_node@D@@U__crt_internal_free_policy@@@@QEBA_NXZ 0000000180024bb0 f i libucrtd:dbgrpt.obj
 0001:00023bf0       ?is_valid@?$__crt_unique_heap_ptr@U?$__crt_report_hook_node@_W@@U__crt_internal_free_policy@@@@QEBA_NXZ 0000000180024bf0 f i libucrtd:dbgrpt.obj
 0001:00023c30       ?release@?$__crt_unique_heap_ptr@U?$__crt_report_hook_node@D@@U__crt_internal_free_policy@@@@QEAAXXZ 0000000180024c30 f i libucrtd:dbgrpt.obj
 0001:00023c70       ?release@?$__crt_unique_heap_ptr@U?$__crt_report_hook_node@_W@@U__crt_internal_free_policy@@@@QEAAXXZ 0000000180024c70 f i libucrtd:dbgrpt.obj
 0001:00023cb0       _CrtDbgReport              0000000180024cb0 f   libucrtd:dbgrpt.obj
 0001:00023d50       _CrtDbgReportW             0000000180024d50 f   libucrtd:dbgrpt.obj
 0001:00023df0       _CrtSetReportHook2         0000000180024df0 f   libucrtd:dbgrpt.obj
 0001:00023e20       _CrtSetReportHookW2        0000000180024e20 f   libucrtd:dbgrpt.obj
 0001:00023e50       __acrt_MessageWindowA      0000000180024e50 f   libucrtd:dbgrpt.obj
 0001:00023eb0       __acrt_MessageWindowW      0000000180024eb0 f   libucrtd:dbgrpt.obj
 0001:00023f10       _invoke_watson_if_error    0000000180024f10 f i libucrtd:dbgrpt.obj
 0001:00023f70       _invoke_watson_if_oneof    0000000180024f70 f i libucrtd:dbgrpt.obj
 0001:00023ff0       _snwprintf_s               0000000180024ff0 f i libucrtd:dbgrpt.obj
 0001:00024080       _vsnwprintf_s_l            0000000180025080 f i libucrtd:dbgrpt.obj
 0001:00024120       _initterm                  0000000180025120 f   libucrtd:initterm.obj
 0001:000241a0       _initterm_e                00000001800251a0 f   libucrtd:initterm.obj
 0001:00024830       strcpy_s                   0000000180025830 f   libucrtd:strcpy_s.obj
 0001:00025070       strcat_s                   0000000180026070 f   libucrtd:strcat_s.obj
 0001:000250b0       ??$?0AEBV?$stream_output_adapter@D@__crt_stdio_output@@AEB_KAEBQEBDAEBQEAU__crt_locale_pointers@@AEBQEAD@?$format_validation_base@DV?$stream_output_adapter@D@__crt_stdio_output@@@__crt_stdio_output@@IEAA@AEBV?$stream_output_adapter@D@1@AEB_KAEBQEBDAEBQEAU__crt_locale_pointers@@AEBQEAD@Z 00000001800260b0 f i libucrtd:output.obj
 0001:00025120       ??$?0AEBV?$stream_output_adapter@D@__crt_stdio_output@@AEB_KAEBQEBDAEBQEAU__crt_locale_pointers@@AEBQEAD@?$positional_parameter_base@DV?$stream_output_adapter@D@__crt_stdio_output@@@__crt_stdio_output@@IEAA@AEBV?$stream_output_adapter@D@1@AEB_KAEBQEBDAEBQEAU__crt_locale_pointers@@AEBQEAD@Z 0000000180026120 f i libucrtd:output.obj
 0001:000251f0       ??$?0AEBV?$stream_output_adapter@D@__crt_stdio_output@@AEB_KAEBQEBDAEBQEAU__crt_locale_pointers@@AEBQEAD@?$standard_base@DV?$stream_output_adapter@D@__crt_stdio_output@@@__crt_stdio_output@@IEAA@AEBV?$stream_output_adapter@D@1@AEB_KAEBQEBDAEBQEAU__crt_locale_pointers@@AEBQEAD@Z 00000001800261f0 f i libucrtd:output.obj
 0001:00025280       ??$?0AEBV?$stream_output_adapter@_W@__crt_stdio_output@@AEB_KAEBQEB_WAEBQEAU__crt_locale_pointers@@AEBQEAD@?$format_validation_base@_WV?$stream_output_adapter@_W@__crt_stdio_output@@@__crt_stdio_output@@IEAA@AEBV?$stream_output_adapter@_W@1@AEB_KAEBQEB_WAEBQEAU__crt_locale_pointers@@AEBQEAD@Z 0000000180026280 f i libucrtd:output.obj
 0001:000252f0       ??$?0AEBV?$stream_output_adapter@_W@__crt_stdio_output@@AEB_KAEBQEB_WAEBQEAU__crt_locale_pointers@@AEBQEAD@?$positional_parameter_base@_WV?$stream_output_adapter@_W@__crt_stdio_output@@@__crt_stdio_output@@IEAA@AEBV?$stream_output_adapter@_W@1@AEB_KAEBQEB_WAEBQEAU__crt_locale_pointers@@AEBQEAD@Z 00000001800262f0 f i libucrtd:output.obj
 0001:000253c0       ??$?0AEBV?$stream_output_adapter@_W@__crt_stdio_output@@AEB_KAEBQEB_WAEBQEAU__crt_locale_pointers@@AEBQEAD@?$standard_base@_WV?$stream_output_adapter@_W@__crt_stdio_output@@@__crt_stdio_output@@IEAA@AEBV?$stream_output_adapter@_W@1@AEB_KAEBQEB_WAEBQEAU__crt_locale_pointers@@AEBQEAD@Z 00000001800263c0 f i libucrtd:output.obj
 0001:00025450       ??$?0AEBV?$string_output_adapter@D@__crt_stdio_output@@AEB_KAEBQEBDAEBQEAU__crt_locale_pointers@@AEBQEAD@?$format_validation_base@DV?$string_output_adapter@D@__crt_stdio_output@@@__crt_stdio_output@@IEAA@AEBV?$string_output_adapter@D@1@AEB_KAEBQEBDAEBQEAU__crt_locale_pointers@@AEBQEAD@Z 0000000180026450 f i libucrtd:output.obj
 0001:000254c0       ??$?0AEBV?$string_output_adapter@D@__crt_stdio_output@@AEB_KAEBQEBDAEBQEAU__crt_locale_pointers@@AEBQEAD@?$positional_parameter_base@DV?$string_output_adapter@D@__crt_stdio_output@@@__crt_stdio_output@@IEAA@AEBV?$string_output_adapter@D@1@AEB_KAEBQEBDAEBQEAU__crt_locale_pointers@@AEBQEAD@Z 00000001800264c0 f i libucrtd:output.obj
 0001:00025590       ??$?0AEBV?$string_output_adapter@D@__crt_stdio_output@@AEB_KAEBQEBDAEBQEAU__crt_locale_pointers@@AEBQEAD@?$standard_base@DV?$string_output_adapter@D@__crt_stdio_output@@@__crt_stdio_output@@IEAA@AEBV?$string_output_adapter@D@1@AEB_KAEBQEBDAEBQEAU__crt_locale_pointers@@AEBQEAD@Z 0000000180026590 f i libucrtd:output.obj
 0001:00025620       ??$?0AEBV?$string_output_adapter@_W@__crt_stdio_output@@AEB_KAEBQEB_WAEBQEAU__crt_locale_pointers@@AEBQEAD@?$format_validation_base@_WV?$string_output_adapter@_W@__crt_stdio_output@@@__crt_stdio_output@@IEAA@AEBV?$string_output_adapter@_W@1@AEB_KAEBQEB_WAEBQEAU__crt_locale_pointers@@AEBQEAD@Z 0000000180026620 f i libucrtd:output.obj
 0001:00025690       ??$?0AEBV?$string_output_adapter@_W@__crt_stdio_output@@AEB_KAEBQEB_WAEBQEAU__crt_locale_pointers@@AEBQEAD@?$positional_parameter_base@_WV?$string_output_adapter@_W@__crt_stdio_output@@@__crt_stdio_output@@IEAA@AEBV?$string_output_adapter@_W@1@AEB_KAEBQEB_WAEBQEAU__crt_locale_pointers@@AEBQEAD@Z 0000000180026690 f i libucrtd:output.obj
 0001:00025760       ??$?0AEBV?$string_output_adapter@_W@__crt_stdio_output@@AEB_KAEBQEB_WAEBQEAU__crt_locale_pointers@@AEBQEAD@?$standard_base@_WV?$string_output_adapter@_W@__crt_stdio_output@@@__crt_stdio_output@@IEAA@AEBV?$string_output_adapter@_W@1@AEB_KAEBQEB_WAEBQEAU__crt_locale_pointers@@AEBQEAD@Z 0000000180026760 f i libucrtd:output.obj
 0001:00025cd0       ??$__crt_interlocked_read@J@@YAJPEDJ@Z 0000000180026cd0 f i libucrtd:output.obj
 0001:0002a640       ??$count@D@formatting_buffer@__crt_stdio_output@@QEBA_KXZ 000000018002b640 f i libucrtd:output.obj
 0001:0002a6a0       ??$count@_W@formatting_buffer@__crt_stdio_output@@QEBA_KXZ 000000018002b6a0 f i libucrtd:output.obj
 0001:0002a710       ??$data@D@formatting_buffer@__crt_stdio_output@@QEAAPEADXZ 000000018002b710 f i libucrtd:output.obj
 0001:0002a770       ??$data@_W@formatting_buffer@__crt_stdio_output@@QEAAPEA_WXZ 000000018002b770 f i libucrtd:output.obj
 0001:0002a7d0       ??$ensure_buffer_is_big_enough@D@formatting_buffer@__crt_stdio_output@@QEAA_N_K@Z 000000018002b7d0 f i libucrtd:output.obj
 0001:0002a940       ??$ensure_buffer_is_big_enough@_W@formatting_buffer@__crt_stdio_output@@QEAA_N_K@Z 000000018002b940 f i libucrtd:output.obj
 0001:0002aac0       ??$extract_argument_from_va_list@C_J@?$positional_parameter_base@DV?$stream_output_adapter@D@__crt_stdio_output@@@__crt_stdio_output@@IEAA_NAEA_J@Z 000000018002bac0 f i libucrtd:output.obj
 0001:0002aca0       ??$extract_argument_from_va_list@C_J@?$positional_parameter_base@DV?$string_output_adapter@D@__crt_stdio_output@@@__crt_stdio_output@@IEAA_NAEA_J@Z 000000018002bca0 f i libucrtd:output.obj
 0001:0002ae80       ??$extract_argument_from_va_list@C_J@?$positional_parameter_base@_WV?$stream_output_adapter@_W@__crt_stdio_output@@@__crt_stdio_output@@IEAA_NAEA_J@Z 000000018002be80 f i libucrtd:output.obj
 0001:0002b060       ??$extract_argument_from_va_list@C_J@?$positional_parameter_base@_WV?$string_output_adapter@_W@__crt_stdio_output@@@__crt_stdio_output@@IEAA_NAEA_J@Z 000000018002c060 f i libucrtd:output.obj
 0001:0002b240       ??$extract_argument_from_va_list@C_J@?$standard_base@DV?$stream_output_adapter@D@__crt_stdio_output@@@__crt_stdio_output@@IEAA_NAEA_J@Z 000000018002c240 f i libucrtd:output.obj
 0001:0002b280       ??$extract_argument_from_va_list@C_J@?$standard_base@DV?$string_output_adapter@D@__crt_stdio_output@@@__crt_stdio_output@@IEAA_NAEA_J@Z 000000018002c280 f i libucrtd:output.obj
 0001:0002b2c0       ??$extract_argument_from_va_list@C_J@?$standard_base@_WV?$stream_output_adapter@_W@__crt_stdio_output@@@__crt_stdio_output@@IEAA_NAEA_J@Z 000000018002c2c0 f i libucrtd:output.obj
 0001:0002b300       ??$extract_argument_from_va_list@C_J@?$standard_base@_WV?$string_output_adapter@_W@__crt_stdio_output@@@__crt_stdio_output@@IEAA_NAEA_J@Z 000000018002c300 f i libucrtd:output.obj
 0001:0002b340       ??$extract_argument_from_va_list@E_J@?$positional_parameter_base@DV?$stream_output_adapter@D@__crt_stdio_output@@@__crt_stdio_output@@IEAA_NAEA_J@Z 000000018002c340 f i libucrtd:output.obj
 0001:0002b520       ??$extract_argument_from_va_list@E_J@?$positional_parameter_base@DV?$string_output_adapter@D@__crt_stdio_output@@@__crt_stdio_output@@IEAA_NAEA_J@Z 000000018002c520 f i libucrtd:output.obj
 0001:0002b700       ??$extract_argument_from_va_list@E_J@?$positional_parameter_base@_WV?$stream_output_adapter@_W@__crt_stdio_output@@@__crt_stdio_output@@IEAA_NAEA_J@Z 000000018002c700 f i libucrtd:output.obj
 0001:0002b8e0       ??$extract_argument_from_va_list@E_J@?$positional_parameter_base@_WV?$string_output_adapter@_W@__crt_stdio_output@@@__crt_stdio_output@@IEAA_NAEA_J@Z 000000018002c8e0 f i libucrtd:output.obj
 0001:0002bac0       ??$extract_argument_from_va_list@E_J@?$standard_base@DV?$stream_output_adapter@D@__crt_stdio_output@@@__crt_stdio_output@@IEAA_NAEA_J@Z 000000018002cac0 f i libucrtd:output.obj
 0001:0002bb00       ??$extract_argument_from_va_list@E_J@?$standard_base@DV?$string_output_adapter@D@__crt_stdio_output@@@__crt_stdio_output@@IEAA_NAEA_J@Z 000000018002cb00 f i libucrtd:output.obj
 0001:0002bb40       ??$extract_argument_from_va_list@E_J@?$standard_base@_WV?$stream_output_adapter@_W@__crt_stdio_output@@@__crt_stdio_output@@IEAA_NAEA_J@Z 000000018002cb40 f i libucrtd:output.obj
 0001:0002bb80       ??$extract_argument_from_va_list@E_J@?$standard_base@_WV?$string_output_adapter@_W@__crt_stdio_output@@@__crt_stdio_output@@IEAA_NAEA_J@Z 000000018002cb80 f i libucrtd:output.obj
 0001:0002bbc0       ??$extract_argument_from_va_list@F_J@?$positional_parameter_base@DV?$stream_output_adapter@D@__crt_stdio_output@@@__crt_stdio_output@@IEAA_NAEA_J@Z 000000018002cbc0 f i libucrtd:output.obj
 0001:0002bda0       ??$extract_argument_from_va_list@F_J@?$positional_parameter_base@DV?$string_output_adapter@D@__crt_stdio_output@@@__crt_stdio_output@@IEAA_NAEA_J@Z 000000018002cda0 f i libucrtd:output.obj
 0001:0002bf80       ??$extract_argument_from_va_list@F_J@?$positional_parameter_base@_WV?$stream_output_adapter@_W@__crt_stdio_output@@@__crt_stdio_output@@IEAA_NAEA_J@Z 000000018002cf80 f i libucrtd:output.obj
 0001:0002c160       ??$extract_argument_from_va_list@F_J@?$positional_parameter_base@_WV?$string_output_adapter@_W@__crt_stdio_output@@@__crt_stdio_output@@IEAA_NAEA_J@Z 000000018002d160 f i libucrtd:output.obj
 0001:0002c340       ??$extract_argument_from_va_list@F_J@?$standard_base@DV?$stream_output_adapter@D@__crt_stdio_output@@@__crt_stdio_output@@IEAA_NAEA_J@Z 000000018002d340 f i libucrtd:output.obj
 0001:0002c380       ??$extract_argument_from_va_list@F_J@?$standard_base@DV?$string_output_adapter@D@__crt_stdio_output@@@__crt_stdio_output@@IEAA_NAEA_J@Z 000000018002d380 f i libucrtd:output.obj
 0001:0002c3c0       ??$extract_argument_from_va_list@F_J@?$standard_base@_WV?$stream_output_adapter@_W@__crt_stdio_output@@@__crt_stdio_output@@IEAA_NAEA_J@Z 000000018002d3c0 f i libucrtd:output.obj
 0001:0002c400       ??$extract_argument_from_va_list@F_J@?$standard_base@_WV?$string_output_adapter@_W@__crt_stdio_output@@@__crt_stdio_output@@IEAA_NAEA_J@Z 000000018002d400 f i libucrtd:output.obj
 0001:0002c440       ??$extract_argument_from_va_list@GD@?$positional_parameter_base@DV?$stream_output_adapter@D@__crt_stdio_output@@@__crt_stdio_output@@IEAA_NAEAD@Z 000000018002d440 f i libucrtd:output.obj
 0001:0002c620       ??$extract_argument_from_va_list@GD@?$positional_parameter_base@DV?$string_output_adapter@D@__crt_stdio_output@@@__crt_stdio_output@@IEAA_NAEAD@Z 000000018002d620 f i libucrtd:output.obj
 0001:0002c800       ??$extract_argument_from_va_list@GD@?$standard_base@DV?$stream_output_adapter@D@__crt_stdio_output@@@__crt_stdio_output@@IEAA_NAEAD@Z 000000018002d800 f i libucrtd:output.obj
 0001:0002c840       ??$extract_argument_from_va_list@GD@?$standard_base@DV?$string_output_adapter@D@__crt_stdio_output@@@__crt_stdio_output@@IEAA_NAEAD@Z 000000018002d840 f i libucrtd:output.obj
 0001:0002c880       ??$extract_argument_from_va_list@G_J@?$positional_parameter_base@DV?$stream_output_adapter@D@__crt_stdio_output@@@__crt_stdio_output@@IEAA_NAEA_J@Z 000000018002d880 f i libucrtd:output.obj
 0001:0002ca60       ??$extract_argument_from_va_list@G_J@?$positional_parameter_base@DV?$string_output_adapter@D@__crt_stdio_output@@@__crt_stdio_output@@IEAA_NAEA_J@Z 000000018002da60 f i libucrtd:output.obj
 0001:0002cc40       ??$extract_argument_from_va_list@G_J@?$positional_parameter_base@_WV?$stream_output_adapter@_W@__crt_stdio_output@@@__crt_stdio_output@@IEAA_NAEA_J@Z 000000018002dc40 f i libucrtd:output.obj
 0001:0002ce20       ??$extract_argument_from_va_list@G_J@?$positional_parameter_base@_WV?$string_output_adapter@_W@__crt_stdio_output@@@__crt_stdio_output@@IEAA_NAEA_J@Z 000000018002de20 f i libucrtd:output.obj
 0001:0002d000       ??$extract_argument_from_va_list@G_J@?$standard_base@DV?$stream_output_adapter@D@__crt_stdio_output@@@__crt_stdio_output@@IEAA_NAEA_J@Z 000000018002e000 f i libucrtd:output.obj
 0001:0002d040       ??$extract_argument_from_va_list@G_J@?$standard_base@DV?$string_output_adapter@D@__crt_stdio_output@@@__crt_stdio_output@@IEAA_NAEA_J@Z 000000018002e040 f i libucrtd:output.obj
 0001:0002d080       ??$extract_argument_from_va_list@G_J@?$standard_base@_WV?$stream_output_adapter@_W@__crt_stdio_output@@@__crt_stdio_output@@IEAA_NAEA_J@Z 000000018002e080 f i libucrtd:output.obj
 0001:0002d0c0       ??$extract_argument_from_va_list@G_J@?$standard_base@_WV?$string_output_adapter@_W@__crt_stdio_output@@@__crt_stdio_output@@IEAA_NAEA_J@Z 000000018002e0c0 f i libucrtd:output.obj
[...]
 0003:00001718       ?pZNameList@UnDecorator@@0PEAVReplicator@@EA 00000001800f2718     libvcruntimed:undname.obj
 0003:00001720       ?pTemplateArgList@UnDecorator@@0PEAVReplicator@@EA 00000001800f2720     libvcruntimed:undname.obj
 0003:00001728       ?gName@UnDecorator@@0PEBDEB 00000001800f2728     libvcruntimed:undname.obj
 0003:00001730       ?name@UnDecorator@@0PEBDEB 00000001800f2730     libvcruntimed:undname.obj
 0003:00001738       ?outputString@UnDecorator@@0PEADEA 00000001800f2738     libvcruntimed:undname.obj
 0003:00001740       ?maxStringLength@UnDecorator@@0HA 00000001800f2740     libvcruntimed:undname.obj
 0003:00001744       ?disableFlags@UnDecorator@@0KA 00000001800f2744     libvcruntimed:undname.obj
 0003:00001748       ?fExplicitTemplateParams@UnDecorator@@0_NA 00000001800f2748     libvcruntimed:undname.obj
 0003:00001749       ?fGetTemplateArgumentList@UnDecorator@@0_NA 00000001800f2749     libvcruntimed:undname.obj
 0003:00001750       ?m_pGetParameter@UnDecorator@@0P6APEADJ@ZEA 00000001800f2750     libvcruntimed:undname.obj
 0003:00001800       ?nodes@?1??make@DNameStatusNode@@SAPEAV2@W4DNameStatus@@@Z@4PAV2@A 00000001800f2800     libvcruntimed:undname.obj
 0003:0000184c       ??_B?1??make@DNameStatusNode@@SAPEAV1@W4DNameStatus@@@Z@51 00000001800f284c     libvcruntimed:undname.obj
 0003:00001968       __pPurecall                00000001800f2968     libvcruntimed:purevirt_data.obj
 0003:00001981       ?c_exit_complete@?1???R<lambda_6e4b09c48022b2350581041d5f6b0c4c>@@QEBA@XZ@4_NA 00000001800f2981     libucrtd:exit.obj
 0003:00001d48       _environ_table             00000001800f2d48     libucrtd:environment_initialization.obj
 0003:00001d50       _wenviron_table            00000001800f2d50     libucrtd:environment_initialization.obj
 0003:00001d60       __dcrt_initial_wide_environment 00000001800f2d60     libucrtd:environment_initialization.obj
 0003:00001d70       __dcrt_initial_narrow_environment 00000001800f2d70     libucrtd:environment_initialization.obj
 0003:00001d80       __acrt_atexit_table        00000001800f2d80     libucrtd:onexit.obj
 0003:00001da0       __acrt_at_quick_exit_table 00000001800f2da0     libucrtd:onexit.obj
 0003:00001e18       _pfnDumpClient             00000001800f2e18     libucrtd:debug_heap.obj
 0003:00001e34       __acrt_locale_changed_data 00000001800f2e34     libucrtd:wsetlocale.obj
 0003:00001e38       __acrt_current_locale_data 00000001800f2e38     libucrtd:nlsdata.obj
 0003:00001e48       _pfnReportHook             00000001800f2e48     libucrtd:dbgrptt.obj
 0003:00001e50       _pReportHookList           00000001800f2e50     libucrtd:dbgrptt.obj
 0003:00001e58       _pReportHookListW          00000001800f2e58     libucrtd:dbgrptt.obj
 0003:00002140       _nstream                   00000001800f3140     libucrtd:_file.obj
 0003:00002148       __piob                     00000001800f3148     libucrtd:_file.obj
 0003:00002154       _cflush                    00000001800f3154     libucrtd:_file.obj
 0003:00002168       __acrt_stdout_buffer       00000001800f3168     libucrtd:_sftbuf.obj
 0003:00002178       __acrt_stderr_buffer       00000001800f3178     libucrtd:_sftbuf.obj
 0003:00002190       __pioinfo                  00000001800f3190     libucrtd:ioinit.obj
 0003:0000265c       _nhandle                   00000001800f365c     libucrtd:ioinit.obj
 0003:00002670       _mbctype                   00000001800f3670     libucrtd:mbctype.obj
 0003:00002678       _mbcasemap                 00000001800f3678     libucrtd:mbctype.obj
 0003:00002680       __acrt_current_multibyte_data 00000001800f3680     libucrtd:mbctype.obj
 0003:00002698       _pgmptr                    00000001800f3698     libucrtd:argv_data.obj
 0003:000026a8       _wpgmptr                   00000001800f36a8     libucrtd:argv_data.obj
 0003:000026b4       __argc                     00000001800f36b4     libucrtd:argv_data.obj
 0003:000026b8       __argv                     00000001800f36b8     libucrtd:argv_data.obj
 0003:000026c8       __wargv                    00000001800f36c8     libucrtd:argv_data.obj
 0003:000026d8       _acmdln                    00000001800f36d8     libucrtd:argv_data.obj
 0003:000026e8       _wcmdln                    00000001800f36e8     libucrtd:argv_data.obj
 0003:00002918       __acrt_heap                00000001800f3918     libucrtd:heap_handle.obj
 0003:000030b3       __acrt_lconv_static_null   00000001800f40b3     libucrtd:localeconv.obj
 0003:000030b4       __acrt_lconv_static_W_null 00000001800f40b4     libucrtd:localeconv.obj
 0003:000030bc       __fma3_is_available        00000001800f40bc     libucrtd:fma3_available.obj
 0003:000030c0       __use_fma3_lib             00000001800f40c0     libucrtd:fma3_available.obj
 0003:000030c8       ?DloadKernel32@@3PEAUHINSTANCE__@@EA 00000001800f40c8     DelayImp:delayhlp.obj
 0003:000030d0       ?DloadAcquireSRWLockExclusive@@3P6AXPEA_K@ZEA 00000001800f40d0     DelayImp:delayhlp.obj
 0003:000030d8       ?DloadReleaseSRWLockExclusive@@3P6AXPEA_K@ZEA 00000001800f40d8     DelayImp:delayhlp.obj
 0003:000030e0       ?DloadSrwLock@@3_KA        00000001800f40e0     DelayImp:delayhlp.obj
 0003:000030e8       ?DloadSectionLockCount@@3KA 00000001800f40e8     DelayImp:delayhlp.obj
 0003:000030ec       ?DloadSectionOldProtection@@3KA 00000001800f40ec     DelayImp:delayhlp.obj
 0003:000030f0       ?DloadSectionCommitPermanent@@3KA 00000001800f40f0     DelayImp:delayhlp.obj
 0003:00003100       ?__WinRTOutOfMemoryExceptionCallback@@3P6APEAXXZEA 00000001800f4100     libvcruntimed:ehhelpers.obj
 0003:0000310c       __scrt_ucrt_dll_is_in_use  00000001800f410c     <common>
 0003:00003118       __dyn_tls_init_callback    00000001800f4118     <common>
 0005:00000000       __imp_GetModuleHandleA     00000001800fe000     kernel32:KERNEL32.dll
 0005:00000008       __imp_EncodePointer        00000001800fe008     kernel32:KERNEL32.dll
 0005:00000010       __imp_LoadLibraryExA       00000001800fe010     kernel32:KERNEL32.dll
 0005:00000018       __imp_VirtualProtect       00000001800fe018     kernel32:KERNEL32.dll
 0005:00000020       __imp_CreateFileW          00000001800fe020     kernel32:KERNEL32.dll
 0005:00000028       __imp_IsDebuggerPresent    00000001800fe028     kernel32:KERNEL32.dll
 0005:00000030       __imp_RaiseException       00000001800fe030     kernel32:KERNEL32.dll
 0005:00000038       __imp_MultiByteToWideChar  00000001800fe038     kernel32:KERNEL32.dll
 0005:00000040       __imp_WideCharToMultiByte  00000001800fe040     kernel32:KERNEL32.dll
 0005:00000048       __imp_RtlCaptureContext    00000001800fe048     kernel32:KERNEL32.dll
 0005:00000050       __imp_RtlLookupFunctionEntry 00000001800fe050     kernel32:KERNEL32.dll
 0005:00000058       __imp_RtlVirtualUnwind     00000001800fe058     kernel32:KERNEL32.dll
 0005:00000060       __imp_UnhandledExceptionFilter 00000001800fe060     kernel32:KERNEL32.dll
 0005:00000068       __imp_SetUnhandledExceptionFilter 00000001800fe068     kernel32:KERNEL32.dll
 0005:00000070       __imp_GetCurrentProcess    00000001800fe070     kernel32:KERNEL32.dll
 0005:00000078       __imp_TerminateProcess     00000001800fe078     kernel32:KERNEL32.dll
 0005:00000080       __imp_IsProcessorFeaturePresent 00000001800fe080     kernel32:KERNEL32.dll
 0005:00000088       __imp_QueryPerformanceCounter 00000001800fe088     kernel32:KERNEL32.dll
 0005:00000090       __imp_GetCurrentProcessId  00000001800fe090     kernel32:KERNEL32.dll
 0005:00000098       __imp_GetCurrentThreadId   00000001800fe098     kernel32:KERNEL32.dll
 0005:000000a0       __imp_GetSystemTimeAsFileTime 00000001800fe0a0     kernel32:KERNEL32.dll
 0005:000000a8       __imp_InitializeSListHead  00000001800fe0a8     kernel32:KERNEL32.dll
 0005:000000b0       __imp_GetStartupInfoW      00000001800fe0b0     kernel32:KERNEL32.dll
 0005:000000b8       __imp_GetModuleHandleW     00000001800fe0b8     kernel32:KERNEL32.dll
 0005:000000c0       __imp_GetLastError         00000001800fe0c0     kernel32:KERNEL32.dll
 0005:000000c8       __imp_HeapAlloc            00000001800fe0c8     kernel32:KERNEL32.dll
 0005:000000d0       __imp_HeapFree             00000001800fe0d0     kernel32:KERNEL32.dll
 0005:000000d8       __imp_GetProcessHeap       00000001800fe0d8     kernel32:KERNEL32.dll
 0005:000000e0       __imp_VirtualQuery         00000001800fe0e0     kernel32:KERNEL32.dll
 0005:000000e8       __imp_FreeLibrary          00000001800fe0e8     kernel32:KERNEL32.dll
 0005:000000f0       __imp_GetProcAddress       00000001800fe0f0     kernel32:KERNEL32.dll
 0005:000000f8       __imp_RtlUnwindEx          00000001800fe0f8     kernel32:KERNEL32.dll
 0005:00000100       __imp_InterlockedPushEntrySList 00000001800fe100     kernel32:KERNEL32.dll
 0005:00000108       __imp_InterlockedFlushSList 00000001800fe108     kernel32:KERNEL32.dll
 0005:00000110       __imp_GetModuleFileNameW   00000001800fe110     kernel32:KERNEL32.dll
 0005:00000118       __imp_LoadLibraryExW       00000001800fe118     kernel32:KERNEL32.dll
 0005:00000120       __imp_SetLastError         00000001800fe120     kernel32:KERNEL32.dll
 0005:00000128       __imp_EnterCriticalSection 00000001800fe128     kernel32:KERNEL32.dll
 0005:00000130       __imp_LeaveCriticalSection 00000001800fe130     kernel32:KERNEL32.dll
 0005:00000138       __imp_DeleteCriticalSection 00000001800fe138     kernel32:KERNEL32.dll
 0005:00000140       __imp_InitializeCriticalSectionAndSpinCount 00000001800fe140     kernel32:KERNEL32.dll
 0005:00000148       __imp_TlsAlloc             00000001800fe148     kernel32:KERNEL32.dll
 0005:00000150       __imp_TlsGetValue          00000001800fe150     kernel32:KERNEL32.dll
 0005:00000158       __imp_TlsSetValue          00000001800fe158     kernel32:KERNEL32.dll
 0005:00000160       __imp_TlsFree              00000001800fe160     kernel32:KERNEL32.dll
 0005:00000168       __imp_GetModuleFileNameA   00000001800fe168     kernel32:KERNEL32.dll
 0005:00000170       __imp_GetModuleHandleExW   00000001800fe170     kernel32:KERNEL32.dll
 0005:00000178       __imp_ExitProcess          00000001800fe178     kernel32:KERNEL32.dll
 0005:00000180       __imp_HeapSize             00000001800fe180     kernel32:KERNEL32.dll
 0005:00000188       __imp_HeapValidate         00000001800fe188     kernel32:KERNEL32.dll
 0005:00000190       __imp_GetSystemInfo        00000001800fe190     kernel32:KERNEL32.dll
 0005:00000198       __imp_GetCurrentThread     00000001800fe198     kernel32:KERNEL32.dll
 0005:000001a0       __imp_GetACP               00000001800fe1a0     kernel32:KERNEL32.dll
 0005:000001a8       __imp_GetStdHandle         00000001800fe1a8     kernel32:KERNEL32.dll
 0005:000001b0       __imp_GetFileType          00000001800fe1b0     kernel32:KERNEL32.dll
 0005:000001b8       __imp_WriteFile            00000001800fe1b8     kernel32:KERNEL32.dll
 0005:000001c0       __imp_OutputDebugStringW   00000001800fe1c0     kernel32:KERNEL32.dll
 0005:000001c8       __imp_WriteConsoleW        00000001800fe1c8     kernel32:KERNEL32.dll
 0005:000001d0       __imp_SetConsoleCtrlHandler 00000001800fe1d0     kernel32:KERNEL32.dll
 0005:000001d8       __imp_FindClose            00000001800fe1d8     kernel32:KERNEL32.dll
 0005:000001e0       __imp_FindFirstFileExA     00000001800fe1e0     kernel32:KERNEL32.dll
 0005:000001e8       __imp_FindFirstFileExW     00000001800fe1e8     kernel32:KERNEL32.dll
 0005:000001f0       __imp_FindNextFileA        00000001800fe1f0     kernel32:KERNEL32.dll
 0005:000001f8       __imp_FindNextFileW        00000001800fe1f8     kernel32:KERNEL32.dll
 0005:00000200       __imp_IsValidCodePage      00000001800fe200     kernel32:KERNEL32.dll
 0005:00000208       __imp_GetOEMCP             00000001800fe208     kernel32:KERNEL32.dll
 0005:00000210       __imp_GetCPInfo            00000001800fe210     kernel32:KERNEL32.dll
 0005:00000218       __imp_GetCommandLineA      00000001800fe218     kernel32:KERNEL32.dll
 0005:00000220       __imp_GetCommandLineW      00000001800fe220     kernel32:KERNEL32.dll
 0005:00000228       __imp_GetEnvironmentStringsW 00000001800fe228     kernel32:KERNEL32.dll
 0005:00000230       __imp_FreeEnvironmentStringsW 00000001800fe230     kernel32:KERNEL32.dll
 0005:00000238       __imp_SetEnvironmentVariableA 00000001800fe238     kernel32:KERNEL32.dll
 0005:00000240       __imp_SetEnvironmentVariableW 00000001800fe240     kernel32:KERNEL32.dll
 0005:00000248       __imp_OutputDebugStringA   00000001800fe248     kernel32:KERNEL32.dll
 0005:00000250       __imp_GetDateFormatW       00000001800fe250     kernel32:KERNEL32.dll
 0005:00000258       __imp_GetTimeFormatW       00000001800fe258     kernel32:KERNEL32.dll
 0005:00000260       __imp_CompareStringW       00000001800fe260     kernel32:KERNEL32.dll
 0005:00000268       __imp_LCMapStringW         00000001800fe268     kernel32:KERNEL32.dll
 0005:00000270       __imp_GetLocaleInfoW       00000001800fe270     kernel32:KERNEL32.dll
 0005:00000278       __imp_IsValidLocale        00000001800fe278     kernel32:KERNEL32.dll
 0005:00000280       __imp_GetUserDefaultLCID   00000001800fe280     kernel32:KERNEL32.dll
 0005:00000288       __imp_EnumSystemLocalesW   00000001800fe288     kernel32:KERNEL32.dll
 0005:00000290       __imp_HeapReAlloc          00000001800fe290     kernel32:KERNEL32.dll
 0005:00000298       __imp_HeapQueryInformation 00000001800fe298     kernel32:KERNEL32.dll
 0005:000002a0       __imp_GetStringTypeW       00000001800fe2a0     kernel32:KERNEL32.dll
 0005:000002a8       __imp_SetStdHandle         00000001800fe2a8     kernel32:KERNEL32.dll
 0005:000002b0       __imp_GetConsoleCP         00000001800fe2b0     kernel32:KERNEL32.dll
 0005:000002b8       __imp_GetConsoleMode       00000001800fe2b8     kernel32:KERNEL32.dll
 0005:000002c0       __imp_SetFilePointerEx     00000001800fe2c0     kernel32:KERNEL32.dll
 0005:000002c8       __imp_FlushFileBuffers     00000001800fe2c8     kernel32:KERNEL32.dll
 0005:000002d0       __imp_CloseHandle          00000001800fe2d0     kernel32:KERNEL32.dll
 0005:000002d8       __imp_RtlPcToFileHeader    00000001800fe2d8     kernel32:KERNEL32.dll
 0005:000002e0       \177KERNEL32_NULL_THUNK_DATA 00000001800fe2e0     kernel32:KERNEL32.dll
 0005:000003c8       __imp_XInputGetState       00000001800fe3c8     XInput9_1_0:XINPUT9_1_0.dll
 0005:000003d0       __imp_XInputSetState       00000001800fe3d0     XInput9_1_0:XINPUT9_1_0.dll
 0005:000003d8       \177XINPUT9_1_0_NULL_THUNK_DATA 00000001800fe3d8     XInput9_1_0:XINPUT9_1_0.dll
 0005:00000430       __IMPORT_DESCRIPTOR_KERNEL32 00000001800fe430     kernel32:KERNEL32.dll
 0005:00000444       __IMPORT_DESCRIPTOR_XINPUT9_1_0 00000001800fe444     XInput9_1_0:XINPUT9_1_0.dll
 0005:00000458       __NULL_IMPORT_DESCRIPTOR   00000001800fe458     kernel32:KERNEL32.dll
 0006:00000000       __DELAY_IMPORT_DESCRIPTOR_node_exe 0000000180100000     node:node.exe
 0006:00000020       __NULL_DELAY_IMPORT_DESCRIPTOR 0000000180100020     node:node.exe
 0006:00000150       \177node_NULL_THUNK_DATA_DLN 0000000180100150     node:node.exe
 0006:000001d8       __imp_??0HandleScope@v8@@QEAA@PEAVIsolate@1@@Z 00000001801001d8     node:node.exe
 0006:000001e0       __imp_?FromJustIsNothing@V8@v8@@CAXXZ 00000001801001e0     node:node.exe
 0006:000001e8       __imp_??1HandleScope@v8@@QEAA@XZ 00000001801001e8     node:node.exe
 0006:000001f0       __imp_?CreateHandle@HandleScope@v8@@KAPEAPEAVObject@internal@2@PEAVIsolate@42@PEAV342@@Z 00000001801001f0     node:node.exe
 0006:000001f8       __imp_??0EscapableHandleScope@v8@@QEAA@PEAVIsolate@1@@Z 00000001801001f8     node:node.exe
 0006:00000200       __imp_??1EscapableHandleScope@v8@@QEAA@XZ 0000000180100200     node:node.exe
 0006:00000208       __imp_?Escape@EscapableHandleScope@v8@@AEAAPEAPEAVObject@internal@2@PEAPEAV342@@Z 0000000180100208     node:node.exe
 0006:00000210       __imp_?NewFromUtf8@String@v8@@SA?AV?$MaybeLocal@VString@v8@@@2@PEAVIsolate@2@PEBDW4NewStringType@2@H@Z 0000000180100210     node:node.exe
 0006:00000218       __imp_?Set@Object@v8@@QEAA?AV?$Maybe@_N@2@V?$Local@VContext@v8@@@2@V?$Local@VValue@v8@@@2@1@Z 0000000180100218     node:node.exe
 0006:00000220       __imp_?GetInternalField@Object@v8@@QEAA?AV?$Local@VValue@v8@@@2@H@Z 0000000180100220     node:node.exe
 0006:00000228       __imp_?SetInternalField@Object@v8@@QEAAXHV?$Local@VValue@v8@@@2@@Z 0000000180100228     node:node.exe
 0006:00000230       __imp_?Cast@Object@v8@@SAPEAV12@PEAVValue@2@@Z 0000000180100230     node:node.exe
 0006:00000238       __imp_?New@External@v8@@SA?AV?$Local@VExternal@v8@@@2@PEAVIsolate@2@PEAX@Z 0000000180100238     node:node.exe
 0006:00000240       __imp_?Cast@External@v8@@SAPEAV12@PEAVValue@2@@Z 0000000180100240     node:node.exe
 0006:00000248       __imp_?Value@External@v8@@QEBAPEAXXZ 0000000180100248     node:node.exe
 0006:00000250       __imp_?New@FunctionTemplate@v8@@SA?AV?$Local@VFunctionTemplate@v8@@@2@PEAVIsolate@2@P6AXAEBV?$FunctionCallbackInfo@VValue@v8@@@2@@ZV?$Local@VValue@v8@@@2@V?$Local@VSignature@v8@@@2@HW4ConstructorBehavior@2@@Z 0000000180100250     node:node.exe
 0006:00000258       __imp_?GetFunction@FunctionTemplate@v8@@QEAA?AV?$MaybeLocal@VFunction@v8@@@2@V?$Local@VContext@v8@@@2@@Z 0000000180100258     node:node.exe
 0006:00000260       __imp_?New@ObjectTemplate@v8@@SA?AV?$Local@VObjectTemplate@v8@@@2@PEAVIsolate@2@V?$Local@VFunctionTemplate@v8@@@2@@Z 0000000180100260     node:node.exe
 0006:00000268       __imp_?NewInstance@ObjectTemplate@v8@@QEAA?AV?$MaybeLocal@VObject@v8@@@2@V?$Local@VContext@v8@@@2@@Z 0000000180100268     node:node.exe
 0006:00000270       __imp_?SetInternalFieldCount@ObjectTemplate@v8@@QEAAXH@Z 0000000180100270     node:node.exe
 0006:00000278       __imp_?GetCurrent@Isolate@v8@@SAPEAV12@XZ 0000000180100278     node:node.exe
 0006:00000280       __imp_?GetCurrentContext@Isolate@v8@@QEAA?AV?$Local@VContext@v8@@@2@XZ 0000000180100280     node:node.exe
 0006:00000288       __imp_?ToLocalEmpty@V8@v8@@CAXXZ 0000000180100288     node:node.exe
 0006:00000290       __imp_node_module_register 0000000180100290     node:node.exe
 0006:00000298       __imp_?IsUndefined@Value@v8@@QEBA_NXZ 0000000180100298     node:node.exe
 0006:000002a0       __imp_?ToInt32@Value@v8@@QEBA?AV?$MaybeLocal@VInt32@v8@@@2@V?$Local@VContext@v8@@@2@@Z 00000001801002a0     node:node.exe
 0006:000002a8       __imp_?NumberValue@Value@v8@@QEBA?AV?$Maybe@N@2@V?$Local@VContext@v8@@@2@@Z 00000001801002a8     node:node.exe
 0006:000002b0       __imp_?IntegerValue@Value@v8@@QEBA_JXZ 00000001801002b0     node:node.exe
 0006:000002b8       __imp_?New@Boolean@v8@@SA?AV?$Local@VBoolean@v8@@@2@PEAVIsolate@2@_N@Z 00000001801002b8     node:node.exe
 0006:000002c0       __imp_?New@Number@v8@@SA?AV?$Local@VNumber@v8@@@2@PEAVIsolate@2@N@Z 00000001801002c0     node:node.exe
 0006:000002c8       __imp_?New@Integer@v8@@SA?AV?$Local@VInteger@v8@@@2@PEAVIsolate@2@H@Z 00000001801002c8     node:node.exe
 0006:000002d0       __imp_?Set@Object@v8@@QEAA_NV?$Local@VValue@v8@@@2@0@Z 00000001801002d0     node:node.exe
 0006:000002d8       __imp_?New@Object@v8@@SA?AV?$Local@VObject@v8@@@2@PEAVIsolate@2@@Z 00000001801002d8     node:node.exe
 0006:000002e0       __imp_?CheckInitializedImpl@Internals@internal@v8@@SAXPEAVIsolate@3@@Z 00000001801002e0     node:node.exe
 0006:000002e8       \177node_NULL_THUNK_DATA_DLA 00000001801002e8     node:node.exe
 0006:00000e00       \177node_NULL_THUNK_DATA_DLB 0000000180100e00     node:node.exe
 0007:00000000       __guard_check_icall_fptr   0000000180102000     LIBCMTD:guard_support.obj
 0007:00000010       __guard_dispatch_icall_fptr 0000000180102010     LIBCMTD:guard_support.obj
 0007:00000020       __guard_ss_verify_failure_fptr 0000000180102020     LIBCMTD:guard_support.obj
 0007:00000030       __guard_ss_verify_sp_fptr  0000000180102030     LIBCMTD:guard_support.obj

 Exports

  ordinal    name

        1    _register_NativeExtension_
