 xinput

 Timestamp is 5a295a5a (Fri Dec  8 00:12:26 2017)

 Preferred load address is 0000000180000000

 Start         Length     Name                   Class
 0001:00000000 0000bef0H .text$mn                CODE
 0001:0000bef0 000000e0H .text$mn$00             CODE
 0001:0000bfd0 00000240H .text$x                 CODE
 0002:00000000 00000258H .idata$5                DATA
 0002:00000258 00000020H .00cfg                  DATA
 0002:00000278 00000008H .CRT$XCA                DATA
 0002:00000280 00000008H .CRT$XCU                DATA
 0002:00000288 00000008H .CRT$XCZ                DATA
 0002:00000290 00000008H .CRT$XIA                DATA
 0002:00000298 00000018H .CRT$XIC                DATA
 0002:000002b0 00000008H .CRT$XIZ                DATA
 0002:000002b8 00000008H .CRT$XPA                DATA
 0002:000002c0 00000010H .CRT$XPX                DATA
 0002:000002d0 00000008H .CRT$XPXA               DATA
 0002:000002d8 00000008H .CRT$XPZ                DATA
 0002:000002e0 00000008H .CRT$XTA                DATA
 0002:000002e8 00000008H .CRT$XTZ                DATA
 0002:000002f0 00000000H .gfids$y                DATA
 0002:000002f0 00007178H .rdata                  DATA
 0002:00007468 00000000H .rdata$r                DATA
 0002:00007468 000003b0H .rdata$zzzdbg           DATA
 0002:00007818 00000008H .rtc$IAA                DATA
 0002:00007820 00000008H .rtc$IZZ                DATA
 0002:00007828 00000008H .rtc$TAA                DATA
 0002:00007830 00000008H .rtc$TZZ                DATA
 0002:00007838 00000b54H .xdata                  DATA
 0002:0000838c 00000020H .didat$2                DATA
 0002:000083ac 00000024H .didat$3                DATA
 0002:000083d0 000000f0H .didat$4                DATA
 0002:000084c0 000007e0H .didat$6                DATA
 0002:00008ca0 000000f0H .didat$7                DATA
 0002:00008d90 0000005cH .edata                  DATA
 0002:00008dec 00000028H .idata$2                DATA
 0002:00008e14 00000014H .idata$3                DATA
 0002:00008e28 00000258H .idata$4                DATA
 0002:00009080 0000056eH .idata$6                DATA
 0003:00000000 00000920H .data                   DATA
 0003:00000920 00000000H .data$r                 DATA
 0003:00000920 000000f0H .didat$5                DATA
 0003:00000a10 000011e0H .bss                    DATA
 0004:00000000 00000dd4H .pdata                  DATA
 0005:00000000 00000060H .rsrc$01                DATA
 0005:00000060 00000180H .rsrc$02                DATA

  Address         Publics by Value              Rva+Base               Lib:Object

 0000:00000000       __guard_iat_count          0000000000000000     <absolute>
 0000:00000000       __dynamic_value_reloc_table 0000000000000000     <absolute>
 0000:00000000       __hybrid_code_map          0000000000000000     <absolute>
 0000:00000000       __hybrid_code_map_count    0000000000000000     <absolute>
 0000:00000000       __guard_iat_table          0000000000000000     <absolute>
 0000:00000000       __hybrid_auxiliary_iat     0000000000000000     <absolute>
 0000:00000000       __guard_longjmp_table      0000000000000000     <absolute>
 0000:00000000       __guard_longjmp_count      0000000000000000     <absolute>
 0000:00000000       __guard_fids_count         0000000000000000     <absolute>
 0000:00000000       __enclave_config           0000000000000000     <absolute>
 0000:00000000       ___safe_se_handler_table   0000000000000000     <absolute>
 0000:00000000       ___safe_se_handler_count   0000000000000000     <absolute>
 0000:00000000       __guard_fids_table         0000000000000000     <absolute>
 0000:00000100       __guard_flags              0000000000000100     <absolute>
 0000:00000000       __ImageBase                0000000180000000     <linker-defined>
 0001:000000d0       ?InitAll@@YAXV?$Local@VObject@v8@@@v8@@@Z 00000001800010d0 f   XInputWrap.obj
 0001:000003d0       ??$New@VFunctionTemplate@v8@@@Nan@@YA?AV?$Local@VFunctionTemplate@v8@@@v8@@P6AXAEBV?$FunctionCallbackInfo@VValue@v8@@@0@@ZV?$Local@VValue@v8@@@2@@Z 00000001800013d0 f i XInputWrap.obj
 0001:00000580       ?Vibrate@@YAXAEBV?$FunctionCallbackInfo@VValue@v8@@@Nan@@@Z 0000000180001580 f   XInputFunctions.obj
 0001:000007a0       ?IsConnected@@YAXAEBV?$FunctionCallbackInfo@VValue@v8@@@Nan@@@Z 00000001800017a0 f   XInputFunctions.obj
 0001:00000830       ?GetState@@YAXAEBV?$FunctionCallbackInfo@VValue@v8@@@Nan@@@Z 0000000180001830 f   XInputFunctions.obj
 0001:0000156c       __imp_load_?Value@External@v8@@QEBAPEAXXZ 000000018000256c f   node:node.exe
 0001:00001578       __tailMerge_node_exe       0000000180002578     node:node.exe
 0001:000015f1       __imp_load_?New@External@v8@@SA?AV?$Local@VExternal@v8@@@2@PEAVIsolate@2@PEAX@Z 00000001800025f1 f   node:node.exe
 0001:000015fd       __imp_load_?GetCurrentContext@Isolate@v8@@QEAA?AV?$Local@VContext@v8@@@2@XZ 00000001800025fd f   node:node.exe
 0001:00001609       __imp_load_?GetCurrent@Isolate@v8@@SAPEAV12@XZ 0000000180002609 f   node:node.exe
 0001:00001615       __imp_load_?CreateHandle@HandleScope@v8@@KAPEAPEAVObject@internal@2@PEAVIsolate@42@PEAV342@@Z 0000000180002615 f   node:node.exe
 0001:00001621       __imp_load_?CreateHandle@HandleScope@v8@@CAPEAPEAVObject@internal@2@PEAVHeapObject@42@PEAV342@@Z 0000000180002621 f   node:node.exe
 0001:0000162d       __imp_load_??1HandleScope@v8@@QEAA@XZ 000000018000262d f   node:node.exe
 0001:00001639       __imp_load_??0HandleScope@v8@@QEAA@PEAVIsolate@1@@Z 0000000180002639 f   node:node.exe
 0001:00001645       __imp_load_?GetFunction@FunctionTemplate@v8@@QEAA?AV?$MaybeLocal@VFunction@v8@@@2@V?$Local@VContext@v8@@@2@@Z 0000000180002645 f   node:node.exe
 0001:00001651       __imp_load_?New@FunctionTemplate@v8@@SA?AV?$Local@VFunctionTemplate@v8@@@2@PEAVIsolate@2@P6AXAEBV?$FunctionCallbackInfo@VValue@v8@@@2@@ZV?$Local@VValue@v8@@@2@V?$Local@VSignature@v8@@@2@HW4ConstructorBehavior@2@@Z 0000000180002651 f   node:node.exe
 0001:0000165d       __imp_load_?ToLocalEmpty@V8@v8@@CAXXZ 000000018000265d f   node:node.exe
 0001:00001669       __imp_load_?Escape@EscapableHandleScope@v8@@AEAAPEAPEAVObject@internal@2@PEAPEAV342@@Z 0000000180002669 f   node:node.exe
 0001:00001675       __imp_load_??0EscapableHandleScope@v8@@QEAA@PEAVIsolate@1@@Z 0000000180002675 f   node:node.exe
 0001:00001681       __imp_load_?NewFromUtf8@String@v8@@SA?AV?$MaybeLocal@VString@v8@@@2@PEAVIsolate@2@PEBDW4NewStringType@2@H@Z 0000000180002681 f   node:node.exe
 0001:0000168d       __imp_load_?SlowGetInternalField@Object@v8@@AEAA?AV?$Local@VValue@v8@@@2@H@Z 000000018000268d f   node:node.exe
 0001:00001699       __imp_load_?SetInternalField@Object@v8@@QEAAXHV?$Local@VValue@v8@@@2@@Z 0000000180002699 f   node:node.exe
 0001:000016a5       __imp_load_?Set@Object@v8@@QEAA?AV?$Maybe@_N@2@V?$Local@VContext@v8@@@2@V?$Local@VValue@v8@@@2@1@Z 00000001800026a5 f   node:node.exe
 0001:000016b1       __imp_load_?SetInternalFieldCount@ObjectTemplate@v8@@QEAAXH@Z 00000001800026b1 f   node:node.exe
 0001:000016bd       __imp_load_?NewInstance@ObjectTemplate@v8@@QEAA?AV?$MaybeLocal@VObject@v8@@@2@V?$Local@VContext@v8@@@2@@Z 00000001800026bd f   node:node.exe
 0001:000016c9       __imp_load_?New@ObjectTemplate@v8@@SA?AV?$Local@VObjectTemplate@v8@@@2@PEAVIsolate@2@V?$Local@VFunctionTemplate@v8@@@2@@Z 00000001800026c9 f   node:node.exe
 0001:000016d5       __imp_load_node_module_register 00000001800026d5 f   node:node.exe
 0001:000016e1       __imp_load_?New@Integer@v8@@SA?AV?$Local@VInteger@v8@@@2@PEAVIsolate@2@H@Z 00000001800026e1 f   node:node.exe
 0001:000016ed       __imp_load_?FromJustIsNothing@V8@v8@@CAXXZ 00000001800026ed f   node:node.exe
 0001:000016f9       __imp_load_?IntegerValue@Value@v8@@QEBA_JXZ 00000001800026f9 f   node:node.exe
 0001:00001705       __imp_load_?NumberValue@Value@v8@@QEBA?AV?$Maybe@N@2@V?$Local@VContext@v8@@@2@@Z 0000000180002705 f   node:node.exe
 0001:00001711       __imp_load_?ToInt32@Value@v8@@QEBA?AV?$MaybeLocal@VInt32@v8@@@2@V?$Local@VContext@v8@@@2@@Z 0000000180002711 f   node:node.exe
 0001:0000171d       __imp_load_?New@Number@v8@@SA?AV?$Local@VNumber@v8@@@2@PEAVIsolate@2@N@Z 000000018000271d f   node:node.exe
 0001:00001729       __imp_load_?New@Object@v8@@SA?AV?$Local@VObject@v8@@@2@PEAVIsolate@2@@Z 0000000180002729 f   node:node.exe
 0001:00001735       __imp_load_?Set@Object@v8@@QEAA_NV?$Local@VValue@v8@@@2@0@Z 0000000180002735 f   node:node.exe
 0001:00001760       __security_check_cookie    0000000180002760 f   LIBCMT:_amdsecgs_.obj
 0001:00001ac0       _DllMainCRTStartup         0000000180002ac0 f   LIBCMT:dll_dllmain.obj
 0001:00001b00       __raise_securityfailure    0000000180002b00 f   LIBCMT:gs_report.obj
 0001:00001b34       __report_gsfailure         0000000180002b34 f   LIBCMT:gs_report.obj
 0001:00001c08       __report_rangecheckfailure 0000000180002c08 f   LIBCMT:gs_report.obj
 0001:00001c1c       __report_securityfailure   0000000180002c1c f   LIBCMT:gs_report.obj
 0001:00001d9c       __security_init_cookie     0000000180002d9c f   LIBCMT:gs_support.obj
 0001:00001e48       _get_startup_argv_mode     0000000180002e48 f   LIBCMT:argv_mode.obj
 0001:00001e48       DllMain                    0000000180002e48 f   LIBCMT:dll_dllmain_stub.obj
 0001:00001e50       ?__scrt_initialize_type_info@@YAXXZ 0000000180002e50 f   LIBCMT:tncleanup.obj
 0001:00001e60       ?__scrt_uninitialize_type_info@@YAXXZ 0000000180002e60 f   LIBCMT:tncleanup.obj
 0001:00001e6c       __local_stdio_printf_options 0000000180002e6c f i LIBCMT:default_local_stdio_options.obj
 0001:00001e74       __local_stdio_scanf_options 0000000180002e74 f i LIBCMT:default_local_stdio_options.obj
 0001:00001e7c       __scrt_initialize_default_local_stdio_options 0000000180002e7c f   LIBCMT:default_local_stdio_options.obj
 0001:00001e98       __scrt_acquire_startup_lock 0000000180002e98 f   LIBCMT:utility.obj
 0001:00001ed4       __scrt_dllmain_after_initialize_c 0000000180002ed4 f   LIBCMT:utility.obj
 0001:00001f08       __scrt_dllmain_before_initialize_c 0000000180002f08 f   LIBCMT:utility.obj
 0001:00001f20       __scrt_dllmain_crt_thread_attach 0000000180002f20 f   LIBCMT:utility.obj
 0001:00001f48       __scrt_dllmain_crt_thread_detach 0000000180002f48 f   LIBCMT:utility.obj
 0001:00001f60       __scrt_dllmain_exception_filter 0000000180002f60 f   LIBCMT:utility.obj
 0001:00001fc4       __scrt_dllmain_uninitialize_c 0000000180002fc4 f   LIBCMT:utility.obj
 0001:00001ff4       __scrt_dllmain_uninitialize_critical 0000000180002ff4 f   LIBCMT:utility.obj
 0001:00002008       __scrt_initialize_crt      0000000180003008 f   LIBCMT:utility.obj
 0001:00002054       __scrt_initialize_onexit_tables 0000000180003054 f   LIBCMT:utility.obj
 0001:00002134       __scrt_is_nonwritable_in_current_image 0000000180003134 f   LIBCMT:utility.obj
 0001:000021d0       __scrt_release_startup_lock 00000001800031d0 f   LIBCMT:utility.obj
 0001:000021f4       __scrt_uninitialize_crt    00000001800031f4 f   LIBCMT:utility.obj
 0001:00002220       __scrt_get_dyn_tls_init_callback 0000000180003220 f   LIBCMT:dyn_tls_init.obj
 0001:00002228       __crt_debugger_hook        0000000180003228 f   LIBCMT:utility_desktop.obj
 0001:00002230       __scrt_fastfail            0000000180003230 f   LIBCMT:utility_desktop.obj
 0001:0000237c       _RTC_Initialize            000000018000337c f   LIBCMT:_initsect_.obj
 0001:000023c8       _RTC_Terminate             00000001800033c8 f   LIBCMT:_initsect_.obj
 0001:00002414       _guard_check_icall         0000000180003414 f i LIBCMT:checkcfg.obj
 0001:0000241c       __isa_available_init       000000018000341c f   LIBCMT:_cpu_disp_.obj
 0001:000025d8       __scrt_is_ucrt_dll_in_use  00000001800035d8 f   LIBCMT:ucrt_detection.obj
 0001:000025e4       _guard_check_icall_nop     00000001800035e4 f i LIBCMT:guard_support.obj
 0001:000025f0       __C_specific_handler       00000001800035f0 f   libvcruntime:_riscchandler_.obj
 0001:000027ec       __std_type_info_destroy_list 00000001800037ec f   libvcruntime:std_type_info.obj
 0001:00002818       __vcrt_initialize          0000000180003818 f   libvcruntime:initialization.obj
 0001:0000284c       __vcrt_thread_attach       000000018000384c f   libvcruntime:initialization.obj
 0001:00002860       __vcrt_thread_detach       0000000180003860 f   libvcruntime:initialization.obj
 0001:00002874       __vcrt_uninitialize        0000000180003874 f   libvcruntime:initialization.obj
 0001:00002894       __vcrt_uninitialize_critical 0000000180003894 f   libvcruntime:initialization.obj
 0001:000028c0       memset                     00000001800038c0 f   libvcruntime:memset.obj
 0001:00002a80       _local_unwind              0000000180003a80 f   libvcruntime:_jmpuwind_.obj
 0001:00002ab0       _NLG_Notify                0000000180003ab0 f   libvcruntime:_jmpuwind_.obj
 0001:00002ad0       __NLG_Dispatch2            0000000180003ad0 f   libvcruntime:_jmpuwind_.obj
 0001:00002ae0       __NLG_Return2              0000000180003ae0 f   libvcruntime:_jmpuwind_.obj
 0001:00002ae4       __except_validate_context_record 0000000180003ae4 f   libvcruntime:jbcxrval.obj
 0001:00002b1c       __vcrt_freefls             0000000180003b1c f   libvcruntime:per_thread_data.obj
 0001:00002b3c       __vcrt_freeptd             0000000180003b3c f   libvcruntime:per_thread_data.obj
 0001:00002b8c       __vcrt_getptd_noexit       0000000180003b8c f   libvcruntime:per_thread_data.obj
 0001:00002c44       __vcrt_initialize_ptd      0000000180003c44 f   libvcruntime:per_thread_data.obj
 0001:00002c84       __vcrt_uninitialize_ptd    0000000180003c84 f   libvcruntime:per_thread_data.obj
 0001:00002ca8       __vcrt_initialize_locks    0000000180003ca8 f   libvcruntime:locks.obj
 0001:00002cf0       __vcrt_uninitialize_locks  0000000180003cf0 f   libvcruntime:locks.obj
 0001:00002f00       __vcrt_FlsAlloc            0000000180003f00 f   libvcruntime:winapi_downlevel.obj
 0001:00002f54       __vcrt_FlsFree             0000000180003f54 f   libvcruntime:winapi_downlevel.obj
 0001:00002fa8       __vcrt_FlsGetValue         0000000180003fa8 f   libvcruntime:winapi_downlevel.obj
 0001:00002ffc       __vcrt_FlsSetValue         0000000180003ffc f   libvcruntime:winapi_downlevel.obj
 0001:00003064       __vcrt_InitializeCriticalSectionEx 0000000180004064 f   libvcruntime:winapi_downlevel.obj
 0001:000030dc       __vcrt_initialize_winapi_thunks 00000001800040dc f   libvcruntime:winapi_downlevel.obj
 0001:00003120       __vcrt_uninitialize_winapi_thunks 0000000180004120 f   libvcruntime:winapi_downlevel.obj
 0001:00003160       __vcrt_initialize_pure_virtual_call_handler 0000000180004160 f   libvcruntime:purevirt_data.obj
 0001:00003184       ??0_LocaleUpdate@@QEAA@QEAU__crt_locale_pointers@@@Z 0000000180004184 f i libucrt:stricmp.obj
 0001:00003214       __ascii_stricmp            0000000180004214 f   libucrt:stricmp.obj
 0001:00003254       _stricmp                   0000000180004254 f   libucrt:stricmp.obj
 0001:0000329c       _stricmp_l                 000000018000429c f   libucrt:stricmp.obj
 0001:00003350       _initterm                  0000000180004350 f   libucrt:initterm.obj
 0001:000033b4       _initterm_e                00000001800043b4 f   libucrt:initterm.obj
 0001:000033f4       _seh_filter_dll            00000001800043f4 f   libucrt:exception_filter.obj
 0001:00003408       _seh_filter_exe            0000000180004408 f   libucrt:exception_filter.obj
 0001:00003814       __acrt_initialize_thread_local_exit_callback 0000000180004814 f   libucrt:exit.obj
 0001:0000381c       _cexit                     000000018000481c f   libucrt:exit.obj
 0001:0000382c       _exit                      000000018000482c f   libucrt:exit.obj
 0001:00003838       _is_c_termination_complete 0000000180004838 f   libucrt:exit.obj
 0001:000039fc       __acrt_allocate_buffer_for_argv 00000001800049fc f   libucrt:argv_parsing.obj
 0001:00003a5c       _configure_narrow_argv     0000000180004a5c f   libucrt:argv_parsing.obj
 0001:00003dd8       __dcrt_uninitialize_environments_nolock 0000000180004dd8 f   libucrt:environment_initialization.obj
 0001:00003e10       _initialize_narrow_environment 0000000180004e10 f   libucrt:environment_initialization.obj
 0001:00003fa0       _execute_onexit_table      0000000180004fa0 f   libucrt:onexit.obj
 0001:00003fdc       _initialize_onexit_table   0000000180004fdc f   libucrt:onexit.obj
 0001:0000415c       __acrt_initialize          000000018000515c f   libucrt:initialization.obj
 0001:00004170       __acrt_thread_attach       0000000180005170 f   libucrt:initialization.obj
 0001:00004184       __acrt_thread_detach       0000000180005184 f   libucrt:initialization.obj
 0001:00004194       __acrt_uninitialize        0000000180005194 f   libucrt:initialization.obj
 0001:000041cc       __acrt_uninitialize_critical 00000001800051cc f   libucrt:initialization.obj
 0001:000041dc       terminate                  00000001800051dc f   libucrt:terminate.obj
 0001:000041fc       _free_base                 00000001800051fc f   libucrt:free_base.obj
 0001:0000423c       _malloc_base               000000018000523c f   libucrt:malloc_base.obj
 0001:0000429c       strcpy_s                   000000018000529c f   libucrt:strcpy_s.obj
 0001:000042fc       abort                      00000001800052fc f   libucrt:abort.obj
 0001:00004354       _calloc_base               0000000180005354 f   libucrt:calloc_base.obj
 0001:000043cc       wcsncmp                    00000001800053cc f   libucrt:wcsncmp.obj
 0001:000043f8       __acrt_call_reportfault    00000001800053f8 f   libucrt:invalid_parameter.obj
 0001:00004554       __acrt_initialize_invalid_parameter_handler 0000000180005554 f   libucrt:invalid_parameter.obj
 0001:0000455c       _invalid_parameter         000000018000555c f   libucrt:invalid_parameter.obj
 0001:0000460c       _invalid_parameter_noinfo  000000018000560c f   libucrt:invalid_parameter.obj
 0001:0000462c       _invoke_watson             000000018000562c f   libucrt:invalid_parameter.obj
 0001:00004674       __acrt_errno_from_os_error 0000000180005674 f   libucrt:errno.obj
 0001:000046bc       __acrt_errno_map_os_error  00000001800056bc f   libucrt:errno.obj
 0001:0000470c       __doserrno                 000000018000570c f   libucrt:errno.obj
 0001:0000472c       _errno                     000000018000572c f   libucrt:errno.obj
 0001:00004790       _tolower_l                 0000000180005790 f   libucrt:tolower_toupper.obj
 0001:00004c48       __acrt_freeptd             0000000180005c48 f   libucrt:per_thread_data.obj
 0001:00004c8c       __acrt_getptd              0000000180005c8c f   libucrt:per_thread_data.obj
 0001:00004d58       __acrt_getptd_head         0000000180005d58 f   libucrt:per_thread_data.obj
 0001:00004e00       __acrt_getptd_noexit       0000000180005e00 f   libucrt:per_thread_data.obj
 0001:00004ed0       __acrt_initialize_ptd      0000000180005ed0 f   libucrt:per_thread_data.obj
 0001:00004f0c       __acrt_uninitialize_ptd    0000000180005f0c f   libucrt:per_thread_data.obj
 0001:00004f30       __acrt_update_locale_info  0000000180005f30 f   libucrt:locale_update.obj
 0001:00004f64       __acrt_update_multibyte_info 0000000180005f64 f   libucrt:locale_update.obj
 0001:00005008       __acrt_set_locale_changed  0000000180006008 f   libucrt:wsetlocale.obj
 0001:00005014       __acrt_uninitialize_locale 0000000180006014 f   libucrt:wsetlocale.obj
 0001:00005044       __acrt_initialize_locks    0000000180006044 f   libucrt:locks.obj
 0001:0000508c       __acrt_lock                000000018000608c f   libucrt:locks.obj
 0001:000050a8       __acrt_uninitialize_locks  00000001800060a8 f   libucrt:locks.obj
 0001:000050e0       __acrt_unlock              00000001800060e0 f   libucrt:locks.obj
 0001:000050fc       __acrt_get_process_end_policy 00000001800060fc f   libucrt:win_policies.obj
 0001:0000569c       __acrt_expand_narrow_argv_wildcards 000000018000669c f   libucrt:argv_wildcards.obj
 0001:00005de4       __acrt_initialize_multibyte 0000000180006de4 f   libucrt:mbctype.obj
 0001:00005e44       __acrt_update_thread_multibyte_data 0000000180006e44 f   libucrt:mbctype.obj
 0001:00005e60       _setmbcp_nolock            0000000180006e60 f   libucrt:mbctype.obj
 0001:00006198       _ismbblead                 0000000180007198 f   libucrt:ismbbyte.obj
 0001:000061ac       __acrt_initialize_command_line 00000001800071ac f   libucrt:argv_data.obj
 0001:000061d4       __acrt_uninitialize_command_line 00000001800071d4 f   libucrt:argv_data.obj
 0001:000061d8       __dcrt_get_narrow_environment_from_os 00000001800071d8 f   libucrt:get_environment_from_os.obj
 0001:000062dc       _recalloc                  00000001800072dc f   libucrt:recalloc.obj
 0001:000062e4       _recalloc_base             00000001800072e4 f   libucrt:recalloc.obj
 0001:00006554       __acrt_AppPolicyGetProcessTerminationMethodInternal 0000000180007554 f   libucrt:winapi_thunks.obj
 0001:000065a4       __acrt_FlsAlloc            00000001800075a4 f   libucrt:winapi_thunks.obj
 0001:000065ec       __acrt_FlsFree             00000001800075ec f   libucrt:winapi_thunks.obj
 0001:00006634       __acrt_FlsGetValue         0000000180007634 f   libucrt:winapi_thunks.obj
 0001:0000667c       __acrt_FlsSetValue         000000018000767c f   libucrt:winapi_thunks.obj
 0001:000066d0       __acrt_InitializeCriticalSectionEx 00000001800076d0 f   libucrt:winapi_thunks.obj
 0001:00006734       __acrt_LCMapStringEx       0000000180007734 f   libucrt:winapi_thunks.obj
 0001:00006810       __acrt_LocaleNameToLCID    0000000180007810 f   libucrt:winapi_thunks.obj
 0001:00006860       __acrt_initialize_winapi_thunks 0000000180007860 f   libucrt:winapi_thunks.obj
 0001:000068a8       __acrt_uninitialize_winapi_thunks 00000001800078a8 f   libucrt:winapi_thunks.obj
 0001:000068ec       __acrt_initialize_heap     00000001800078ec f   libucrt:heap_handle.obj
 0001:00006908       __acrt_uninitialize_heap   0000000180007908 f   libucrt:heap_handle.obj
 0001:00006afc       __acrt_initialize_lowio    0000000180007afc f   libucrt:ioinit.obj
 0001:00006b38       __acrt_uninitialize_lowio  0000000180007b38 f   libucrt:ioinit.obj
 0001:00006b78       __acrt_execute_initializers 0000000180007b78 f   libucrt:shared_initialization.obj
 0001:00006bf8       __acrt_execute_uninitializers 0000000180007bf8 f   libucrt:shared_initialization.obj
 0001:00006c34       __acrt_initialize_new_handler 0000000180007c34 f   libucrt:new_handler.obj
 0001:00006c3c       _callnewh                  0000000180007c3c f   libucrt:new_handler.obj
 0001:00006c6c       _query_new_handler         0000000180007c6c f   libucrt:new_handler.obj
 0001:00006ce8       __acrt_get_sigabrt_handler 0000000180007ce8 f   libucrt:signal.obj
 0001:00006d18       __acrt_initialize_signal_handlers 0000000180007d18 f   libucrt:signal.obj
 0001:00006d38       raise                      0000000180007d38 f   libucrt:signal.obj
 0001:00006fac       __acrt_has_user_matherr    0000000180007fac f   libucrt:matherr.obj
 0001:00006fcc       __acrt_initialize_user_matherr 0000000180007fcc f   libucrt:matherr.obj
 0001:00006fd4       __acrt_invoke_user_matherr 0000000180007fd4 f   libucrt:matherr.obj
 0001:000071e8       __acrt_stdio_flush_nolock  00000001800081e8 f   libucrt:fflush.obj
 0001:00007264       _fflush_nolock             0000000180008264 f   libucrt:fflush.obj
 0001:000072b0       _flushall                  00000001800082b0 f   libucrt:fflush.obj
 0001:000072b8       __acrt_initialize_stdio    00000001800082b8 f   libucrt:_file.obj
 0001:000073d8       __acrt_uninitialize_stdio  00000001800083d8 f   libucrt:_file.obj
 0001:00007434       _lock_file                 0000000180008434 f   libucrt:_file.obj
 0001:00007440       _unlock_file               0000000180008440 f   libucrt:_file.obj
 0001:0000744c       _query_new_mode            000000018000844c f   libucrt:new_mode.obj
 0001:00007454       _mbtowc_l                  0000000180008454 f   libucrt:mbtowc.obj
 0001:0000759c       mbtowc                     000000018000859c f   libucrt:mbtowc.obj
 0001:000075a4       _fileno                    00000001800085a4 f   libucrt:fileno.obj
 0001:000075cc       __pctype_func              00000001800085cc f   libucrt:ctype.obj
 0001:000075fc       _isctype_l                 00000001800085fc f   libucrt:isctype.obj
 0001:0000770c       _isleadbyte_l              000000018000870c f i libucrt:_wctype.obj
 0001:00007a64       __acrt_LCMapStringA        0000000180008a64 f   libucrt:lcmapstringa.obj
 0001:00007afc       __acrt_add_locale_ref      0000000180008afc f   libucrt:locale_refcounting.obj
 0001:00007b88       __acrt_free_locale         0000000180008b88 f   libucrt:locale_refcounting.obj
 0001:00007d00       __acrt_locale_add_lc_time_reference 0000000180008d00 f   libucrt:locale_refcounting.obj
 0001:00007d28       __acrt_locale_free_lc_time_if_unreferenced 0000000180008d28 f   libucrt:locale_refcounting.obj
 0001:00007d60       __acrt_locale_release_lc_time_reference 0000000180008d60 f   libucrt:locale_refcounting.obj
 0001:00007d88       __acrt_release_locale_ref  0000000180008d88 f   libucrt:locale_refcounting.obj
 0001:00007e30       __acrt_update_thread_locale_data 0000000180008e30 f   libucrt:locale_refcounting.obj
 0001:00007ea0       _updatetlocinfoEx_nolock   0000000180008ea0 f   libucrt:locale_refcounting.obj
 0001:00007f08       __acrt_locale_free_monetary 0000000180008f08 f   libucrt:initmon.obj
 0001:00008014       __acrt_locale_free_numeric 0000000180009014 f   libucrt:initnum.obj
 0001:000080d4       __acrt_locale_free_time    00000001800090d4 f   libucrt:inittime.obj
 0001:000081dc       __acrt_GetStringTypeA      00000001800091dc f   libucrt:getstringtypea.obj
 0001:00008370       qsort                      0000000180009370 f   libucrt:qsort.obj
 0001:00008720       strncpy_s                  0000000180009720 f   libucrt:strncpy_s.obj
 0001:000088a0       strpbrk                    00000001800098a0 f   libucrt:strpbrk.obj
 0001:00008c80       _mbsdec                    0000000180009c80 f   libucrt:mbsdec.obj
 0001:00008c88       _mbsdec_l                  0000000180009c88 f   libucrt:mbsdec.obj
 0001:00008d30       _msize                     0000000180009d30 f   libucrt:msize.obj
 0001:00008d38       _msize_base                0000000180009d38 f   libucrt:msize.obj
 0001:00008d74       _realloc_base              0000000180009d74 f   libucrt:realloc_base.obj
 0001:00008ebc       __acrt_DownlevelLocaleNameToLCID 0000000180009ebc f   libucrt:lcidtoname_downlevel.obj
 0001:00008ef0       __acrt_lowio_create_handle_array 0000000180009ef0 f   libucrt:osfinfo.obj
 0001:00008f88       __acrt_lowio_destroy_handle_array 0000000180009f88 f   libucrt:osfinfo.obj
 0001:00008fd8       __acrt_lowio_ensure_fh_exists 0000000180009fd8 f   libucrt:osfinfo.obj
 0001:00009080       __acrt_lowio_lock_fh       000000018000a080 f   libucrt:osfinfo.obj
 0001:000090a4       __acrt_lowio_unlock_fh     000000018000a0a4 f   libucrt:osfinfo.obj
 0001:000090c8       _free_osfhnd               000000018000a0c8 f   libucrt:osfinfo.obj
 0001:00009184       _get_osfhandle             000000018000a184 f   libucrt:osfinfo.obj
 0001:00009288       _commit                    000000018000a288 f   libucrt:commit.obj
 0001:000098d4       _write                     000000018000a8d4 f   libucrt:write.obj
 0001:000099c0       _write_nolock              000000018000a9c0 f   libucrt:write.obj
 0001:00009d04       _fcloseall                 000000018000ad04 f   libucrt:closeall.obj
 0001:00009db8       __acrt_stdio_free_buffer_nolock 000000018000adb8 f   libucrt:_freebuf.obj
 0001:00009df8       _isatty                    000000018000adf8 f   libucrt:isatty.obj
 0001:00009e58       __acrt_MultiByteToWideChar 000000018000ae58 f   libucrt:multibytetowidechar.obj
 0001:00009e60       __strncnt                  000000018000ae60 f   libucrt:strncnt.obj
 0001:00009e78       _query_app_type            000000018000ae78 f   libucrt:report_runtime_error.obj
 0001:00009f1c       _lseeki64_nolock           000000018000af1c f   libucrt:lseek.obj
 0001:00009f24       _putwch_nolock             000000018000af24 f   libucrt:putwch.obj
 0001:00009f60       _fclose_nolock             000000018000af60 f   libucrt:fclose.obj
 0001:00009fe4       fclose                     000000018000afe4 f   libucrt:fclose.obj
 0001:0000a050       log10                      000000018000b050 f   libucrt:log10.obj
 0001:0000a5fc       __dcrt_lowio_ensure_console_output_initialized 000000018000b5fc f   libucrt:initcon.obj
 0001:0000a650       __dcrt_terminate_console_output 000000018000b650 f   libucrt:initcon.obj
 0001:0000a66c       __dcrt_write_console_w     000000018000b66c f   libucrt:initcon.obj
 0001:0000a7a0       _close                     000000018000b7a0 f   libucrt:close.obj
 0001:0000a844       _close_nolock              000000018000b844 f   libucrt:close.obj
 0001:0000a900       ?__acrt_stdio_free_stream@@YAXV__crt_stdio_stream@@@Z 000000018000b900 f   libucrt:stream.obj
 0001:0000aa40       _handle_error              000000018000ba40 f   libucrt:libm_error.obj
 0001:0000ab70       __acrt_initialize_fma3     000000018000bb70 f   libucrt:fma3_available.obj
 0001:0000abe0       _log10_special             000000018000bbe0 f   libucrt:log_special.obj
 0001:0000acb0       _get_fpsr                  000000018000bcb0 f   libucrt:fpsr.obj
 0001:0000acc0       _set_fpsr                  000000018000bcc0 f   libucrt:fpsr.obj
 0001:0000acca       _fclrf                     000000018000bcca f   libucrt:fpsr.obj
 0001:0000acde       _frnd                      000000018000bcde f   libucrt:fpsr.obj
 0001:0000ad00       _raise_exc                 000000018000bd00 f   libucrt:fpexcept.obj
 0001:0000ad28       _raise_exc_ex              000000018000bd28 f   libucrt:fpexcept.obj
 0001:0000b030       _set_errno_from_matherr    000000018000c030 f   libucrt:fpexcept.obj
 0001:0000b060       _clrfp                     000000018000c060 f   libucrt:fpctrl.obj
 0001:0000b080       _ctrlfp                    000000018000c080 f   libucrt:fpctrl.obj
 0001:0000b0fc       _set_statfp                000000018000c0fc f   libucrt:fpctrl.obj
 0001:0000b11c       _statfp                    000000018000c11c f   libucrt:fpctrl.obj
 0001:0000b12d       IsProcessorFeaturePresent  000000018000c12d f   kernel32:KERNEL32.dll
 0001:0000b133       RtlUnwindEx                000000018000c133 f   kernel32:KERNEL32.dll
 0001:0000b13c       ?DloadAcquireSectionWriteAccess@@YAXXZ 000000018000c13c f i DelayImp:delayhlp.obj
 0001:0000b1f8       ?DloadGetSRWLockFunctionPointers@@YAEXZ 000000018000c1f8 f i DelayImp:delayhlp.obj
 0001:0000b294       ?DloadMakePermanentImageCommit@@YAXPEAX_K@Z 000000018000c294 f i DelayImp:delayhlp.obj
 0001:0000b328       ?DloadObtainSection@@YAPEAXPEAK0@Z 000000018000c328 f i DelayImp:delayhlp.obj
 0001:0000b3bc       ?DloadProtectSection@@YAXKPEAK@Z 000000018000c3bc f i DelayImp:delayhlp.obj
 0001:0000b44c       ?DloadReleaseSectionWriteAccess@@YAXXZ 000000018000c44c f i DelayImp:delayhlp.obj
 0001:0000b4f0       __delayLoadHelper2         000000018000c4f0 f   DelayImp:delayhlp.obj
 0001:0000b7f0       _FindPESection             000000018000c7f0 f   LIBCMT:pesect.obj
 0001:0000b840       _IsNonwritableInCurrentImage 000000018000c840 f   LIBCMT:pesect.obj
 0001:0000b890       _ValidateImageBase         000000018000c890 f   LIBCMT:pesect.obj
 0001:0000b8c0       __GSHandlerCheck           000000018000c8c0 f   LIBCMT:_gshandler_.obj
 0001:0000b8e0       __GSHandlerCheckCommon     000000018000c8e0 f   LIBCMT:_gshandler_.obj
 0001:0000b950       __chkstk                   000000018000c950 f   LIBCMT:_chkstk_.obj
 0001:0000b950       _alloca_probe              000000018000c950 f   LIBCMT:_chkstk_.obj
 0001:0000b9c0       memcpy                     000000018000c9c0 f   libvcruntime:memcpy.obj
 0001:0000b9c0       memmove                    000000018000c9c0 f   libvcruntime:memcpy.obj
 0001:0000be20       memcmp                     000000018000ce20 f   libvcruntime:memcmp.obj
 0001:0000bf00       _guard_dispatch_icall_nop  000000018000cf00 f   LIBCMT:_guard_dispatch_.obj
 0001:0000bf20       __guard_ss_verify_failure  000000018000cf20 f   LIBCMT:_rfgfailure_.obj
 0001:0000bf2b       __guard_ss_verify_failure_rcx 000000018000cf2b     LIBCMT:_rfgfailure_.obj
 0001:0000bf31       __guard_ss_verify_failure_rdx 000000018000cf31     LIBCMT:_rfgfailure_.obj
 0001:0000bf37       __guard_ss_verify_failure_r8 000000018000cf37     LIBCMT:_rfgfailure_.obj
 0001:0000bf3d       __guard_ss_verify_failure_r9 000000018000cf3d     LIBCMT:_rfgfailure_.obj
 0001:0000bf43       __guard_ss_verify_failure_r10 000000018000cf43     LIBCMT:_rfgfailure_.obj
 0001:0000bf50       __guard_ss_verify_failure_default 000000018000cf50 f   LIBCMT:_rfgfailure_.obj
 0001:0000bfb0       __guard_ss_verify_sp       000000018000cfb0 f   LIBCMT:_rfgfailure_.obj
 0001:0000bfc0       __guard_ss_verify_sp_default 000000018000cfc0 f   LIBCMT:_rfgfailure_.obj
 0002:00000000       __imp_GetModuleHandleA     000000018000e000     kernel32:KERNEL32.dll
 0002:00000008       __imp_VirtualQuery         000000018000e008     kernel32:KERNEL32.dll
 0002:00000010       __imp_VirtualProtect       000000018000e010     kernel32:KERNEL32.dll
 0002:00000018       __imp_GetSystemInfo        000000018000e018     kernel32:KERNEL32.dll
 0002:00000020       __imp_RaiseException       000000018000e020     kernel32:KERNEL32.dll
 0002:00000028       __imp_RtlCaptureContext    000000018000e028     kernel32:KERNEL32.dll
 0002:00000030       __imp_RtlLookupFunctionEntry 000000018000e030     kernel32:KERNEL32.dll
 0002:00000038       __imp_RtlVirtualUnwind     000000018000e038     kernel32:KERNEL32.dll
 0002:00000040       __imp_UnhandledExceptionFilter 000000018000e040     kernel32:KERNEL32.dll
 0002:00000048       __imp_SetUnhandledExceptionFilter 000000018000e048     kernel32:KERNEL32.dll
 0002:00000050       __imp_GetCurrentProcess    000000018000e050     kernel32:KERNEL32.dll
 0002:00000058       __imp_TerminateProcess     000000018000e058     kernel32:KERNEL32.dll
 0002:00000060       __imp_IsProcessorFeaturePresent 000000018000e060     kernel32:KERNEL32.dll
 0002:00000068       __imp_QueryPerformanceCounter 000000018000e068     kernel32:KERNEL32.dll
 0002:00000070       __imp_GetCurrentProcessId  000000018000e070     kernel32:KERNEL32.dll
 0002:00000078       __imp_GetCurrentThreadId   000000018000e078     kernel32:KERNEL32.dll
 0002:00000080       __imp_GetSystemTimeAsFileTime 000000018000e080     kernel32:KERNEL32.dll
 0002:00000088       __imp_InitializeSListHead  000000018000e088     kernel32:KERNEL32.dll
 0002:00000090       __imp_IsDebuggerPresent    000000018000e090     kernel32:KERNEL32.dll
 0002:00000098       __imp_GetStartupInfoW      000000018000e098     kernel32:KERNEL32.dll
 0002:000000a0       __imp_GetModuleHandleW     000000018000e0a0     kernel32:KERNEL32.dll
 0002:000000a8       __imp_RtlUnwindEx          000000018000e0a8     kernel32:KERNEL32.dll
 0002:000000b0       __imp_InterlockedFlushSList 000000018000e0b0     kernel32:KERNEL32.dll
 0002:000000b8       __imp_GetLastError         000000018000e0b8     kernel32:KERNEL32.dll
 0002:000000c0       __imp_SetLastError         000000018000e0c0     kernel32:KERNEL32.dll
 0002:000000c8       __imp_EnterCriticalSection 000000018000e0c8     kernel32:KERNEL32.dll
 0002:000000d0       __imp_LeaveCriticalSection 000000018000e0d0     kernel32:KERNEL32.dll
 0002:000000d8       __imp_DeleteCriticalSection 000000018000e0d8     kernel32:KERNEL32.dll
 0002:000000e0       __imp_InitializeCriticalSectionAndSpinCount 000000018000e0e0     kernel32:KERNEL32.dll
 0002:000000e8       __imp_TlsAlloc             000000018000e0e8     kernel32:KERNEL32.dll
 0002:000000f0       __imp_TlsGetValue          000000018000e0f0     kernel32:KERNEL32.dll
 0002:000000f8       __imp_TlsSetValue          000000018000e0f8     kernel32:KERNEL32.dll
 0002:00000100       __imp_TlsFree              000000018000e100     kernel32:KERNEL32.dll
 0002:00000108       __imp_FreeLibrary          000000018000e108     kernel32:KERNEL32.dll
 0002:00000110       __imp_GetProcAddress       000000018000e110     kernel32:KERNEL32.dll
 0002:00000118       __imp_LoadLibraryExW       000000018000e118     kernel32:KERNEL32.dll
 0002:00000120       __imp_ExitProcess          000000018000e120     kernel32:KERNEL32.dll
 0002:00000128       __imp_GetModuleHandleExW   000000018000e128     kernel32:KERNEL32.dll
 0002:00000130       __imp_GetModuleFileNameA   000000018000e130     kernel32:KERNEL32.dll
 0002:00000138       __imp_MultiByteToWideChar  000000018000e138     kernel32:KERNEL32.dll
 0002:00000140       __imp_WideCharToMultiByte  000000018000e140     kernel32:KERNEL32.dll
 0002:00000148       __imp_HeapFree             000000018000e148     kernel32:KERNEL32.dll
 0002:00000150       __imp_HeapAlloc            000000018000e150     kernel32:KERNEL32.dll
 0002:00000158       __imp_GetACP               000000018000e158     kernel32:KERNEL32.dll
 0002:00000160       __imp_FindClose            000000018000e160     kernel32:KERNEL32.dll
 0002:00000168       __imp_FindFirstFileExA     000000018000e168     kernel32:KERNEL32.dll
 0002:00000170       __imp_FindNextFileA        000000018000e170     kernel32:KERNEL32.dll
 0002:00000178       __imp_IsValidCodePage      000000018000e178     kernel32:KERNEL32.dll
 0002:00000180       __imp_GetOEMCP             000000018000e180     kernel32:KERNEL32.dll
 0002:00000188       __imp_GetCPInfo            000000018000e188     kernel32:KERNEL32.dll
 0002:00000190       __imp_GetCommandLineA      000000018000e190     kernel32:KERNEL32.dll
 0002:00000198       __imp_GetCommandLineW      000000018000e198     kernel32:KERNEL32.dll
 0002:000001a0       __imp_GetEnvironmentStringsW 000000018000e1a0     kernel32:KERNEL32.dll
 0002:000001a8       __imp_FreeEnvironmentStringsW 000000018000e1a8     kernel32:KERNEL32.dll
 0002:000001b0       __imp_LCMapStringW         000000018000e1b0     kernel32:KERNEL32.dll
 0002:000001b8       __imp_GetProcessHeap       000000018000e1b8     kernel32:KERNEL32.dll
 0002:000001c0       __imp_GetStdHandle         000000018000e1c0     kernel32:KERNEL32.dll
 0002:000001c8       __imp_GetFileType          000000018000e1c8     kernel32:KERNEL32.dll
 0002:000001d0       __imp_GetStringTypeW       000000018000e1d0     kernel32:KERNEL32.dll
 0002:000001d8       __imp_HeapSize             000000018000e1d8     kernel32:KERNEL32.dll
 0002:000001e0       __imp_HeapReAlloc          000000018000e1e0     kernel32:KERNEL32.dll
 0002:000001e8       __imp_SetStdHandle         000000018000e1e8     kernel32:KERNEL32.dll
 0002:000001f0       __imp_FlushFileBuffers     000000018000e1f0     kernel32:KERNEL32.dll
 0002:000001f8       __imp_WriteFile            000000018000e1f8     kernel32:KERNEL32.dll
 0002:00000200       __imp_GetConsoleCP         000000018000e200     kernel32:KERNEL32.dll
 0002:00000208       __imp_GetConsoleMode       000000018000e208     kernel32:KERNEL32.dll
 0002:00000210       __imp_SetFilePointerEx     000000018000e210     kernel32:KERNEL32.dll
 0002:00000218       __imp_CreateFileW          000000018000e218     kernel32:KERNEL32.dll
 0002:00000220       __imp_CloseHandle          000000018000e220     kernel32:KERNEL32.dll
 0002:00000228       __imp_WriteConsoleW        000000018000e228     kernel32:KERNEL32.dll
 0002:00000230       __imp_LoadLibraryExA       000000018000e230     kernel32:KERNEL32.dll
 0002:00000238       \177KERNEL32_NULL_THUNK_DATA 000000018000e238     kernel32:KERNEL32.dll
 0002:00000240       __imp_XInputGetState       000000018000e240     XInput9_1_0:XINPUT9_1_0.dll
 0002:00000248       __imp_XInputSetState       000000018000e248     XInput9_1_0:XINPUT9_1_0.dll
 0002:00000250       \177XINPUT9_1_0_NULL_THUNK_DATA 000000018000e250     XInput9_1_0:XINPUT9_1_0.dll
 0002:00000258       __guard_check_icall_fptr   000000018000e258     LIBCMT:guard_support.obj
 0002:00000260       __guard_dispatch_icall_fptr 000000018000e260     LIBCMT:guard_support.obj
 0002:00000268       __guard_ss_verify_failure_fptr 000000018000e268     LIBCMT:guard_support.obj
 0002:00000270       __guard_ss_verify_sp_fptr  000000018000e270     LIBCMT:guard_support.obj
 0002:00000278       __xc_a                     000000018000e278     LIBCMT:initializers.obj
 0002:00000280       _register_NativeExtension_ 000000018000e280     XInputWrap.obj
 0002:00000288       __xc_z                     000000018000e288     LIBCMT:initializers.obj
 0002:00000290       __xi_a                     000000018000e290     LIBCMT:initializers.obj
 0002:00000298       __acrt_multibyte_initializer 000000018000e298     libucrt:multibyte_initializer.obj
 0002:000002a0       __acrt_stdio_initializer   000000018000e2a0     libucrt:stdio_initializer.obj
 0002:000002a8       __acrt_tran_fma3_initializer 000000018000e2a8     libucrt:fma3_initializer.obj
 0002:000002b0       __xi_z                     000000018000e2b0     LIBCMT:initializers.obj
 0002:000002b8       __xp_a                     000000018000e2b8     LIBCMT:initializers.obj
 0002:000002c0       __acrt_locale_terminator   000000018000e2c0     libucrt:locale_initializer.obj
 0002:000002c8       __dcrt_console_output_terminator 000000018000e2c8     libucrt:console_output_initializer.obj
 0002:000002d0       __acrt_stdio_terminator    000000018000e2d0     libucrt:stdio_initializer.obj
 0002:000002d8       __xp_z                     000000018000e2d8     LIBCMT:initializers.obj
 0002:000002e0       __xt_a                     000000018000e2e0     LIBCMT:initializers.obj
 0002:000002e8       __xt_z                     000000018000e2e8     LIBCMT:initializers.obj
 0002:000002f0       __sz_node_exe              000000018000e2f0     node:node.exe
 0002:00000300       _pDefaultRawDllMain        000000018000e300     LIBCMT:dll_dllmain.obj
 0002:00000300       _pRawDllMain               000000018000e300     LIBCMT:dll_dllmain.obj
 0002:00000648       ??_C@_08EHJDFFNH@__based?$CI?$AA@ 000000018000e648     libvcruntime:undname.obj
 0002:00000658       ??_C@_07KOLFKCDI@__cdecl?$AA@ 000000018000e658     libvcruntime:undname.obj
 0002:00000660       ??_C@_08GHMPAG@__pascal?$AA@ 000000018000e660     libvcruntime:undname.obj
 0002:00000670       ??_C@_09IFJBGAPI@__stdcall?$AA@ 000000018000e670     libvcruntime:undname.obj
 0002:00000680       ??_C@_0L@NPHFGOKO@__thiscall?$AA@ 000000018000e680     libvcruntime:undname.obj
 0002:00000690       ??_C@_0L@JMKHOMEK@__fastcall?$AA@ 000000018000e690     libvcruntime:undname.obj
 0002:000006a0       ??_C@_0N@BCKKPABJ@__vectorcall?$AA@ 000000018000e6a0     libvcruntime:undname.obj
 0002:000006b0       ??_C@_09HIJEGCPM@__clrcall?$AA@ 000000018000e6b0     libvcruntime:undname.obj
 0002:000006bc       ??_C@_06GHPCKEAG@__eabi?$AA@ 000000018000e6bc     libvcruntime:undname.obj
 0002:000006c8       ??_C@_07JOMMBBKO@__ptr64?$AA@ 000000018000e6c8     libvcruntime:undname.obj
 0002:000006d0       ??_C@_0L@PILCLIHE@__restrict?$AA@ 000000018000e6d0     libvcruntime:undname.obj
 0002:000006e0       ??_C@_0M@GFIIJFMG@__unaligned?$AA@ 000000018000e6e0     libvcruntime:undname.obj
 0002:000006f0       ??_C@_09DHDLOLLB@restrict?$CI?$AA@ 000000018000e6f0     libvcruntime:undname.obj
 0002:000006fa       ??_C@_00CNPNBAHC@?$AA@     000000018000e6fa     libvcruntime:undname.obj
 0002:000006fc       ??_C@_04NIHEBCM@?5new?$AA@ 000000018000e6fc     libvcruntime:undname.obj
 0002:00000708       ??_C@_07FPCDHGMM@?5delete?$AA@ 000000018000e708     libvcruntime:undname.obj
 0002:00000710       ??_C@_01NEMOKFLO@?$DN?$AA@ 000000018000e710     libvcruntime:undname.obj
 0002:00000714       ??_C@_02GPIOPFAK@?$DO?$DO?$AA@ 000000018000e714     libvcruntime:undname.obj
 0002:00000718       ??_C@_02FODMEDOG@?$DM?$DM?$AA@ 000000018000e718     libvcruntime:undname.obj
 0002:0000071c       ??_C@_01DCLJPIOD@?$CB?$AA@ 000000018000e71c     libvcruntime:undname.obj
 0002:00000720       ??_C@_02EGOFBIJA@?$DN?$DN?$AA@ 000000018000e720     libvcruntime:undname.obj
 0002:00000724       ??_C@_02FDNJECIE@?$CB?$DN?$AA@ 000000018000e724     libvcruntime:undname.obj
 0002:00000728       ??_C@_02GPECMEKF@?$FL?$FN?$AA@ 000000018000e728     libvcruntime:undname.obj
 0002:00000730       ??_C@_08LHJFAFGD@operator?$AA@ 000000018000e730     libvcruntime:undname.obj
 0002:0000073c       ??_C@_02HBOOOICD@?9?$DO?$AA@ 000000018000e73c     libvcruntime:undname.obj
 0002:00000740       ??_C@_01NBENCBCI@?$CK?$AA@ 000000018000e740     libvcruntime:undname.obj
 0002:00000744       ??_C@_02ECNGHCIF@?$CL?$CL?$AA@ 000000018000e744     libvcruntime:undname.obj
 0002:00000748       ??_C@_02BAABKJLB@?9?9?$AA@ 000000018000e748     libvcruntime:undname.obj
 0002:0000074c       ??_C@_01JOAMLHOP@?9?$AA@   000000018000e74c     libvcruntime:undname.obj
 0002:00000750       ??_C@_01MIFGBAGJ@?$CL?$AA@ 000000018000e750     libvcruntime:undname.obj
 0002:00000754       ??_C@_01HNPIGOCE@?$CG?$AA@ 000000018000e754     libvcruntime:undname.obj
 0002:00000758       ??_C@_03MNHNFDLC@?9?$DO?$CK?$AA@ 000000018000e758     libvcruntime:undname.obj
 0002:0000075c       ??_C@_01KMDKNFGN@?1?$AA@   000000018000e75c     libvcruntime:undname.obj
 0002:00000760       ??_C@_01FGNFDNOH@?$CF?$AA@ 000000018000e760     libvcruntime:undname.obj
 0002:00000764       ??_C@_01MNNFJEPP@?$DM?$AA@ 000000018000e764     libvcruntime:undname.obj
 0002:00000768       ??_C@_02EHCHHCKH@?$DM?$DN?$AA@ 000000018000e768     libvcruntime:undname.obj
 0002:0000076c       ??_C@_01PPODPGHN@?$DO?$AA@ 000000018000e76c     libvcruntime:undname.obj
 0002:00000770       ??_C@_02EEKDKGMJ@?$DO?$DN?$AA@ 000000018000e770     libvcruntime:undname.obj
 0002:00000774       ??_C@_01IHBHIGKO@?0?$AA@   000000018000e774     libvcruntime:undname.obj
 0002:00000778       ??_C@_02HCKGKOFO@?$CI?$CJ?$AA@ 000000018000e778     libvcruntime:undname.obj
 0002:0000077c       ??_C@_01PJKLJHI@?$HO?$AA@  000000018000e77c     libvcruntime:undname.obj
 0002:00000780       ??_C@_01JKBOJNNK@?$FO?$AA@ 000000018000e780     libvcruntime:undname.obj
 0002:00000784       ??_C@_01DNKMNLPK@?$HM?$AA@ 000000018000e784     libvcruntime:undname.obj
 0002:00000788       ??_C@_02PPKAJPJL@?$CG?$CG?$AA@ 000000018000e788     libvcruntime:undname.obj
 0002:0000078c       ??_C@_02NONPIBCD@?$HM?$HM?$AA@ 000000018000e78c     libvcruntime:undname.obj
 0002:00000790       ??_C@_02FPIMKNGF@?$CK?$DN?$AA@ 000000018000e790     libvcruntime:undname.obj
 0002:00000794       ??_C@_02FOEOMHFC@?$CL?$DN?$AA@ 000000018000e794     libvcruntime:undname.obj
 0002:00000798       ??_C@_02FKMDLLOA@?9?$DN?$AA@ 000000018000e798     libvcruntime:undname.obj
 0002:0000079c       ??_C@_02FJEHGPIO@?1?$DN?$AA@ 000000018000e79c     libvcruntime:undname.obj
 0002:000007a0       ??_C@_02FENAOKFI@?$CF?$DN?$AA@ 000000018000e7a0     libvcruntime:undname.obj
 0002:000007a4       ??_C@_03IKFCCPFF@?$DO?$DO?$DN?$AA@ 000000018000e7a4     libvcruntime:undname.obj
 0002:000007a8       ??_C@_03CDNPDDLA@?$DM?$DM?$DN?$AA@ 000000018000e7a8     libvcruntime:undname.obj
 0002:000007ac       ??_C@_02FGJGFEAB@?$CG?$DN?$AA@ 000000018000e7ac     libvcruntime:undname.obj
 0002:000007b0       ??_C@_02DHLNPPGH@?$HM?$DN?$AA@ 000000018000e7b0     libvcruntime:undname.obj
 0002:000007b4       ??_C@_02MHEGNOJ@?$FO?$DN?$AA@ 000000018000e7b4     libvcruntime:undname.obj
 0002:000007b8       ??_C@_09IFPLHPGF@?$GAvftable?8?$AA@ 000000018000e7b8     libvcruntime:undname.obj
 0002:000007c8       ??_C@_09BLBHBJP@?$GAvbtable?8?$AA@ 000000018000e7c8     libvcruntime:undname.obj
 0002:000007d8       ??_C@_07FEEIOKP@?$GAvcall?8?$AA@ 000000018000e7d8     libvcruntime:undname.obj
 0002:000007e0       ??_C@_08LLFFHHDJ@?$GAtypeof?8?$AA@ 000000018000e7e0     libvcruntime:undname.obj
 0002:000007f0       ??_C@_0BF@KDPPACIK@?$GAlocal?5static?5guard?8?$AA@ 000000018000e7f0     libvcruntime:undname.obj
 0002:00000808       ??_C@_08OBABFOLI@?$GAstring?8?$AA@ 000000018000e808     libvcruntime:undname.obj
 0002:00000818       ??_C@_0BD@JDLKDPAB@?$GAvbase?5destructor?8?$AA@ 000000018000e818     libvcruntime:undname.obj
 0002:00000830       ??_C@_0BN@DEGPLNFK@?$GAvector?5deleting?5destructor?8?$AA@ 000000018000e830     libvcruntime:undname.obj
 0002:00000850       ??_C@_0BO@OBMKPJIG@?$GAdefault?5constructor?5closure?8?$AA@ 000000018000e850     libvcruntime:undname.obj
 0002:00000870       ??_C@_0BN@IMDCHIKM@?$GAscalar?5deleting?5destructor?8?$AA@ 000000018000e870     libvcruntime:undname.obj
 0002:00000890       ??_C@_0BO@PFGOCPJJ@?$GAvector?5constructor?5iterator?8?$AA@ 000000018000e890     libvcruntime:undname.obj
 0002:000008b0       ??_C@_0BN@LFPFMEDL@?$GAvector?5destructor?5iterator?8?$AA@ 000000018000e8b0     libvcruntime:undname.obj
 0002:000008d0       ??_C@_0CE@IKBNEHA@?$GAvector?5vbase?5constructor?5iterat@ 000000018000e8d0     libvcruntime:undname.obj
 0002:000008f8       ??_C@_0BL@NILFHHPC@?$GAvirtual?5displacement?5map?8?$AA@ 000000018000e8f8     libvcruntime:undname.obj
 0002:00000918       ??_C@_0CB@JONCMFFK@?$GAeh?5vector?5constructor?5iterator?8@ 000000018000e918     libvcruntime:undname.obj
 0002:00000940       ??_C@_0CA@GCEOPDGL@?$GAeh?5vector?5destructor?5iterator?8?$AA@ 000000018000e940     libvcruntime:undname.obj
 0002:00000960       ??_C@_0CH@OOJPLCPH@?$GAeh?5vector?5vbase?5constructor?5ite@ 000000018000e960     libvcruntime:undname.obj
 0002:00000988       ??_C@_0BL@LLKPOHJI@?$GAcopy?5constructor?5closure?8?$AA@ 000000018000e988     libvcruntime:undname.obj
 0002:000009a8       ??_C@_0BA@KBCDOMBN@?$GAudt?5returning?8?$AA@ 000000018000e9a8     libvcruntime:undname.obj
 0002:000009b8       ??_C@_03KLGMFNMG@?$GAEH?$AA@ 000000018000e9b8     libvcruntime:undname.obj
 0002:000009bc       ??_C@_05KHLCHHI@?$GARTTI?$AA@ 000000018000e9bc     libvcruntime:undname.obj
 0002:000009c8       ??_C@_0BA@KKLDJDLB@?$GAlocal?5vftable?8?$AA@ 000000018000e9c8     libvcruntime:undname.obj
 0002:000009d8       ??_C@_0CE@IIHCMGGL@?$GAlocal?5vftable?5constructor?5closu@ 000000018000e9d8     libvcruntime:undname.obj
 0002:000009fc       ??_C@_06FHBGPFGH@?5new?$FL?$FN?$AA@ 000000018000e9fc     libvcruntime:undname.obj
 0002:00000a08       ??_C@_09LBNFPBCA@?5delete?$FL?$FN?$AA@ 000000018000ea08     libvcruntime:undname.obj
 0002:00000a18       ??_C@_0P@HJKNJFNN@?$GAomni?5callsig?8?$AA@ 000000018000ea18     libvcruntime:undname.obj
 0002:00000a28       ??_C@_0BL@CNOONJFP@?$GAplacement?5delete?5closure?8?$AA@ 000000018000ea28     libvcruntime:undname.obj
 0002:00000a48       ??_C@_0BN@CKNJLHMB@?$GAplacement?5delete?$FL?$FN?5closure?8?$AA@ 000000018000ea48     libvcruntime:undname.obj
 0002:00000a68       ??_C@_0CG@CFDHKGGD@?$GAmanaged?5vector?5constructor?5iter@ 000000018000ea68     libvcruntime:undname.obj
 0002:00000a90       ??_C@_0CF@IMGKMJNO@?$GAmanaged?5vector?5destructor?5itera@ 000000018000ea90     libvcruntime:undname.obj
 0002:00000ab8       ??_C@_0CG@HLDDJMAG@?$GAeh?5vector?5copy?5constructor?5iter@ 000000018000eab8     libvcruntime:undname.obj
 0002:00000ae0       ??_C@_0CM@FCBBDIGB@?$GAeh?5vector?5vbase?5copy?5constructo@ 000000018000eae0     libvcruntime:undname.obj
 0002:00000b10       ??_C@_0BL@CLIPGLGB@?$GAdynamic?5initializer?5for?5?8?$AA@ 000000018000eb10     libvcruntime:undname.obj
 0002:00000b30       ??_C@_0CB@PDBIFEP@?$GAdynamic?5atexit?5destructor?5for?5?8@ 000000018000eb30     libvcruntime:undname.obj
 0002:00000b58       ??_C@_0CD@CGAJBKEJ@?$GAvector?5copy?5constructor?5iterato@ 000000018000eb58     libvcruntime:undname.obj
 0002:00000b80       ??_C@_0CJ@GJELGAMM@?$GAvector?5vbase?5copy?5constructor?5i@ 000000018000eb80     libvcruntime:undname.obj
 0002:00000bb0       ??_C@_0CL@FGIJHLCE@?$GAmanaged?5vector?5copy?5constructor@ 000000018000ebb0     libvcruntime:undname.obj
 0002:00000be0       ??_C@_0BM@PMGGMLDN@?$GAlocal?5static?5thread?5guard?8?$AA@ 000000018000ebe0     libvcruntime:undname.obj
 0002:00000c00       ??_C@_0N@BDNMDMOL@operator?5?$CC?$CC?5?$AA@ 000000018000ec00     libvcruntime:undname.obj
 0002:00000c10       ??_C@_0BC@GGEBGALA@operator?5co_await?$AA@ 000000018000ec10     libvcruntime:undname.obj
 0002:00000c28       ??_C@_0BC@DAFEJGAK@?5Type?5Descriptor?8?$AA@ 000000018000ec28     libvcruntime:undname.obj
 0002:00000c40       ??_C@_0BM@LDKODKLH@?5Base?5Class?5Descriptor?5at?5?$CI?$AA@ 000000018000ec40     libvcruntime:undname.obj
 0002:00000c60       ??_C@_0BD@LGICGFMM@?5Base?5Class?5Array?8?$AA@ 000000018000ec60     libvcruntime:undname.obj
 0002:00000c78       ??_C@_0BN@MECKDCOJ@?5Class?5Hierarchy?5Descriptor?8?$AA@ 000000018000ec78     libvcruntime:undname.obj
 0002:00000c98       ??_C@_0BK@CFCOFLF@?5Complete?5Object?5Locator?8?$AA@ 000000018000ec98     libvcruntime:undname.obj
 0002:00000cd0       ??_C@_1DM@KHCHBNEB@?$AAa?$AAp?$AAi?$AA?9?$AAm?$AAs?$AA?9?$AAw?$AAi?$AAn?$AA?9?$AAc?$AAo?$AAr?$AAe?$AA?9?$AAf?$AAi?$AAb?$AAe?$AAr?$AAs?$AA?9?$AAl?$AA1?$AA?9?$AA1?$AA?9?$AA1?$AA?$AA@ 000000018000ecd0     libvcruntime:winapi_downlevel.obj
 0002:00000d10       ??_C@_1DK@LPPGFMPP@?$AAa?$AAp?$AAi?$AA?9?$AAm?$AAs?$AA?9?$AAw?$AAi?$AAn?$AA?9?$AAc?$AAo?$AAr?$AAe?$AA?9?$AAs?$AAy?$AAn?$AAc?$AAh?$AA?9?$AAl?$AA1?$AA?9?$AA2?$AA?9?$AA0?$AA?$AA@ 000000018000ed10     libvcruntime:winapi_downlevel.obj
 0002:00000d50       ??_C@_1BC@GDMECMAK@?$AAk?$AAe?$AAr?$AAn?$AAe?$AAl?$AA3?$AA2?$AA?$AA@ 000000018000ed50     libvcruntime:winapi_downlevel.obj
 0002:00000d68       ??_C@_1BA@PFFKHIOG@?$AAa?$AAp?$AAi?$AA?9?$AAm?$AAs?$AA?9?$AA?$AA@ 000000018000ed68     libvcruntime:winapi_downlevel.obj
 0002:00000d78       ??_C@_1BA@IAIFMGEF@?$AAe?$AAx?$AAt?$AA?9?$AAm?$AAs?$AA?9?$AA?$AA@ 000000018000ed78     libvcruntime:winapi_downlevel.obj
 0002:00000d90       ??_C@_08KNHFBNJ@FlsAlloc?$AA@ 000000018000ed90     libvcruntime:winapi_downlevel.obj
 0002:00000da8       ??_C@_07PEJMOBNF@FlsFree?$AA@ 000000018000eda8     libvcruntime:winapi_downlevel.obj
 0002:00000db8       ??_C@_0M@GDNOONDI@FlsGetValue?$AA@ 000000018000edb8     libvcruntime:winapi_downlevel.obj
 0002:00000dd0       ??_C@_0M@JCPCPOEF@FlsSetValue?$AA@ 000000018000edd0     libvcruntime:winapi_downlevel.obj
 0002:00000de8       ??_C@_0BM@HCFOFFN@InitializeCriticalSectionEx?$AA@ 000000018000ede8     libvcruntime:winapi_downlevel.obj
 0002:00000e10       __acrt_exception_action_table 000000018000ee10     libucrt:exception_filter.obj
 0002:00000ed0       __acrt_signal_action_table_count 000000018000eed0     libucrt:exception_filter.obj
 0002:00000ed8       __acrt_signal_action_first_fpe_index 000000018000eed8     libucrt:exception_filter.obj
 0002:00000ee0       __acrt_signal_action_fpe_count 000000018000eee0     libucrt:exception_filter.obj
 0002:00000ee8       ??_C@_1BI@BGOHAHKC@?$AAm?$AAs?$AAc?$AAo?$AAr?$AAe?$AAe?$AA?4?$AAd?$AAl?$AAl?$AA?$AA@ 000000018000eee8     libucrt:exit.obj
 0002:00000f00       ??_C@_0P@MIGLKIOC@CorExitProcess?$AA@ 000000018000ef00     libucrt:exit.obj
 0002:00001170       __lc_time_c                000000018000f170     libucrt:nlsdata.obj
 0002:00001430       ??_C@_03KOEHGMDN@Sun?$AA@  000000018000f430     libucrt:nlsdata.obj
 0002:00001434       ??_C@_03PDAGKDH@Mon?$AA@   000000018000f434     libucrt:nlsdata.obj
 0002:00001438       ??_C@_03NAGEINEP@Tue?$AA@  000000018000f438     libucrt:nlsdata.obj
 0002:0000143c       ??_C@_03MHOMLAJA@Wed?$AA@  000000018000f43c     libucrt:nlsdata.obj
 0002:00001440       ??_C@_03IOFIKPDN@Thu?$AA@  000000018000f440     libucrt:nlsdata.obj
 0002:00001444       ??_C@_03IDIOELNC@Fri?$AA@  000000018000f444     libucrt:nlsdata.obj
 0002:00001448       ??_C@_03FEFJNEK@Sat?$AA@   000000018000f448     libucrt:nlsdata.obj
 0002:0000144c       ??_C@_06OOPIFAJ@Sunday?$AA@ 000000018000f44c     libucrt:nlsdata.obj
 0002:00001454       ??_C@_06JLEDEDGH@Monday?$AA@ 000000018000f454     libucrt:nlsdata.obj
 0002:00001460       ??_C@_07BAAGCFCM@Tuesday?$AA@ 000000018000f460     libucrt:nlsdata.obj
 0002:00001468       ??_C@_09DLIGFAKA@Wednesday?$AA@ 000000018000f468     libucrt:nlsdata.obj
 0002:00001478       ??_C@_08HACCIKIA@Thursday?$AA@ 000000018000f478     libucrt:nlsdata.obj
 0002:00001484       ??_C@_06JECMNKMI@Friday?$AA@ 000000018000f484     libucrt:nlsdata.obj
 0002:00001490       ??_C@_08INBOOONO@Saturday?$AA@ 000000018000f490     libucrt:nlsdata.obj
 0002:0000149c       ??_C@_03JIHJHPIE@Jan?$AA@  000000018000f49c     libucrt:nlsdata.obj
 0002:000014a0       ??_C@_03HJBDCHOM@Feb?$AA@  000000018000f4a0     libucrt:nlsdata.obj
 0002:000014a4       ??_C@_03ODNJBKGA@Mar?$AA@  000000018000f4a4     libucrt:nlsdata.obj
 0002:000014a8       ??_C@_03LEOLGMJP@Apr?$AA@  000000018000f4a8     libucrt:nlsdata.obj
 0002:000014ac       ??_C@_03CNMDKL@May?$AA@    000000018000f4ac     libucrt:nlsdata.obj
 0002:000014b0       ??_C@_03IDFGHECI@Jun?$AA@  000000018000f4b0     libucrt:nlsdata.obj
 0002:000014b4       ??_C@_03LBGABGKK@Jul?$AA@  000000018000f4b4     libucrt:nlsdata.obj
 0002:000014b8       ??_C@_03IFJFEIGA@Aug?$AA@  000000018000f4b8     libucrt:nlsdata.obj
 0002:000014bc       ??_C@_03GGCAPAJC@Sep?$AA@  000000018000f4bc     libucrt:nlsdata.obj
 0002:000014c0       ??_C@_03BMAOKBAD@Oct?$AA@  000000018000f4c0     libucrt:nlsdata.obj
 0002:000014c4       ??_C@_03JPJOFNIA@Nov?$AA@  000000018000f4c4     libucrt:nlsdata.obj
 0002:000014c8       ??_C@_03MKABNOCG@Dec?$AA@  000000018000f4c8     libucrt:nlsdata.obj
 0002:000014d0       ??_C@_07CGJPFGJA@January?$AA@ 000000018000f4d0     libucrt:nlsdata.obj
 0002:000014d8       ??_C@_08GNJGEPFN@February?$AA@ 000000018000f4d8     libucrt:nlsdata.obj
 0002:000014e4       ??_C@_05HPCKOFNC@March?$AA@ 000000018000f4e4     libucrt:nlsdata.obj
 0002:000014ec       ??_C@_05DMJDNLEJ@April?$AA@ 000000018000f4ec     libucrt:nlsdata.obj
 0002:000014f4       ??_C@_04CNLMGBGM@June?$AA@ 000000018000f4f4     libucrt:nlsdata.obj
 0002:000014fc       ??_C@_04MIEPOIFP@July?$AA@ 000000018000f4fc     libucrt:nlsdata.obj
 0002:00001504       ??_C@_06LBBHFDDG@August?$AA@ 000000018000f504     libucrt:nlsdata.obj
 0002:00001510       ??_C@_09BHHEALKD@September?$AA@ 000000018000f510     libucrt:nlsdata.obj
 0002:00001520       ??_C@_07JJNFCEND@October?$AA@ 000000018000f520     libucrt:nlsdata.obj
 0002:00001528       ??_C@_08HCHEGEOA@November?$AA@ 000000018000f528     libucrt:nlsdata.obj
 0002:00001538       ??_C@_08EDHMEBNP@December?$AA@ 000000018000f538     libucrt:nlsdata.obj
 0002:00001544       ??_C@_02DEDBPAFC@AM?$AA@   000000018000f544     libucrt:nlsdata.obj
 0002:00001548       ??_C@_02CJNFDJBF@PM?$AA@   000000018000f548     libucrt:nlsdata.obj
 0002:00001550       ??_C@_08BPBNCDIB@MM?1dd?1yy?$AA@ 000000018000f550     libucrt:nlsdata.obj
 0002:00001560       ??_C@_0BE@CKGJFCPC@dddd?0?5MMMM?5dd?0?5yyyy?$AA@ 000000018000f560     libucrt:nlsdata.obj
 0002:00001578       ??_C@_08JCCMCCIL@HH?3mm?3ss?$AA@ 000000018000f578     libucrt:nlsdata.obj
 0002:00001588       ??_C@_17MBGCMIPB@?$AAS?$AAu?$AAn?$AA?$AA@ 000000018000f588     libucrt:nlsdata.obj
 0002:00001590       ??_C@_17KBOMKBF@?$AAM?$AAo?$AAn?$AA?$AA@ 000000018000f590     libucrt:nlsdata.obj
 0002:00001598       ??_C@_17BMKGEGOJ@?$AAT?$AAu?$AAe?$AA?$AA@ 000000018000f598     libucrt:nlsdata.obj
 0002:000015a0       ??_C@_17CJEDCEPE@?$AAW?$AAe?$AAd?$AA?$AA@ 000000018000f5a0     libucrt:nlsdata.obj
 0002:000015a8       ??_C@_17PDPHAADD@?$AAT?$AAh?$AAu?$AA?$AA@ 000000018000f5a8     libucrt:nlsdata.obj
 0002:000015b0       ??_C@_17HFOLPPLP@?$AAF?$AAr?$AAi?$AA?$AA@ 000000018000f5b0     libucrt:nlsdata.obj
 0002:000015b8       ??_C@_17GGIBDPIH@?$AAS?$AAa?$AAt?$AA?$AA@ 000000018000f5b8     libucrt:nlsdata.obj
 0002:000015c0       ??_C@_1O@IHNHDHPB@?$AAS?$AAu?$AAn?$AAd?$AAa?$AAy?$AA?$AA@ 000000018000f5c0     libucrt:nlsdata.obj
 0002:000015d0       ??_C@_1O@MMNBFLIA@?$AAM?$AAo?$AAn?$AAd?$AAa?$AAy?$AA?$AA@ 000000018000f5d0     libucrt:nlsdata.obj
 0002:000015e0       ??_C@_1BA@ENFBFFEK@?$AAT?$AAu?$AAe?$AAs?$AAd?$AAa?$AAy?$AA?$AA@ 000000018000f5e0     libucrt:nlsdata.obj
 0002:000015f0       ??_C@_1BE@EBOGMDOH@?$AAW?$AAe?$AAd?$AAn?$AAe?$AAs?$AAd?$AAa?$AAy?$AA?$AA@ 000000018000f5f0     libucrt:nlsdata.obj
 0002:00001608       ??_C@_1BC@HHMNLIHE@?$AAT?$AAh?$AAu?$AAr?$AAs?$AAd?$AAa?$AAy?$AA?$AA@ 000000018000f608     libucrt:nlsdata.obj
 0002:00001620       ??_C@_1O@PDICJHAG@?$AAF?$AAr?$AAi?$AAd?$AAa?$AAy?$AA?$AA@ 000000018000f620     libucrt:nlsdata.obj
 0002:00001630       ??_C@_1BC@ENMNNPAJ@?$AAS?$AAa?$AAt?$AAu?$AAr?$AAd?$AAa?$AAy?$AA?$AA@ 000000018000f630     libucrt:nlsdata.obj
 0002:00001648       ??_C@_17DKNBKCHM@?$AAJ?$AAa?$AAn?$AA?$AA@ 000000018000f648     libucrt:nlsdata.obj
 0002:00001650       ??_C@_17LMDJEKJN@?$AAF?$AAe?$AAb?$AA?$AA@ 000000018000f650     libucrt:nlsdata.obj
 0002:00001658       ??_C@_17CKNLEDEC@?$AAM?$AAa?$AAr?$AA?$AA@ 000000018000f658     libucrt:nlsdata.obj
 0002:00001660       ??_C@_17LFPOIHDD@?$AAA?$AAp?$AAr?$AA?$AA@ 000000018000f660     libucrt:nlsdata.obj
 0002:00001668       ??_C@_17PNNKMEED@?$AAM?$AAa?$AAy?$AA?$AA@ 000000018000f668     libucrt:nlsdata.obj
 0002:00001670       ??_C@_17KCJGOCPB@?$AAJ?$AAu?$AAn?$AA?$AA@ 000000018000f670     libucrt:nlsdata.obj
 0002:00001678       ??_C@_17IJPCKHK@?$AAJ?$AAu?$AAl?$AA?$AA@ 000000018000f678     libucrt:nlsdata.obj
 0002:00001680       ??_C@_17ICPELBCN@?$AAA?$AAu?$AAg?$AA?$AA@ 000000018000f680     libucrt:nlsdata.obj
 0002:00001688       ??_C@_17HCHCOKMG@?$AAS?$AAe?$AAp?$AA?$AA@ 000000018000f688     libucrt:nlsdata.obj
 0002:00001690       ??_C@_17FNLKOI@?$AAO?$AAc?$AAt?$AA?$AA@ 000000018000f690     libucrt:nlsdata.obj
 0002:00001698       ??_C@_17BBDMLCIG@?$AAN?$AAo?$AAv?$AA?$AA@ 000000018000f698     libucrt:nlsdata.obj
 0002:000016a0       ??_C@_17EGKACKIF@?$AAD?$AAe?$AAc?$AA?$AA@ 000000018000f6a0     libucrt:nlsdata.obj
 0002:000016a8       ??_C@_1BA@EFMEIEBA@?$AAJ?$AAa?$AAn?$AAu?$AAa?$AAr?$AAy?$AA?$AA@ 000000018000f6a8     libucrt:nlsdata.obj
 0002:000016b8       ??_C@_1BC@JGDDFFAM@?$AAF?$AAe?$AAb?$AAr?$AAu?$AAa?$AAr?$AAy?$AA?$AA@ 000000018000f6b8     libucrt:nlsdata.obj
 0002:000016d0       ??_C@_1M@IKEENEDF@?$AAM?$AAa?$AAr?$AAc?$AAh?$AA?$AA@ 000000018000f6d0     libucrt:nlsdata.obj
 0002:000016e0       ??_C@_1M@GJNLMHFD@?$AAA?$AAp?$AAr?$AAi?$AAl?$AA?$AA@ 000000018000f6e0     libucrt:nlsdata.obj
 0002:000016f0       ??_C@_19EPFLPGAP@?$AAJ?$AAu?$AAn?$AAe?$AA?$AA@ 000000018000f6f0     libucrt:nlsdata.obj
 0002:00001700       ??_C@_19BIFMLPCD@?$AAJ?$AAu?$AAl?$AAy?$AA?$AA@ 000000018000f700     libucrt:nlsdata.obj
 0002:00001710       ??_C@_1O@PAHLKOAC@?$AAA?$AAu?$AAg?$AAu?$AAs?$AAt?$AA?$AA@ 000000018000f710     libucrt:nlsdata.obj
 0002:00001720       ??_C@_1BE@DKAAMBJL@?$AAS?$AAe?$AAp?$AAt?$AAe?$AAm?$AAb?$AAe?$AAr?$AA?$AA@ 000000018000f720     libucrt:nlsdata.obj
 0002:00001738       ??_C@_1BA@EPANDLNG@?$AAO?$AAc?$AAt?$AAo?$AAb?$AAe?$AAr?$AA?$AA@ 000000018000f738     libucrt:nlsdata.obj
 0002:00001748       ??_C@_1BC@BGLIFPF@?$AAN?$AAo?$AAv?$AAe?$AAm?$AAb?$AAe?$AAr?$AA?$AA@ 000000018000f748     libucrt:nlsdata.obj
 0002:00001760       ??_C@_1BC@FEMKIFH@?$AAD?$AAe?$AAc?$AAe?$AAm?$AAb?$AAe?$AAr?$AA?$AA@ 000000018000f760     libucrt:nlsdata.obj
 0002:00001774       ??_C@_15ODEHAHHF@?$AAA?$AAM?$AA?$AA@ 000000018000f774     libucrt:nlsdata.obj
 0002:0000177c       ??_C@_15CLMNNGEL@?$AAP?$AAM?$AA?$AA@ 000000018000f77c     libucrt:nlsdata.obj
 0002:00001788       ??_C@_1BC@IEBCMHCM@?$AAM?$AAM?$AA?1?$AAd?$AAd?$AA?1?$AAy?$AAy?$AA?$AA@ 000000018000f788     libucrt:nlsdata.obj
 0002:000017a0       ??_C@_1CI@KNAKOEBC@?$AAd?$AAd?$AAd?$AAd?$AA?0?$AA?5?$AAM?$AAM?$AAM?$AAM?$AA?5?$AAd?$AAd?$AA?0?$AA?5?$AAy?$AAy?$AAy?$AAy?$AA?$AA@ 000000018000f7a0     libucrt:nlsdata.obj
 0002:000017c8       ??_C@_1BC@GDGBMEMK@?$AAH?$AAH?$AA?3?$AAm?$AAm?$AA?3?$AAs?$AAs?$AA?$AA@ 000000018000f7c8     libucrt:nlsdata.obj
 0002:000017e0       ??_C@_1M@BMHNFIME@?$AAe?$AAn?$AA?9?$AAU?$AAS?$AA?$AA@ 000000018000f7e0     libucrt:nlsdata.obj
 0002:00001810       ??_C@_1M@HPNHIDJI@?$AAj?$AAa?$AA?9?$AAJ?$AAP?$AA?$AA@ 000000018000f810     libucrt:mbctype.obj
 0002:00001820       ??_C@_1M@BIBDDEMK@?$AAz?$AAh?$AA?9?$AAC?$AAN?$AA?$AA@ 000000018000f820     libucrt:mbctype.obj
 0002:00001830       ??_C@_1M@JLOOOEGK@?$AAk?$AAo?$AA?9?$AAK?$AAR?$AA?$AA@ 000000018000f830     libucrt:mbctype.obj
 0002:00001840       ??_C@_1M@CLNBBOPM@?$AAz?$AAh?$AA?9?$AAT?$AAW?$AA?$AA@ 000000018000f840     libucrt:mbctype.obj
 0002:000018f0       ??_C@_1EA@JGEFHKEI@?$AAa?$AAp?$AAi?$AA?9?$AAm?$AAs?$AA?9?$AAw?$AAi?$AAn?$AA?9?$AAc?$AAo?$AAr?$AAe?$AA?9?$AAd?$AAa?$AAt?$AAe?$AAt?$AAi?$AAm?$AAe?$AA?9?$AAl?$AA1?$AA?9?$AA1?$AA?9?$AA1?$AA?$AA@ 000000018000f8f0     libucrt:winapi_thunks.obj
 0002:00001930       ??_C@_1DI@IJCEHOCB@?$AAa?$AAp?$AAi?$AA?9?$AAm?$AAs?$AA?9?$AAw?$AAi?$AAn?$AA?9?$AAc?$AAo?$AAr?$AAe?$AA?9?$AAf?$AAi?$AAl?$AAe?$AA?9?$AAl?$AA1?$AA?9?$AA2?$AA?9?$AA2?$AA?$AA@ 000000018000f930     libucrt:winapi_thunks.obj
 0002:00001970       ??_C@_1EI@MPIAOHOC@?$AAa?$AAp?$AAi?$AA?9?$AAm?$AAs?$AA?9?$AAw?$AAi?$AAn?$AA?9?$AAc?$AAo?$AAr?$AAe?$AA?9?$AAl?$AAo?$AAc?$AAa?$AAl?$AAi?$AAz?$AAa?$AAt?$AAi?$AAo?$AAn?$AA?9?$AAl?$AA1?$AA?9@ 000000018000f970     libucrt:winapi_thunks.obj
 0002:000019c0       ??_C@_1FK@FPHCKFIE@?$AAa?$AAp?$AAi?$AA?9?$AAm?$AAs?$AA?9?$AAw?$AAi?$AAn?$AA?9?$AAc?$AAo?$AAr?$AAe?$AA?9?$AAl?$AAo?$AAc?$AAa?$AAl?$AAi?$AAz?$AAa?$AAt?$AAi?$AAo?$AAn?$AA?9?$AAo?$AAb?$AAs@ 000000018000f9c0     libucrt:winapi_thunks.obj
 0002:00001a20       ??_C@_1EM@DILCGIIO@?$AAa?$AAp?$AAi?$AA?9?$AAm?$AAs?$AA?9?$AAw?$AAi?$AAn?$AA?9?$AAc?$AAo?$AAr?$AAe?$AA?9?$AAp?$AAr?$AAo?$AAc?$AAe?$AAs?$AAs?$AAt?$AAh?$AAr?$AAe?$AAa?$AAd?$AAs?$AA?9?$AAl@ 000000018000fa20     libucrt:winapi_thunks.obj
 0002:00001a70       ??_C@_1DM@LNCGDDPN@?$AAa?$AAp?$AAi?$AA?9?$AAm?$AAs?$AA?9?$AAw?$AAi?$AAn?$AA?9?$AAc?$AAo?$AAr?$AAe?$AA?9?$AAs?$AAt?$AAr?$AAi?$AAn?$AAg?$AA?9?$AAl?$AA1?$AA?9?$AA1?$AA?9?$AA0?$AA?$AA@ 000000018000fa70     libucrt:winapi_thunks.obj
 0002:00001ab0       ??_C@_1DO@FPAPJEMD@?$AAa?$AAp?$AAi?$AA?9?$AAm?$AAs?$AA?9?$AAw?$AAi?$AAn?$AA?9?$AAc?$AAo?$AAr?$AAe?$AA?9?$AAs?$AAy?$AAs?$AAi?$AAn?$AAf?$AAo?$AA?9?$AAl?$AA1?$AA?9?$AA2?$AA?9?$AA1?$AA?$AA@ 000000018000fab0     libucrt:winapi_thunks.obj
 0002:00001af0       ??_C@_1DK@NDHNAHIO@?$AAa?$AAp?$AAi?$AA?9?$AAm?$AAs?$AA?9?$AAw?$AAi?$AAn?$AA?9?$AAc?$AAo?$AAr?$AAe?$AA?9?$AAw?$AAi?$AAn?$AAr?$AAt?$AA?9?$AAl?$AA1?$AA?9?$AA1?$AA?9?$AA0?$AA?$AA@ 000000018000faf0     libucrt:winapi_thunks.obj
 0002:00001b30       ??_C@_1DM@KGHDGBCM@?$AAa?$AAp?$AAi?$AA?9?$AAm?$AAs?$AA?9?$AAw?$AAi?$AAn?$AA?9?$AAc?$AAo?$AAr?$AAe?$AA?9?$AAx?$AAs?$AAt?$AAa?$AAt?$AAe?$AA?9?$AAl?$AA2?$AA?9?$AA1?$AA?9?$AA0?$AA?$AA@ 000000018000fb30     libucrt:winapi_thunks.obj
 0002:00001b70       ??_C@_1EO@IJIOEFOH@?$AAa?$AAp?$AAi?$AA?9?$AAm?$AAs?$AA?9?$AAw?$AAi?$AAn?$AA?9?$AAr?$AAt?$AAc?$AAo?$AAr?$AAe?$AA?9?$AAn?$AAt?$AAu?$AAs?$AAe?$AAr?$AA?9?$AAw?$AAi?$AAn?$AAd?$AAo?$AAw?$AA?9@ 000000018000fb70     libucrt:winapi_thunks.obj
 0002:00001bc0       ??_C@_1FG@HHGEKANL@?$AAa?$AAp?$AAi?$AA?9?$AAm?$AAs?$AA?9?$AAw?$AAi?$AAn?$AA?9?$AAs?$AAe?$AAc?$AAu?$AAr?$AAi?$AAt?$AAy?$AA?9?$AAs?$AAy?$AAs?$AAt?$AAe?$AAm?$AAf?$AAu?$AAn?$AAc?$AAt?$AAi@ 000000018000fbc0     libucrt:winapi_thunks.obj
 0002:00001c20       ??_C@_1EG@DBIOJECG@?$AAe?$AAx?$AAt?$AA?9?$AAm?$AAs?$AA?9?$AAw?$AAi?$AAn?$AA?9?$AAn?$AAt?$AAu?$AAs?$AAe?$AAr?$AA?9?$AAd?$AAi?$AAa?$AAl?$AAo?$AAg?$AAb?$AAo?$AAx?$AA?9?$AAl?$AA1?$AA?9?$AA1@ 000000018000fc20     libucrt:winapi_thunks.obj
 0002:00001c70       ??_C@_1EO@FIHMJCLF@?$AAe?$AAx?$AAt?$AA?9?$AAm?$AAs?$AA?9?$AAw?$AAi?$AAn?$AA?9?$AAn?$AAt?$AAu?$AAs?$AAe?$AAr?$AA?9?$AAw?$AAi?$AAn?$AAd?$AAo?$AAw?$AAs?$AAt?$AAa?$AAt?$AAi?$AAo?$AAn?$AA?9@ 000000018000fc70     libucrt:winapi_thunks.obj
 0002:00001cc0       ??_C@_1BC@DNHGCMLG@?$AAa?$AAd?$AAv?$AAa?$AAp?$AAi?$AA3?$AA2?$AA?$AA@ 000000018000fcc0     libucrt:winapi_thunks.obj
 0002:00001cd8       ??_C@_1M@OAIMIKLP@?$AAn?$AAt?$AAd?$AAl?$AAl?$AA?$AA@ 000000018000fcd8     libucrt:winapi_thunks.obj
 0002:00001cf0       ??_C@_1EG@DPGNFKGC@?$AAa?$AAp?$AAi?$AA?9?$AAm?$AAs?$AA?9?$AAw?$AAi?$AAn?$AA?9?$AAa?$AAp?$AAp?$AAm?$AAo?$AAd?$AAe?$AAl?$AA?9?$AAr?$AAu?$AAn?$AAt?$AAi?$AAm?$AAe?$AA?9?$AAl?$AA1?$AA?9?$AA1@ 000000018000fcf0     libucrt:winapi_thunks.obj
 0002:00001d38       ??_C@_1O@BCCLBEOE@?$AAu?$AAs?$AAe?$AAr?$AA3?$AA2?$AA?$AA@ 000000018000fd38     libucrt:winapi_thunks.obj
 0002:00001d78       ??_C@_0O@KKBNKAPF@LCMapStringEx?$AA@ 000000018000fd78     libucrt:winapi_thunks.obj
 0002:00001d90       ??_C@_0BB@HBDEELFH@LocaleNameToLCID?$AA@ 000000018000fd90     libucrt:winapi_thunks.obj
 0002:00001da8       ??_C@_0CF@OJOFEIGO@AppPolicyGetProcessTerminationMe@ 000000018000fda8     libucrt:winapi_thunks.obj
 0002:00001dd0       __newctype                 000000018000fdd0     libucrt:ctype.obj
 0002:000020d0       __newclmap                 00000001800100d0     libucrt:ctype.obj
 0002:00002250       __newcumap                 0000000180010250     libucrt:ctype.obj
 0002:000023d0       ??_C@_15PJPFLCCM@?$AAu?$AAk?$AA?$AA@ 00000001800103d0     libucrt:get_qualified_locale.obj
 0002:000023d8       ??_C@_1M@BJNKEDC@?$AAc?$AAa?$AA?9?$AAE?$AAS?$AA?$AA@ 00000001800103d8     libucrt:lcidtoname_downlevel.obj
 0002:000023e8       ??_C@_1M@IJJHFJHA@?$AAc?$AAs?$AA?9?$AAC?$AAZ?$AA?$AA@ 00000001800103e8     libucrt:lcidtoname_downlevel.obj
 0002:000023f8       ??_C@_1M@CLPEOBGI@?$AAd?$AAa?$AA?9?$AAD?$AAK?$AA?$AA@ 00000001800103f8     libucrt:lcidtoname_downlevel.obj
 0002:00002408       ??_C@_1M@MCMADGCB@?$AAd?$AAe?$AA?9?$AAD?$AAE?$AA?$AA@ 0000000180010408     libucrt:lcidtoname_downlevel.obj
 0002:00002418       ??_C@_1M@OOCKEMAM@?$AAe?$AAl?$AA?9?$AAG?$AAR?$AA?$AA@ 0000000180010418     libucrt:lcidtoname_downlevel.obj
 0002:00002428       ??_C@_1M@DDNJFGID@?$AAf?$AAi?$AA?9?$AAF?$AAI?$AA?$AA@ 0000000180010428     libucrt:lcidtoname_downlevel.obj
 0002:00002438       ??_C@_1M@GLIPPMAC@?$AAf?$AAr?$AA?9?$AAF?$AAR?$AA?$AA@ 0000000180010438     libucrt:lcidtoname_downlevel.obj
 0002:00002448       ??_C@_1M@GFMCHPE@?$AAh?$AAe?$AA?9?$AAI?$AAL?$AA?$AA@ 0000000180010448     libucrt:lcidtoname_downlevel.obj
 0002:00002458       ??_C@_1M@MHLPGNKM@?$AAh?$AAu?$AA?9?$AAH?$AAU?$AA?$AA@ 0000000180010458     libucrt:lcidtoname_downlevel.obj
 0002:00002468       ??_C@_1M@LPDDNNPN@?$AAi?$AAs?$AA?9?$AAI?$AAS?$AA?$AA@ 0000000180010468     libucrt:lcidtoname_downlevel.obj
 0002:00002478       ??_C@_1M@MADIPODN@?$AAi?$AAt?$AA?9?$AAI?$AAT?$AA?$AA@ 0000000180010478     libucrt:lcidtoname_downlevel.obj
 0002:00002488       ??_C@_1M@IHBJJGG@?$AAn?$AAl?$AA?9?$AAN?$AAL?$AA?$AA@ 0000000180010488     libucrt:lcidtoname_downlevel.obj
 0002:00002498       ??_C@_1M@EANAGDL@?$AAn?$AAb?$AA?9?$AAN?$AAO?$AA?$AA@ 0000000180010498     libucrt:lcidtoname_downlevel.obj
 0002:000024a8       ??_C@_1M@NEIEMEGP@?$AAp?$AAl?$AA?9?$AAP?$AAL?$AA?$AA@ 00000001800104a8     libucrt:lcidtoname_downlevel.obj
 0002:000024b8       ??_C@_1M@BOCFIGEP@?$AAp?$AAt?$AA?9?$AAB?$AAR?$AA?$AA@ 00000001800104b8     libucrt:lcidtoname_downlevel.obj
 0002:000024c8       ??_C@_1M@IMPFOPBG@?$AAr?$AAo?$AA?9?$AAR?$AAO?$AA?$AA@ 00000001800104c8     libucrt:lcidtoname_downlevel.obj
 0002:000024d8       ??_C@_1M@IDNNEJMM@?$AAr?$AAu?$AA?9?$AAR?$AAU?$AA?$AA@ 00000001800104d8     libucrt:lcidtoname_downlevel.obj
 0002:000024e8       ??_C@_1M@LILEEOGM@?$AAh?$AAr?$AA?9?$AAH?$AAR?$AA?$AA@ 00000001800104e8     libucrt:lcidtoname_downlevel.obj
 0002:000024f8       ??_C@_1M@FKIFEHPB@?$AAs?$AAk?$AA?9?$AAS?$AAK?$AA?$AA@ 00000001800104f8     libucrt:lcidtoname_downlevel.obj
 0002:00002508       ??_C@_1M@LJMAMNPJ@?$AAs?$AAq?$AA?9?$AAA?$AAL?$AA?$AA@ 0000000180010508     libucrt:lcidtoname_downlevel.obj
 0002:00002518       ??_C@_1M@GIAKDKJK@?$AAs?$AAv?$AA?9?$AAS?$AAE?$AA?$AA@ 0000000180010518     libucrt:lcidtoname_downlevel.obj
 0002:00002528       ??_C@_1M@MKJKIKCL@?$AAt?$AAh?$AA?9?$AAT?$AAH?$AA?$AA@ 0000000180010528     libucrt:lcidtoname_downlevel.obj
 0002:00002538       ??_C@_1M@MFLCCMPB@?$AAt?$AAr?$AA?9?$AAT?$AAR?$AA?$AA@ 0000000180010538     libucrt:lcidtoname_downlevel.obj
 0002:00002548       ??_C@_1M@OIJHDKJN@?$AAu?$AAr?$AA?9?$AAP?$AAK?$AA?$AA@ 0000000180010548     libucrt:lcidtoname_downlevel.obj
 0002:00002558       ??_C@_1M@LHIPCIEK@?$AAi?$AAd?$AA?9?$AAI?$AAD?$AA?$AA@ 0000000180010558     libucrt:lcidtoname_downlevel.obj
 0002:00002568       ??_C@_1M@MFMOBGI@?$AAu?$AAk?$AA?9?$AAU?$AAA?$AA?$AA@ 0000000180010568     libucrt:lcidtoname_downlevel.obj
 0002:00002578       ??_C@_1M@OBGLJIPL@?$AAb?$AAe?$AA?9?$AAB?$AAY?$AA?$AA@ 0000000180010578     libucrt:lcidtoname_downlevel.obj
 0002:00002588       ??_C@_1M@BCFAJEAD@?$AAs?$AAl?$AA?9?$AAS?$AAI?$AA?$AA@ 0000000180010588     libucrt:lcidtoname_downlevel.obj
 0002:00002598       ??_C@_1M@FKFFEDDN@?$AAe?$AAt?$AA?9?$AAE?$AAE?$AA?$AA@ 0000000180010598     libucrt:lcidtoname_downlevel.obj
 0002:000025a8       ??_C@_1M@KGKKAACI@?$AAl?$AAv?$AA?9?$AAL?$AAV?$AA?$AA@ 00000001800105a8     libucrt:lcidtoname_downlevel.obj
 0002:000025b8       ??_C@_1M@IFGBIJO@?$AAl?$AAt?$AA?9?$AAL?$AAT?$AA?$AA@ 00000001800105b8     libucrt:lcidtoname_downlevel.obj
 0002:000025c8       ??_C@_1M@FGEAHEDM@?$AAf?$AAa?$AA?9?$AAI?$AAR?$AA?$AA@ 00000001800105c8     libucrt:lcidtoname_downlevel.obj
 0002:000025d8       ??_C@_1M@KBMAIBFN@?$AAv?$AAi?$AA?9?$AAV?$AAN?$AA?$AA@ 00000001800105d8     libucrt:lcidtoname_downlevel.obj
 0002:000025e8       ??_C@_1M@GPCBKDJK@?$AAh?$AAy?$AA?9?$AAA?$AAM?$AA?$AA@ 00000001800105e8     libucrt:lcidtoname_downlevel.obj
 0002:000025f8       ??_C@_1BG@BECMDDJB@?$AAa?$AAz?$AA?9?$AAA?$AAZ?$AA?9?$AAL?$AAa?$AAt?$AAn?$AA?$AA@ 00000001800105f8     libucrt:lcidtoname_downlevel.obj
 0002:00002610       ??_C@_1M@MAOFCAEA@?$AAe?$AAu?$AA?9?$AAE?$AAS?$AA?$AA@ 0000000180010610     libucrt:lcidtoname_downlevel.obj
 0002:00002620       ??_C@_1M@IGHABKPI@?$AAm?$AAk?$AA?9?$AAM?$AAK?$AA?$AA@ 0000000180010620     libucrt:lcidtoname_downlevel.obj
 0002:00002630       ??_C@_1M@IAIGNEJG@?$AAt?$AAn?$AA?9?$AAZ?$AAA?$AA?$AA@ 0000000180010630     libucrt:lcidtoname_downlevel.obj
 0002:00002640       ??_C@_1M@IIJCOJFA@?$AAx?$AAh?$AA?9?$AAZ?$AAA?$AA?$AA@ 0000000180010640     libucrt:lcidtoname_downlevel.obj
 0002:00002650       ??_C@_1M@LGPJHNJH@?$AAz?$AAu?$AA?9?$AAZ?$AAA?$AA?$AA@ 0000000180010650     libucrt:lcidtoname_downlevel.obj
 0002:00002660       ??_C@_1M@HOKAOIO@?$AAa?$AAf?$AA?9?$AAZ?$AAA?$AA?$AA@ 0000000180010660     libucrt:lcidtoname_downlevel.obj
 0002:00002670       ??_C@_1M@DPCLHLIE@?$AAk?$AAa?$AA?9?$AAG?$AAE?$AA?$AA@ 0000000180010670     libucrt:lcidtoname_downlevel.obj
 0002:00002680       ??_C@_1M@BLKMHJBI@?$AAf?$AAo?$AA?9?$AAF?$AAO?$AA?$AA@ 0000000180010680     libucrt:lcidtoname_downlevel.obj
 0002:00002690       ??_C@_1M@LGGJAPPB@?$AAh?$AAi?$AA?9?$AAI?$AAN?$AA?$AA@ 0000000180010690     libucrt:lcidtoname_downlevel.obj
 0002:000026a0       ??_C@_1M@FIKPIHFE@?$AAm?$AAt?$AA?9?$AAM?$AAT?$AA?$AA@ 00000001800106a0     libucrt:lcidtoname_downlevel.obj
 0002:000026b0       ??_C@_1M@HEGGPBFA@?$AAs?$AAe?$AA?9?$AAN?$AAO?$AA?$AA@ 00000001800106b0     libucrt:lcidtoname_downlevel.obj
 0002:000026c0       ??_C@_1M@EIBJEEPA@?$AAm?$AAs?$AA?9?$AAM?$AAY?$AA?$AA@ 00000001800106c0     libucrt:lcidtoname_downlevel.obj
 0002:000026d0       ??_C@_1M@FHLBGMPP@?$AAk?$AAk?$AA?9?$AAK?$AAZ?$AA?$AA@ 00000001800106d0     libucrt:lcidtoname_downlevel.obj
 0002:000026e0       ??_C@_1M@NGJJLCGI@?$AAk?$AAy?$AA?9?$AAK?$AAG?$AA?$AA@ 00000001800106e0     libucrt:lcidtoname_downlevel.obj
 0002:000026f0       ??_C@_1M@GIENNBFC@?$AAs?$AAw?$AA?9?$AAK?$AAE?$AA?$AA@ 00000001800106f0     libucrt:lcidtoname_downlevel.obj
 0002:00002700       ??_C@_1BG@NDGMJIMJ@?$AAu?$AAz?$AA?9?$AAU?$AAZ?$AA?9?$AAL?$AAa?$AAt?$AAn?$AA?$AA@ 0000000180010700     libucrt:lcidtoname_downlevel.obj
 0002:00002718       ??_C@_1M@IDCCIHBC@?$AAt?$AAt?$AA?9?$AAR?$AAU?$AA?$AA@ 0000000180010718     libucrt:lcidtoname_downlevel.obj
 0002:00002728       ??_C@_1M@LOICPMOJ@?$AAb?$AAn?$AA?9?$AAI?$AAN?$AA?$AA@ 0000000180010728     libucrt:lcidtoname_downlevel.obj
 0002:00002738       ??_C@_1M@KPKKNEAH@?$AAp?$AAa?$AA?9?$AAI?$AAN?$AA?$AA@ 0000000180010738     libucrt:lcidtoname_downlevel.obj
 0002:00002748       ??_C@_1M@PJGPPBOG@?$AAg?$AAu?$AA?9?$AAI?$AAN?$AA?$AA@ 0000000180010748     libucrt:lcidtoname_downlevel.obj
 0002:00002758       ??_C@_1M@KMKMOPHI@?$AAt?$AAa?$AA?9?$AAI?$AAN?$AA?$AA@ 0000000180010758     libucrt:lcidtoname_downlevel.obj
 0002:00002768       ??_C@_1M@KFEHEPAC@?$AAt?$AAe?$AA?9?$AAI?$AAN?$AA?$AA@ 0000000180010768     libucrt:lcidtoname_downlevel.obj
 0002:00002778       ??_C@_1M@CDCLMGHI@?$AAk?$AAn?$AA?9?$AAI?$AAN?$AA?$AA@ 0000000180010778     libucrt:lcidtoname_downlevel.obj
 0002:00002788       ??_C@_1M@MIODLDKF@?$AAm?$AAl?$AA?9?$AAI?$AAN?$AA?$AA@ 0000000180010788     libucrt:lcidtoname_downlevel.obj
 0002:00002798       ??_C@_1M@PBIEACPO@?$AAm?$AAr?$AA?9?$AAI?$AAN?$AA?$AA@ 0000000180010798     libucrt:lcidtoname_downlevel.obj
 0002:000027a8       ??_C@_1M@NIDEAGPH@?$AAs?$AAa?$AA?9?$AAI?$AAN?$AA?$AA@ 00000001800107a8     libucrt:lcidtoname_downlevel.obj
 0002:000027b8       ??_C@_1M@FHIHCBIO@?$AAm?$AAn?$AA?9?$AAM?$AAN?$AA?$AA@ 00000001800107b8     libucrt:lcidtoname_downlevel.obj
 0002:000027c8       ??_C@_1M@JAIJPENP@?$AAc?$AAy?$AA?9?$AAG?$AAB?$AA?$AA@ 00000001800107c8     libucrt:lcidtoname_downlevel.obj
 0002:000027d8       ??_C@_1M@PHGFBEPN@?$AAg?$AAl?$AA?9?$AAE?$AAS?$AA?$AA@ 00000001800107d8     libucrt:lcidtoname_downlevel.obj
 0002:000027e8       ??_C@_1O@KPIPDNCP@?$AAk?$AAo?$AAk?$AA?9?$AAI?$AAN?$AA?$AA@ 00000001800107e8     libucrt:lcidtoname_downlevel.obj
 0002:000027f8       ??_C@_1O@KNHJLDJA@?$AAs?$AAy?$AAr?$AA?9?$AAS?$AAY?$AA?$AA@ 00000001800107f8     libucrt:lcidtoname_downlevel.obj
 0002:00002808       ??_C@_1O@MKEKBLAH@?$AAd?$AAi?$AAv?$AA?9?$AAM?$AAV?$AA?$AA@ 0000000180010808     libucrt:lcidtoname_downlevel.obj
 0002:00002818       ??_C@_1O@OHDCKDDF@?$AAq?$AAu?$AAz?$AA?9?$AAB?$AAO?$AA?$AA@ 0000000180010818     libucrt:lcidtoname_downlevel.obj
 0002:00002828       ??_C@_1M@LEPJNLFD@?$AAn?$AAs?$AA?9?$AAZ?$AAA?$AA?$AA@ 0000000180010828     libucrt:lcidtoname_downlevel.obj
 0002:00002838       ??_C@_1M@OMLEIIJB@?$AAm?$AAi?$AA?9?$AAN?$AAZ?$AA?$AA@ 0000000180010838     libucrt:lcidtoname_downlevel.obj
 0002:00002848       ??_C@_1M@PMPEAILG@?$AAa?$AAr?$AA?9?$AAI?$AAQ?$AA?$AA@ 0000000180010848     libucrt:lcidtoname_downlevel.obj
 0002:00002858       ??_C@_1M@CNKPNOEE@?$AAd?$AAe?$AA?9?$AAC?$AAH?$AA?$AA@ 0000000180010858     libucrt:lcidtoname_downlevel.obj
 0002:00002868       ??_C@_1M@LKMGMLKO@?$AAe?$AAn?$AA?9?$AAG?$AAB?$AA?$AA@ 0000000180010868     libucrt:lcidtoname_downlevel.obj
 0002:00002878       ??_C@_1M@PGKJFFGL@?$AAe?$AAs?$AA?9?$AAM?$AAX?$AA?$AA@ 0000000180010878     libucrt:lcidtoname_downlevel.obj
 0002:00002888       ??_C@_1M@DNNANBDC@?$AAf?$AAr?$AA?9?$AAB?$AAE?$AA?$AA@ 0000000180010888     libucrt:lcidtoname_downlevel.obj
 0002:00002898       ??_C@_1M@HLGMDFHM@?$AAi?$AAt?$AA?9?$AAC?$AAH?$AA?$AA@ 0000000180010898     libucrt:lcidtoname_downlevel.obj
 0002:000028a8       ??_C@_1M@CLLBGJH@?$AAn?$AAl?$AA?9?$AAB?$AAE?$AA?$AA@ 00000001800108a8     libucrt:lcidtoname_downlevel.obj
 0002:000028b8       ??_C@_1M@BODBOGLF@?$AAn?$AAn?$AA?9?$AAN?$AAO?$AA?$AA@ 00000001800108b8     libucrt:lcidtoname_downlevel.obj
 0002:000028c8       ??_C@_1M@HFFAHKAD@?$AAp?$AAt?$AA?9?$AAP?$AAT?$AA?$AA@ 00000001800108c8     libucrt:lcidtoname_downlevel.obj
 0002:000028d8       ??_C@_1BG@LNOAKHIE@?$AAs?$AAr?$AA?9?$AAS?$AAP?$AA?9?$AAL?$AAa?$AAt?$AAn?$AA?$AA@ 00000001800108d8     libucrt:lcidtoname_downlevel.obj
 0002:000028f0       ??_C@_1M@HBMHBGAK@?$AAs?$AAv?$AA?9?$AAF?$AAI?$AA?$AA@ 00000001800108f0     libucrt:lcidtoname_downlevel.obj
 0002:00002900       ??_C@_1BG@DGCJGJBE@?$AAa?$AAz?$AA?9?$AAA?$AAZ?$AA?9?$AAC?$AAy?$AAr?$AAl?$AA?$AA@ 0000000180010900     libucrt:lcidtoname_downlevel.obj
 0002:00002918       ??_C@_1M@KEJDAAHB@?$AAs?$AAe?$AA?9?$AAS?$AAE?$AA?$AA@ 0000000180010918     libucrt:lcidtoname_downlevel.obj
 0002:00002928       ??_C@_1M@HEIBJJAD@?$AAm?$AAs?$AA?9?$AAB?$AAN?$AA?$AA@ 0000000180010928     libucrt:lcidtoname_downlevel.obj
 0002:00002938       ??_C@_1BG@PBGJMCEM@?$AAu?$AAz?$AA?9?$AAU?$AAZ?$AA?9?$AAC?$AAy?$AAr?$AAl?$AA?$AA@ 0000000180010938     libucrt:lcidtoname_downlevel.obj
[...]
 0004:0000072c       $pdata$?x_ismbbtype_l@@YAHPEAU__crt_locale_pointers@@IHH@Z 000000018001a72c     libucrt:ismbbyte.obj
 0004:00000738       $pdata$__acrt_initialize_command_line 000000018001a738     libucrt:argv_data.obj
 0004:00000744       $pdata$__dcrt_get_narrow_environment_from_os 000000018001a744     libucrt:get_environment_from_os.obj
 0004:00000750       $pdata$_recalloc_base      000000018001a750     libucrt:recalloc.obj
 0004:0000075c       $pdata$?try_get_function@@YAPEAXW4function_id@?A0x391cf84c@@QEBDQEBW4module_id@2@2@Z 000000018001a75c     libucrt:winapi_thunks.obj
 0004:00000768       $pdata$__acrt_AppPolicyGetProcessTerminationMethodInternal 000000018001a768     libucrt:winapi_thunks.obj
 0004:00000774       $pdata$__acrt_FlsAlloc     000000018001a774     libucrt:winapi_thunks.obj
 0004:00000780       $pdata$__acrt_FlsFree      000000018001a780     libucrt:winapi_thunks.obj
 0004:0000078c       $pdata$__acrt_FlsGetValue  000000018001a78c     libucrt:winapi_thunks.obj
 0004:00000798       $pdata$__acrt_FlsSetValue  000000018001a798     libucrt:winapi_thunks.obj
 0004:000007a4       $pdata$__acrt_InitializeCriticalSectionEx 000000018001a7a4     libucrt:winapi_thunks.obj
 0004:000007b0       $pdata$__acrt_LCMapStringEx 000000018001a7b0     libucrt:winapi_thunks.obj
 0004:000007bc       $pdata$__acrt_LocaleNameToLCID 000000018001a7bc     libucrt:winapi_thunks.obj
 0004:000007c8       $pdata$__acrt_initialize_winapi_thunks 000000018001a7c8     libucrt:winapi_thunks.obj
 0004:000007d4       $pdata$__acrt_uninitialize_winapi_thunks 000000018001a7d4     libucrt:winapi_thunks.obj
 0004:000007e0       $pdata$__acrt_initialize_heap 000000018001a7e0     libucrt:heap_handle.obj
 0004:000007ec       $pdata$?initialize_inherited_file_handles_nolock@@YAXXZ 000000018001a7ec     libucrt:ioinit.obj
 0004:000007f8       $pdata$?initialize_stdio_handles_nolock@@YAXXZ 000000018001a7f8     libucrt:ioinit.obj
 0004:00000804       $pdata$__acrt_initialize_lowio 000000018001a804     libucrt:ioinit.obj
 0004:00000810       $pdata$__acrt_uninitialize_lowio 000000018001a810     libucrt:ioinit.obj
 0004:0000081c       $pdata$__acrt_execute_initializers 000000018001a81c     libucrt:shared_initialization.obj
 0004:00000828       $pdata$__acrt_execute_uninitializers 000000018001a828     libucrt:shared_initialization.obj
 0004:00000834       $pdata$_callnewh           000000018001a834     libucrt:new_handler.obj
 0004:00000840       $pdata$_query_new_handler  000000018001a840     libucrt:new_handler.obj
 0004:0000084c       $pdata$??$?RV<lambda_450d765d439847d4c735a33c368b5fc0>@@AEAV<lambda_44731a7d0e6d81c3e6aa82d741081786>@@V<lambda_601a2a7da3b7a96e9554ac7215c4b07c>@@@?$__crt_seh_guarded_call@P6AXH@Z@@QEAAP6AXH@Z$$QEAV<lambda_450d765d439847d4c735a33c368b5fc0>@@AEAV<lambda_44731a7d0e6d81c3e6aa82d741081786>@@$$QEAV<lambda_601a2a7da3b7a96e9554ac7215c4b07c>@@@Z 000000018001a84c     libucrt:signal.obj
 0004:00000858       $pdata$__acrt_get_sigabrt_handler 000000018001a858     libucrt:signal.obj
 0004:00000864       $pdata$raise               000000018001a864     libucrt:signal.obj
 0004:00000870       $pdata$??$?RV<lambda_842d9ff0dc9ef11c61343bbaebe7f885>@@AEAV<lambda_c5860995281e5c4ce005b3de8f5874ee>@@V<lambda_d90129c13df834fdcbf8d2b88dafcf2d>@@@?$__crt_seh_guarded_call@X@@QEAAX$$QEAV<lambda_842d9ff0dc9ef11c61343bbaebe7f885>@@AEAV<lambda_c5860995281e5c4ce005b3de8f5874ee>@@$$QEAV<lambda_d90129c13df834fdcbf8d2b88dafcf2d>@@@Z 000000018001a870     libucrt:fflush.obj
 0004:0000087c       $pdata$??$?RV<lambda_886d6c58226a84441f68b9f2b8217b83>@@AEAV<lambda_ab61a845afdef5b7c387490eaf3616ee>@@V<lambda_f7f22ab5edc0698d5f6905b0d3f44752>@@@?$__crt_seh_guarded_call@X@@QEAAX$$QEAV<lambda_886d6c58226a84441f68b9f2b8217b83>@@AEAV<lambda_ab61a845afdef5b7c387490eaf3616ee>@@$$QEAV<lambda_f7f22ab5edc0698d5f6905b0d3f44752>@@@Z 000000018001a87c     libucrt:fflush.obj
 0004:00000888       $pdata$?common_flush_all@@YAH_N@Z 000000018001a888     libucrt:fflush.obj
 0004:00000894       $pdata$__acrt_stdio_flush_nolock 000000018001a894     libucrt:fflush.obj
 0004:000008a0       $pdata$_fflush_nolock      000000018001a8a0     libucrt:fflush.obj
 0004:000008ac       $pdata$__acrt_initialize_stdio 000000018001a8ac     libucrt:_file.obj
 0004:000008b8       $pdata$__acrt_uninitialize_stdio 000000018001a8b8     libucrt:_file.obj
 0004:000008c4       $pdata$_mbtowc_l           000000018001a8c4     libucrt:mbtowc.obj
 0004:000008d0       $pdata$_fileno             000000018001a8d0     libucrt:fileno.obj
 0004:000008dc       $pdata$__pctype_func       000000018001a8dc     libucrt:ctype.obj
 0004:000008e8       $pdata$_isctype_l          000000018001a8e8     libucrt:isctype.obj
 0004:000008f4       $pdata$_isleadbyte_l       000000018001a8f4     libucrt:_wctype.obj
 0004:00000900       $pdata$?__acrt_LCMapStringA_stat@@YAHPEAU__crt_locale_pointers@@PEB_WKPEBDHPEADHHH@Z 000000018001a900     libucrt:lcmapstringa.obj
 0004:0000090c       $pdata$__acrt_LCMapStringA 000000018001a90c     libucrt:lcmapstringa.obj
 0004:00000918       $pdata$__acrt_free_locale  000000018001a918     libucrt:locale_refcounting.obj
 0004:00000924       $pdata$__acrt_locale_free_lc_time_if_unreferenced 000000018001a924     libucrt:locale_refcounting.obj
 0004:00000930       $pdata$__acrt_release_locale_ref 000000018001a930     libucrt:locale_refcounting.obj
 0004:0000093c       $pdata$__acrt_update_thread_locale_data 000000018001a93c     libucrt:locale_refcounting.obj
 0004:00000948       $pdata$_updatetlocinfoEx_nolock 000000018001a948     libucrt:locale_refcounting.obj
 0004:00000954       $pdata$__acrt_locale_free_monetary 000000018001a954     libucrt:initmon.obj
 0004:00000960       $pdata$__acrt_locale_free_numeric 000000018001a960     libucrt:initnum.obj
 0004:0000096c       $pdata$?free_crt_array_internal@@YAXQEAPEBX_K@Z 000000018001a96c     libucrt:inittime.obj
 0004:00000978       $pdata$__acrt_locale_free_time 000000018001a978     libucrt:inittime.obj
 0004:00000984       $pdata$__acrt_GetStringTypeA 000000018001a984     libucrt:getstringtypea.obj
 0004:00000990       $pdata$qsort               000000018001a990     libucrt:qsort.obj
 0004:0000099c       $pdata$4$qsort             000000018001a99c     libucrt:qsort.obj
 0004:000009a8       $pdata$5$qsort             000000018001a9a8     libucrt:qsort.obj
 0004:000009b4       $pdata$strncpy_s           000000018001a9b4     libucrt:strncpy_s.obj
 0004:000009c0       $pdata$fallbackMethod      000000018001a9c0     libucrt:strpbrk.obj
 0004:000009cc       $pdata$strpbrk             000000018001a9cc     libucrt:strpbrk.obj
 0004:000009d8       $pdata$_mbsdec_l           000000018001a9d8     libucrt:mbsdec.obj
 0004:000009e4       $pdata$?initialize_multibyte@@YAHXZ 000000018001a9e4     libucrt:multibyte_initializer.obj
 0004:000009f0       $pdata$_msize_base         000000018001a9f0     libucrt:msize.obj
 0004:000009fc       $pdata$_realloc_base       000000018001a9fc     libucrt:realloc_base.obj
 0004:00000a08       $pdata$?GetTableIndexFromLocaleName@@YAHPEB_W@Z 000000018001aa08     libucrt:lcidtoname_downlevel.obj
 0004:00000a14       $pdata$__acrt_DownlevelLocaleNameToLCID 000000018001aa14     libucrt:lcidtoname_downlevel.obj
 0004:00000a20       $pdata$__acrt_lowio_create_handle_array 000000018001aa20     libucrt:osfinfo.obj
 0004:00000a2c       $pdata$__acrt_lowio_destroy_handle_array 000000018001aa2c     libucrt:osfinfo.obj
 0004:00000a38       $pdata$__acrt_lowio_ensure_fh_exists 000000018001aa38     libucrt:osfinfo.obj
 0004:00000a44       $pdata$_free_osfhnd        000000018001aa44     libucrt:osfinfo.obj
 0004:00000a50       $pdata$_get_osfhandle      000000018001aa50     libucrt:osfinfo.obj
 0004:00000a5c       $pdata$??$?RV<lambda_a37b2b86f63e897a80ea819b0eb08c01>@@AEAV<lambda_38ce7e780aa69e748d6df282ebc68efe>@@V<lambda_99fb1378e971ab6e7edea83e3a7a83a2>@@@?$__crt_seh_guarded_call@H@@QEAAH$$QEAV<lambda_a37b2b86f63e897a80ea819b0eb08c01>@@AEAV<lambda_38ce7e780aa69e748d6df282ebc68efe>@@$$QEAV<lambda_99fb1378e971ab6e7edea83e3a7a83a2>@@@Z 000000018001aa5c     libucrt:commit.obj
 0004:00000a68       $pdata$_commit             000000018001aa68     libucrt:commit.obj
 0004:00000a74       $pdata$?write_double_translated_ansi_nolock@@YA?AUwrite_result@?A0x17268360@@HQEBDI@Z 000000018001aa74     libucrt:write.obj
 0004:00000a80       $pdata$?write_text_ansi_nolock@@YA?AUwrite_result@?A0x17268360@@HQEBDI@Z 000000018001aa80     libucrt:write.obj
 0004:00000a8c       $pdata$?write_text_utf16le_nolock@@YA?AUwrite_result@?A0x17268360@@HQEBDI@Z 000000018001aa8c     libucrt:write.obj
 0004:00000a98       $pdata$?write_text_utf8_nolock@@YA?AUwrite_result@?A0x17268360@@HQEBDI@Z 000000018001aa98     libucrt:write.obj
 0004:00000aa4       $pdata$_write              000000018001aaa4     libucrt:write.obj
 0004:00000ab0       $pdata$_write_nolock       000000018001aab0     libucrt:write.obj
 0004:00000abc       $pdata$_fcloseall          000000018001aabc     libucrt:closeall.obj
 0004:00000ac8       $pdata$__acrt_stdio_free_buffer_nolock 000000018001aac8     libucrt:_freebuf.obj
 0004:00000ad4       $pdata$_isatty             000000018001aad4     libucrt:isatty.obj
 0004:00000ae0       $pdata$??$common_lseek_nolock@_J@@YA_JH_JH@Z 000000018001aae0     libucrt:lseek.obj
 0004:00000aec       $pdata$_putwch_nolock      000000018001aaec     libucrt:putwch.obj
 0004:00000af8       $pdata$_fclose_nolock      000000018001aaf8     libucrt:fclose.obj
 0004:00000b04       $pdata$fclose              000000018001ab04     libucrt:fclose.obj
 0004:00000b1c       $pdata$__dcrt_lowio_ensure_console_output_initialized 000000018001ab1c     libucrt:initcon.obj
 0004:00000b28       $pdata$__dcrt_terminate_console_output 000000018001ab28     libucrt:initcon.obj
 0004:00000b34       $pdata$__dcrt_write_console_w 000000018001ab34     libucrt:initcon.obj
 0004:00000b40       $pdata$??$?RV<lambda_751a882b2c74d4b022dec766aa51a29a>@@AEAV<lambda_628dfdc04ba53c8bfc02c9951375f3f5>@@V<lambda_f6c7be5f7998530c34de24c7437d6b54>@@@?$__crt_seh_guarded_call@H@@QEAAH$$QEAV<lambda_751a882b2c74d4b022dec766aa51a29a>@@AEAV<lambda_628dfdc04ba53c8bfc02c9951375f3f5>@@$$QEAV<lambda_f6c7be5f7998530c34de24c7437d6b54>@@@Z 000000018001ab40     libucrt:close.obj
 0004:00000b4c       $pdata$_close              000000018001ab4c     libucrt:close.obj
 0004:00000b58       $pdata$_close_nolock       000000018001ab58     libucrt:close.obj
 0004:00000b64       $pdata$_call_matherr       000000018001ab64     libucrt:libm_error.obj
 0004:00000b70       $pdata$_exception_enabled  000000018001ab70     libucrt:libm_error.obj
 0004:00000b7c       $pdata$_handle_error       000000018001ab7c     libucrt:libm_error.obj
 0004:00000b88       $pdata$__acrt_initialize_fma3 000000018001ab88     libucrt:fma3_available.obj
 0004:00000b94       $pdata$_log10_special      000000018001ab94     libucrt:log_special.obj
 0004:00000ba0       $pdata$_log_special_common 000000018001aba0     libucrt:log_special.obj
 0004:00000bb8       $pdata$_raise_exc          000000018001abb8     libucrt:fpexcept.obj
 0004:00000bc4       $pdata$_raise_exc_ex       000000018001abc4     libucrt:fpexcept.obj
 0004:00000bd0       $pdata$_set_errno_from_matherr 000000018001abd0     libucrt:fpexcept.obj
 0004:00000bdc       $pdata$_clrfp              000000018001abdc     libucrt:fpctrl.obj
 0004:00000be8       $pdata$_ctrlfp             000000018001abe8     libucrt:fpctrl.obj
 0004:00000bf4       $pdata$_set_statfp         000000018001abf4     libucrt:fpctrl.obj
 0004:00000c00       $pdata$_statfp             000000018001ac00     libucrt:fpctrl.obj
 0004:00000c0c       $pdata$?DloadAcquireSectionWriteAccess@@YAXXZ 000000018001ac0c     DelayImp:delayhlp.obj
 0004:00000c18       $pdata$?DloadGetSRWLockFunctionPointers@@YAEXZ 000000018001ac18     DelayImp:delayhlp.obj
 0004:00000c24       $pdata$?DloadMakePermanentImageCommit@@YAXPEAX_K@Z 000000018001ac24     DelayImp:delayhlp.obj
 0004:00000c30       $pdata$?DloadObtainSection@@YAPEAXPEAK0@Z 000000018001ac30     DelayImp:delayhlp.obj
 0004:00000c3c       $pdata$?DloadProtectSection@@YAXKPEAK@Z 000000018001ac3c     DelayImp:delayhlp.obj
 0004:00000c48       $pdata$?DloadReleaseSectionWriteAccess@@YAXXZ 000000018001ac48     DelayImp:delayhlp.obj
 0004:00000c54       $pdata$__delayLoadHelper2  000000018001ac54     DelayImp:delayhlp.obj
 0004:00000c60       $pdata$_IsNonwritableInCurrentImage 000000018001ac60     LIBCMT:pesect.obj
 0004:00000c6c       $pdata$__GSHandlerCheck    000000018001ac6c     LIBCMT:_gshandler_.obj
 0004:00000c78       $pdata$__GSHandlerCheckCommon 000000018001ac78     LIBCMT:_gshandler_.obj
 0004:00000ce4       $pdata$?fin$0@?0??dllmain_crt_process_attach@@YAHQEAUHINSTANCE__@@QEAX@Z@4HA 000000018001ace4     LIBCMT:dll_dllmain.obj
 0004:00000cf0       $pdata$?fin$0@?0??dllmain_crt_process_detach@@YAH_N@Z@4HA 000000018001acf0     LIBCMT:dll_dllmain.obj
 0004:00000cfc       $pdata$?filt$0@?0??dllmain_dispatch@@YAHQEAUHINSTANCE__@@KQEAX@Z@4HA 000000018001acfc     LIBCMT:dll_dllmain.obj
 0004:00000d08       $pdata$__scrt_is_nonwritable_in_current_image$filt$0 000000018001ad08     LIBCMT:utility.obj
 0004:00000d14       $pdata$?filt$0@?0???R<lambda_6e4b09c48022b2350581041d5f6b0c4c>@@QEBA@XZ@4HA 000000018001ad14     libucrt:exit.obj
 0004:00000d20       $pdata$?fin$0@?0???$?RV<lambda_d80eeec6fff315bfe5c115232f3240e3>@@AEAV<lambda_6e4b09c48022b2350581041d5f6b0c4c>@@V<lambda_2358e3775559c9db80273638284d5e45>@@@?$__crt_seh_guarded_call@X@@QEAAX$$QEAV<lambda_d80eeec6fff315bfe5c115232f3240e3>@@AEAV<lambda_6e4b09c48022b2350581041d5f6b0c4c>@@$$QEAV<lambda_2358e3775559c9db80273638284d5e45>@@@Z@4HA 000000018001ad20     libucrt:exit.obj
 0004:00000d20       $pdata$?fin$0@?0???$?RV<lambda_aa87e3671a710a21b5dc78c0bdf72e11>@@AEAV<lambda_92619d2358a28f41a33ba319515a20b9>@@V<lambda_6992ecaafeb10aed2b74cb1fae11a551>@@@?$__crt_seh_guarded_call@X@@QEAAX$$QEAV<lambda_aa87e3671a710a21b5dc78c0bdf72e11>@@AEAV<lambda_92619d2358a28f41a33ba319515a20b9>@@$$QEAV<lambda_6992ecaafeb10aed2b74cb1fae11a551>@@@Z@4HA 000000018001ad20     libucrt:per_thread_data.obj
 0004:00000d20       $pdata$?fin$0@?0???$?RV<lambda_f2e299630e499de9f9a165e60fcd3db5>@@AEAV<lambda_2ae9d31cdba2644fcbeaf08da7c24588>@@V<lambda_40d01ff24d0e7b3814fdbdcee8eab3c7>@@@?$__crt_seh_guarded_call@X@@QEAAX$$QEAV<lambda_f2e299630e499de9f9a165e60fcd3db5>@@AEAV<lambda_2ae9d31cdba2644fcbeaf08da7c24588>@@$$QEAV<lambda_40d01ff24d0e7b3814fdbdcee8eab3c7>@@@Z@4HA 000000018001ad20     libucrt:per_thread_data.obj
 0004:00000d20       $pdata$?fin$0@?0???$?RV<lambda_2d41944a1d46af3157314b8a01080d33>@@AEAV<lambda_8f455de75cd7d7f24b4096f044d8b9e6>@@V<lambda_aa500f224e6afead328df44964fe2772>@@@?$__crt_seh_guarded_call@X@@QEAAX$$QEAV<lambda_2d41944a1d46af3157314b8a01080d33>@@AEAV<lambda_8f455de75cd7d7f24b4096f044d8b9e6>@@$$QEAV<lambda_aa500f224e6afead328df44964fe2772>@@@Z@4HA 000000018001ad20     libucrt:per_thread_data.obj
 0004:00000d20       $pdata$?fin$0@?0???$?RV<lambda_450d765d439847d4c735a33c368b5fc0>@@AEAV<lambda_44731a7d0e6d81c3e6aa82d741081786>@@V<lambda_601a2a7da3b7a96e9554ac7215c4b07c>@@@?$__crt_seh_guarded_call@P6AXH@Z@@QEAAP6AXH@Z$$QEAV<lambda_450d765d439847d4c735a33c368b5fc0>@@AEAV<lambda_44731a7d0e6d81c3e6aa82d741081786>@@$$QEAV<lambda_601a2a7da3b7a96e9554ac7215c4b07c>@@@Z@4HA 000000018001ad20     libucrt:signal.obj
 0004:00000d20       $pdata$?fin$0@?0???$?RV<lambda_7777bce6b2f8c936911f934f8298dc43>@@AEAV<lambda_f03950bc5685219e0bcd2087efbe011e>@@V<lambda_3883c3dff614d5e0c5f61bb1ac94921c>@@@?$__crt_seh_guarded_call@H@@QEAAH$$QEAV<lambda_7777bce6b2f8c936911f934f8298dc43>@@AEAV<lambda_f03950bc5685219e0bcd2087efbe011e>@@$$QEAV<lambda_3883c3dff614d5e0c5f61bb1ac94921c>@@@Z@4HA 000000018001ad20     libucrt:onexit.obj
 0004:00000d20       $pdata$?fin$0@?0???$?RV<lambda_0ae27a3a962d80f24befdcbee591983d>@@AEAV<lambda_8d0ee55de4b1038c4002e0adecdf1839>@@V<lambda_dc504788e8f1664fe9b84e20bfb512f2>@@@?$__crt_seh_guarded_call@X@@QEAAX$$QEAV<lambda_0ae27a3a962d80f24befdcbee591983d>@@AEAV<lambda_8d0ee55de4b1038c4002e0adecdf1839>@@$$QEAV<lambda_dc504788e8f1664fe9b84e20bfb512f2>@@@Z@4HA 000000018001ad20     libucrt:per_thread_data.obj
 0004:00000d20       $pdata$?fin$0@?0???$?RV<lambda_efdfa57d1f175319df784efa44bb7b81>@@AEAV<lambda_5f0a4c1567f8adc6734073e5d1e1b35c>@@V<lambda_2e8a7d3640ea6ccb4c2413664c2db6fd>@@@?$__crt_seh_guarded_call@X@@QEAAX$$QEAV<lambda_efdfa57d1f175319df784efa44bb7b81>@@AEAV<lambda_5f0a4c1567f8adc6734073e5d1e1b35c>@@$$QEAV<lambda_2e8a7d3640ea6ccb4c2413664c2db6fd>@@@Z@4HA 000000018001ad20     libucrt:mbctype.obj
 0004:00000d2c       $pdata$?fin$0@?0???$?RV<lambda_410d79af7f07d98d83a3f525b3859a53>@@AEAV<lambda_3e16ef9562a7dcce91392c22ab16ea36>@@V<lambda_38119f0e861e05405d8a144b9b982f0a>@@@?$__crt_seh_guarded_call@X@@QEAAX$$QEAV<lambda_410d79af7f07d98d83a3f525b3859a53>@@AEAV<lambda_3e16ef9562a7dcce91392c22ab16ea36>@@$$QEAV<lambda_38119f0e861e05405d8a144b9b982f0a>@@@Z@4HA 000000018001ad2c     libucrt:wsetlocale.obj
 0004:00000d38       $pdata$?fin$0@?0??update_thread_multibyte_data_internal@@YAPEAU__crt_multibyte_data@@QEAU__acrt_ptd@@QEAPEAU1@@Z@4HA 000000018001ad38     libucrt:mbctype.obj
 0004:00000d44       $pdata$__acrt_initialize_lowio$fin$0 000000018001ad44     libucrt:ioinit.obj
 0004:00000d44       $pdata$__acrt_lowio_ensure_fh_exists$fin$0 000000018001ad44     libucrt:osfinfo.obj
 0004:00000d50       $pdata$_query_new_handler$fin$0 000000018001ad50     libucrt:new_handler.obj
 0004:00000d5c       $pdata$raise$fin$0         000000018001ad5c     libucrt:signal.obj
 0004:00000d68       $pdata$?fin$0@?0???$?RV<lambda_842d9ff0dc9ef11c61343bbaebe7f885>@@AEAV<lambda_c5860995281e5c4ce005b3de8f5874ee>@@V<lambda_d90129c13df834fdcbf8d2b88dafcf2d>@@@?$__crt_seh_guarded_call@X@@QEAAX$$QEAV<lambda_842d9ff0dc9ef11c61343bbaebe7f885>@@AEAV<lambda_c5860995281e5c4ce005b3de8f5874ee>@@$$QEAV<lambda_d90129c13df834fdcbf8d2b88dafcf2d>@@@Z@4HA 000000018001ad68     libucrt:fflush.obj
 0004:00000d74       $pdata$?fin$0@?0???$?RV<lambda_886d6c58226a84441f68b9f2b8217b83>@@AEAV<lambda_ab61a845afdef5b7c387490eaf3616ee>@@V<lambda_f7f22ab5edc0698d5f6905b0d3f44752>@@@?$__crt_seh_guarded_call@X@@QEAAX$$QEAV<lambda_886d6c58226a84441f68b9f2b8217b83>@@AEAV<lambda_ab61a845afdef5b7c387490eaf3616ee>@@$$QEAV<lambda_f7f22ab5edc0698d5f6905b0d3f44752>@@@Z@4HA 000000018001ad74     libucrt:fflush.obj
 0004:00000d80       $pdata$__acrt_update_thread_locale_data$fin$0 000000018001ad80     libucrt:locale_refcounting.obj
 0004:00000d8c       $pdata$_write$fin$0        000000018001ad8c     libucrt:write.obj
 0004:00000d98       $pdata$_fcloseall$fin$0    000000018001ad98     libucrt:closeall.obj
 0004:00000da4       $pdata$fclose$fin$0        000000018001ada4     libucrt:fclose.obj
 0004:00000db0       $pdata$?fin$0@?0???$?RV<lambda_a37b2b86f63e897a80ea819b0eb08c01>@@AEAV<lambda_38ce7e780aa69e748d6df282ebc68efe>@@V<lambda_99fb1378e971ab6e7edea83e3a7a83a2>@@@?$__crt_seh_guarded_call@H@@QEAAH$$QEAV<lambda_a37b2b86f63e897a80ea819b0eb08c01>@@AEAV<lambda_38ce7e780aa69e748d6df282ebc68efe>@@$$QEAV<lambda_99fb1378e971ab6e7edea83e3a7a83a2>@@@Z@4HA 000000018001adb0     libucrt:commit.obj
 0004:00000db0       $pdata$?fin$0@?0???$?RV<lambda_751a882b2c74d4b022dec766aa51a29a>@@AEAV<lambda_628dfdc04ba53c8bfc02c9951375f3f5>@@V<lambda_f6c7be5f7998530c34de24c7437d6b54>@@@?$__crt_seh_guarded_call@H@@QEAAH$$QEAV<lambda_751a882b2c74d4b022dec766aa51a29a>@@AEAV<lambda_628dfdc04ba53c8bfc02c9951375f3f5>@@$$QEAV<lambda_f6c7be5f7998530c34de24c7437d6b54>@@@Z@4HA 000000018001adb0     libucrt:close.obj
 0004:00000dbc       $pdata$_ctrlfp$filt$0      000000018001adbc     libucrt:fpctrl.obj
 0004:00000dc8       $pdata$_IsNonwritableInCurrentImage$filt$0 000000018001adc8     LIBCMT:pesect.obj
 0005:00000060       $R000000                   000000018001b060     * linker generated manifest res *

 Exports

  ordinal    name

        1    _register_NativeExtension_
